Archive member included to satisfy reference by file (symbol)

/opt/st/stm32cubeide_1.4.0/plugins/com.st.stm32cube.ide.mcu.externaltools.gnu-tools-for-stm32.7-2018-q2-update.linux64_1.4.0.202007081208/tools/bin/../lib/gcc/arm-none-eabi/7.3.1/../../../../arm-none-eabi/lib/thumb/v7e-m/fpv5/hard/libc_nano.a(lib_a-errno.o)
                              Core/Src/syscalls.o (__errno)
/opt/st/stm32cubeide_1.4.0/plugins/com.st.stm32cube.ide.mcu.externaltools.gnu-tools-for-stm32.7-2018-q2-update.linux64_1.4.0.202007081208/tools/bin/../lib/gcc/arm-none-eabi/7.3.1/../../../../arm-none-eabi/lib/thumb/v7e-m/fpv5/hard/libc_nano.a(lib_a-exit.o)
                              /opt/st/stm32cubeide_1.4.0/plugins/com.st.stm32cube.ide.mcu.externaltools.gnu-tools-for-stm32.7-2018-q2-update.linux64_1.4.0.202007081208/tools/bin/../lib/gcc/arm-none-eabi/7.3.1/../../../../arm-none-eabi/lib/thumb/v7e-m/fpv5/hard/crt0.o (exit)
/opt/st/stm32cubeide_1.4.0/plugins/com.st.stm32cube.ide.mcu.externaltools.gnu-tools-for-stm32.7-2018-q2-update.linux64_1.4.0.202007081208/tools/bin/../lib/gcc/arm-none-eabi/7.3.1/../../../../arm-none-eabi/lib/thumb/v7e-m/fpv5/hard/libc_nano.a(lib_a-impure.o)
                              /opt/st/stm32cubeide_1.4.0/plugins/com.st.stm32cube.ide.mcu.externaltools.gnu-tools-for-stm32.7-2018-q2-update.linux64_1.4.0.202007081208/tools/bin/../lib/gcc/arm-none-eabi/7.3.1/../../../../arm-none-eabi/lib/thumb/v7e-m/fpv5/hard/libc_nano.a(lib_a-exit.o) (_global_impure_ptr)
/opt/st/stm32cubeide_1.4.0/plugins/com.st.stm32cube.ide.mcu.externaltools.gnu-tools-for-stm32.7-2018-q2-update.linux64_1.4.0.202007081208/tools/bin/../lib/gcc/arm-none-eabi/7.3.1/../../../../arm-none-eabi/lib/thumb/v7e-m/fpv5/hard/libc_nano.a(lib_a-init.o)
                              /opt/st/stm32cubeide_1.4.0/plugins/com.st.stm32cube.ide.mcu.externaltools.gnu-tools-for-stm32.7-2018-q2-update.linux64_1.4.0.202007081208/tools/bin/../lib/gcc/arm-none-eabi/7.3.1/../../../../arm-none-eabi/lib/thumb/v7e-m/fpv5/hard/crt0.o (__libc_init_array)
/opt/st/stm32cubeide_1.4.0/plugins/com.st.stm32cube.ide.mcu.externaltools.gnu-tools-for-stm32.7-2018-q2-update.linux64_1.4.0.202007081208/tools/bin/../lib/gcc/arm-none-eabi/7.3.1/../../../../arm-none-eabi/lib/thumb/v7e-m/fpv5/hard/libc_nano.a(lib_a-malloc.o)
                              Middlewares/ST/STM32_USB_Device_Library/Class/MSC/Src/usbd_msc.o (malloc)
/opt/st/stm32cubeide_1.4.0/plugins/com.st.stm32cube.ide.mcu.externaltools.gnu-tools-for-stm32.7-2018-q2-update.linux64_1.4.0.202007081208/tools/bin/../lib/gcc/arm-none-eabi/7.3.1/../../../../arm-none-eabi/lib/thumb/v7e-m/fpv5/hard/libc_nano.a(lib_a-memset.o)
                              /opt/st/stm32cubeide_1.4.0/plugins/com.st.stm32cube.ide.mcu.externaltools.gnu-tools-for-stm32.7-2018-q2-update.linux64_1.4.0.202007081208/tools/bin/../lib/gcc/arm-none-eabi/7.3.1/../../../../arm-none-eabi/lib/thumb/v7e-m/fpv5/hard/crt0.o (memset)
/opt/st/stm32cubeide_1.4.0/plugins/com.st.stm32cube.ide.mcu.externaltools.gnu-tools-for-stm32.7-2018-q2-update.linux64_1.4.0.202007081208/tools/bin/../lib/gcc/arm-none-eabi/7.3.1/../../../../arm-none-eabi/lib/thumb/v7e-m/fpv5/hard/libc_nano.a(lib_a-nano-freer.o)
                              /opt/st/stm32cubeide_1.4.0/plugins/com.st.stm32cube.ide.mcu.externaltools.gnu-tools-for-stm32.7-2018-q2-update.linux64_1.4.0.202007081208/tools/bin/../lib/gcc/arm-none-eabi/7.3.1/../../../../arm-none-eabi/lib/thumb/v7e-m/fpv5/hard/libc_nano.a(lib_a-malloc.o) (_free_r)
/opt/st/stm32cubeide_1.4.0/plugins/com.st.stm32cube.ide.mcu.externaltools.gnu-tools-for-stm32.7-2018-q2-update.linux64_1.4.0.202007081208/tools/bin/../lib/gcc/arm-none-eabi/7.3.1/../../../../arm-none-eabi/lib/thumb/v7e-m/fpv5/hard/libc_nano.a(lib_a-nano-mallocr.o)
                              /opt/st/stm32cubeide_1.4.0/plugins/com.st.stm32cube.ide.mcu.externaltools.gnu-tools-for-stm32.7-2018-q2-update.linux64_1.4.0.202007081208/tools/bin/../lib/gcc/arm-none-eabi/7.3.1/../../../../arm-none-eabi/lib/thumb/v7e-m/fpv5/hard/libc_nano.a(lib_a-malloc.o) (_malloc_r)
/opt/st/stm32cubeide_1.4.0/plugins/com.st.stm32cube.ide.mcu.externaltools.gnu-tools-for-stm32.7-2018-q2-update.linux64_1.4.0.202007081208/tools/bin/../lib/gcc/arm-none-eabi/7.3.1/../../../../arm-none-eabi/lib/thumb/v7e-m/fpv5/hard/libc_nano.a(lib_a-sbrkr.o)
                              /opt/st/stm32cubeide_1.4.0/plugins/com.st.stm32cube.ide.mcu.externaltools.gnu-tools-for-stm32.7-2018-q2-update.linux64_1.4.0.202007081208/tools/bin/../lib/gcc/arm-none-eabi/7.3.1/../../../../arm-none-eabi/lib/thumb/v7e-m/fpv5/hard/libc_nano.a(lib_a-nano-mallocr.o) (_sbrk_r)
/opt/st/stm32cubeide_1.4.0/plugins/com.st.stm32cube.ide.mcu.externaltools.gnu-tools-for-stm32.7-2018-q2-update.linux64_1.4.0.202007081208/tools/bin/../lib/gcc/arm-none-eabi/7.3.1/../../../../arm-none-eabi/lib/thumb/v7e-m/fpv5/hard/libc_nano.a(lib_a-mlock.o)
[...]
Memory Configuration

Name             Origin             Length             Attributes
DTCMRAM          0x0000000020000000 0x0000000000020000 xrw
ITCMRAM          0x0000000000000000 0x0000000000010000 xrw
RAM_D1           0x0000000024000000 0x0000000000080000 xrw
RAM_D2           0x0000000030000000 0x0000000000048000 xrw
RAM_D3           0x0000000038000000 0x0000000000010000 xrw
FLASH            0x0000000008000000 0x0000000000200000 xr
*default*        0x0000000000000000 0xffffffffffffffff

Linker script and memory map

LOAD /opt/st/stm32cubeide_1.4.0/plugins/com.st.stm32cube.ide.mcu.externaltools.gnu-tools-for-stm32.7-2018-q2-update.linux64_1.4.0.202007081208/tools/bin/../lib/gcc/arm-none-eabi/7.3.1/thumb/v7e-m/fpv5/hard/crti.o
LOAD /opt/st/stm32cubeide_1.4.0/plugins/com.st.stm32cube.ide.mcu.externaltools.gnu-tools-for-stm32.7-2018-q2-update.linux64_1.4.0.202007081208/tools/bin/../lib/gcc/arm-none-eabi/7.3.1/thumb/v7e-m/fpv5/hard/crtbegin.o
LOAD /opt/st/stm32cubeide_1.4.0/plugins/com.st.stm32cube.ide.mcu.externaltools.gnu-tools-for-stm32.7-2018-q2-update.linux64_1.4.0.202007081208/tools/bin/../lib/gcc/arm-none-eabi/7.3.1/../../../../arm-none-eabi/lib/thumb/v7e-m/fpv5/hard/crt0.o
LOAD Core/Src/main.o
LOAD Core/Src/stm32h7xx_hal_msp.o
LOAD Core/Src/stm32h7xx_it.o
LOAD Core/Src/syscalls.o
LOAD Core/Src/sysmem.o
LOAD Core/Src/system_stm32h7xx.o
LOAD Core/Startup/startup_stm32h743zitx.o
LOAD Drivers/STM32H7xx_HAL_Driver/Src/stm32h7xx_hal.o
LOAD Drivers/STM32H7xx_HAL_Driver/Src/stm32h7xx_hal_cortex.o
LOAD Drivers/STM32H7xx_HAL_Driver/Src/stm32h7xx_hal_dma.o
LOAD Drivers/STM32H7xx_HAL_Driver/Src/stm32h7xx_hal_dma_ex.o
LOAD Drivers/STM32H7xx_HAL_Driver/Src/stm32h7xx_hal_exti.o
LOAD Drivers/STM32H7xx_HAL_Driver/Src/stm32h7xx_hal_flash.o
LOAD Drivers/STM32H7xx_HAL_Driver/Src/stm32h7xx_hal_flash_ex.o
LOAD Drivers/STM32H7xx_HAL_Driver/Src/stm32h7xx_hal_gpio.o
LOAD Drivers/STM32H7xx_HAL_Driver/Src/stm32h7xx_hal_hsem.o
LOAD Drivers/STM32H7xx_HAL_Driver/Src/stm32h7xx_hal_i2c.o
LOAD Drivers/STM32H7xx_HAL_Driver/Src/stm32h7xx_hal_i2c_ex.o
LOAD Drivers/STM32H7xx_HAL_Driver/Src/stm32h7xx_hal_mdma.o
LOAD Drivers/STM32H7xx_HAL_Driver/Src/stm32h7xx_hal_pcd.o
LOAD Drivers/STM32H7xx_HAL_Driver/Src/stm32h7xx_hal_pcd_ex.o
LOAD Drivers/STM32H7xx_HAL_Driver/Src/stm32h7xx_hal_pwr.o
LOAD Drivers/STM32H7xx_HAL_Driver/Src/stm32h7xx_hal_pwr_ex.o
LOAD Drivers/STM32H7xx_HAL_Driver/Src/stm32h7xx_hal_rcc.o
LOAD Drivers/STM32H7xx_HAL_Driver/Src/stm32h7xx_hal_rcc_ex.o
LOAD Drivers/STM32H7xx_HAL_Driver/Src/stm32h7xx_hal_sd.o
LOAD Drivers/STM32H7xx_HAL_Driver/Src/stm32h7xx_hal_sd_ex.o
LOAD Drivers/STM32H7xx_HAL_Driver/Src/stm32h7xx_hal_tim.o
LOAD Drivers/STM32H7xx_HAL_Driver/Src/stm32h7xx_hal_tim_ex.o
LOAD Drivers/STM32H7xx_HAL_Driver/Src/stm32h7xx_ll_delayblock.o
LOAD Drivers/STM32H7xx_HAL_Driver/Src/stm32h7xx_ll_sdmmc.o
LOAD Drivers/STM32H7xx_HAL_Driver/Src/stm32h7xx_ll_usb.o
LOAD FATFS/App/fatfs.o
LOAD FATFS/Target/bsp_driver_sd.o
LOAD FATFS/Target/sd_diskio.o
LOAD Middlewares/ST/STM32_USB_Device_Library/Class/MSC/Src/usbd_msc.o
LOAD Middlewares/ST/STM32_USB_Device_Library/Class/MSC/Src/usbd_msc_bot.o
LOAD Middlewares/ST/STM32_USB_Device_Library/Class/MSC/Src/usbd_msc_data.o
LOAD Middlewares/ST/STM32_USB_Device_Library/Class/MSC/Src/usbd_msc_scsi.o
LOAD Middlewares/ST/STM32_USB_Device_Library/Core/Src/usbd_core.o
LOAD Middlewares/ST/STM32_USB_Device_Library/Core/Src/usbd_ctlreq.o
LOAD Middlewares/ST/STM32_USB_Device_Library/Core/Src/usbd_ioreq.o
LOAD Middlewares/Third_Party/FatFs/src/diskio.o
LOAD Middlewares/Third_Party/FatFs/src/ff.o
LOAD Middlewares/Third_Party/FatFs/src/ff_gen_drv.o
LOAD Middlewares/Third_Party/FatFs/src/option/syscall.o
LOAD USB_DEVICE/App/usb_device.o
LOAD USB_DEVICE/App/usbd_desc.o
LOAD USB_DEVICE/App/usbd_storage_if.o
LOAD USB_DEVICE/Target/usbd_conf.o
START GROUP
LOAD /opt/st/stm32cubeide_1.4.0/plugins/com.st.stm32cube.ide.mcu.externaltools.gnu-tools-for-stm32.7-2018-q2-update.linux64_1.4.0.202007081208/tools/bin/../lib/gcc/arm-none-eabi/7.3.1/../../../../arm-none-eabi/lib/thumb/v7e-m/fpv5/hard/libstdc++_nano.a
LOAD /opt/st/stm32cubeide_1.4.0/plugins/com.st.stm32cube.ide.mcu.externaltools.gnu-tools-for-stm32.7-2018-q2-update.linux64_1.4.0.202007081208/tools/bin/../lib/gcc/arm-none-eabi/7.3.1/../../../../arm-none-eabi/lib/thumb/v7e-m/fpv5/hard/libsupc++_nano.a
END GROUP
LOAD /opt/st/stm32cubeide_1.4.0/plugins/com.st.stm32cube.ide.mcu.externaltools.gnu-tools-for-stm32.7-2018-q2-update.linux64_1.4.0.202007081208/tools/bin/../lib/gcc/arm-none-eabi/7.3.1/../../../../arm-none-eabi/lib/thumb/v7e-m/fpv5/hard/libstdc++_nano.a
LOAD /opt/st/stm32cubeide_1.4.0/plugins/com.st.stm32cube.ide.mcu.externaltools.gnu-tools-for-stm32.7-2018-q2-update.linux64_1.4.0.202007081208/tools/bin/../lib/gcc/arm-none-eabi/7.3.1/../../../../arm-none-eabi/lib/thumb/v7e-m/fpv5/hard/libm.a
LOAD /opt/st/stm32cubeide_1.4.0/plugins/com.st.stm32cube.ide.mcu.externaltools.gnu-tools-for-stm32.7-2018-q2-update.linux64_1.4.0.202007081208/tools/bin/../lib/gcc/arm-none-eabi/7.3.1/../../../../arm-none-eabi/lib/thumb/v7e-m/fpv5/hard/libc_nano.a
START GROUP
LOAD /opt/st/stm32cubeide_1.4.0/plugins/com.st.stm32cube.ide.mcu.externaltools.gnu-tools-for-stm32.7-2018-q2-update.linux64_1.4.0.202007081208/tools/bin/../lib/gcc/arm-none-eabi/7.3.1/thumb/v7e-m/fpv5/hard/libgcc.a
LOAD /opt/st/stm32cubeide_1.4.0/plugins/com.st.stm32cube.ide.mcu.externaltools.gnu-tools-for-stm32.7-2018-q2-update.linux64_1.4.0.202007081208/tools/bin/../lib/gcc/arm-none-eabi/7.3.1/../../../../arm-none-eabi/lib/thumb/v7e-m/fpv5/hard/libc_nano.a
END GROUP
START GROUP
LOAD /opt/st/stm32cubeide_1.4.0/plugins/com.st.stm32cube.ide.mcu.externaltools.gnu-tools-for-stm32.7-2018-q2-update.linux64_1.4.0.202007081208/tools/bin/../lib/gcc/arm-none-eabi/7.3.1/thumb/v7e-m/fpv5/hard/libgcc.a
LOAD /opt/st/stm32cubeide_1.4.0/plugins/com.st.stm32cube.ide.mcu.externaltools.gnu-tools-for-stm32.7-2018-q2-update.linux64_1.4.0.202007081208/tools/bin/../lib/gcc/arm-none-eabi/7.3.1/../../../../arm-none-eabi/lib/thumb/v7e-m/fpv5/hard/libc_nano.a
LOAD /opt/st/stm32cubeide_1.4.0/plugins/com.st.stm32cube.ide.mcu.externaltools.gnu-tools-for-stm32.7-2018-q2-update.linux64_1.4.0.202007081208/tools/bin/../lib/gcc/arm-none-eabi/7.3.1/../../../../arm-none-eabi/lib/thumb/v7e-m/fpv5/hard/libnosys.a
END GROUP
START GROUP
LOAD /opt/st/stm32cubeide_1.4.0/plugins/com.st.stm32cube.ide.mcu.externaltools.gnu-tools-for-stm32.7-2018-q2-update.linux64_1.4.0.202007081208/tools/bin/../lib/gcc/arm-none-eabi/7.3.1/thumb/v7e-m/fpv5/hard/libgcc.a
LOAD /opt/st/stm32cubeide_1.4.0/plugins/com.st.stm32cube.ide.mcu.externaltools.gnu-tools-for-stm32.7-2018-q2-update.linux64_1.4.0.202007081208/tools/bin/../lib/gcc/arm-none-eabi/7.3.1/../../../../arm-none-eabi/lib/thumb/v7e-m/fpv5/hard/libc_nano.a
LOAD /opt/st/stm32cubeide_1.4.0/plugins/com.st.stm32cube.ide.mcu.externaltools.gnu-tools-for-stm32.7-2018-q2-update.linux64_1.4.0.202007081208/tools/bin/../lib/gcc/arm-none-eabi/7.3.1/../../../../arm-none-eabi/lib/thumb/v7e-m/fpv5/hard/libnosys.a
END GROUP
LOAD /opt/st/stm32cubeide_1.4.0/plugins/com.st.stm32cube.ide.mcu.externaltools.gnu-tools-for-stm32.7-2018-q2-update.linux64_1.4.0.202007081208/tools/bin/../lib/gcc/arm-none-eabi/7.3.1/thumb/v7e-m/fpv5/hard/crtend.o
LOAD /opt/st/stm32cubeide_1.4.0/plugins/com.st.stm32cube.ide.mcu.externaltools.gnu-tools-for-stm32.7-2018-q2-update.linux64_1.4.0.202007081208/tools/bin/../lib/gcc/arm-none-eabi/7.3.1/thumb/v7e-m/fpv5/hard/crtn.o
                0x0000000024080000                _estack = (ORIGIN (RAM_D1) + LENGTH (RAM_D1))
                0x0000000000000200                _Min_Heap_Size = 0x200
                0x0000000000000400                _Min_Stack_Size = 0x400

.isr_vector     0x0000000008000000      0x298
                0x0000000008000000                . = ALIGN (0x4)
 *(.isr_vector)
 .isr_vector    0x0000000008000000      0x298 Core/Startup/startup_stm32h743zitx.o
                0x0000000008000000                g_pfnVectors
                0x0000000008000298                . = ALIGN (0x4)

.text           0x0000000008000298     0xe864
                0x0000000008000298                . = ALIGN (0x4)
 *(.text)
 .text          0x0000000008000298       0x40 /opt/st/stm32cubeide_1.4.0/plugins/com.st.stm32cube.ide.mcu.externaltools.gnu-tools-for-stm32.7-2018-q2-update.linux64_1.4.0.202007081208/tools/bin/../lib/gcc/arm-none-eabi/7.3.1/thumb/v7e-m/fpv5/hard/crtbegin.o
 *(.text*)
 .text.main     0x00000000080002d8       0xb0 Core/Src/main.o
                0x00000000080002d8                main
 .text.SystemClock_Config
                0x0000000008000388      0x188 Core/Src/main.o
                0x0000000008000388                SystemClock_Config
 .text.MX_SDMMC1_SD_Init
                0x0000000008000510       0x44 Core/Src/main.o
 .text.MX_GPIO_Init
                0x0000000008000554      0x120 Core/Src/main.o
 .text.Error_Handler
                0x0000000008000674        0xe Core/Src/main.o
                0x0000000008000674                Error_Handler
 *fill*         0x0000000008000682        0x2 
 .text.HAL_MspInit
                0x0000000008000684       0x34 Core/Src/stm32h7xx_hal_msp.o
                0x0000000008000684                HAL_MspInit
 .text.HAL_SD_MspInit
                0x00000000080006b8       0xd8 Core/Src/stm32h7xx_hal_msp.o
                0x00000000080006b8                HAL_SD_MspInit
 .text.NMI_Handler
                0x0000000008000790        0xe Core/Src/stm32h7xx_it.o
                0x0000000008000790                NMI_Handler
 .text.HardFault_Handler
                0x000000000800079e        0x6 Core/Src/stm32h7xx_it.o
                0x000000000800079e                HardFault_Handler
 .text.MemManage_Handler
                0x00000000080007a4        0x6 Core/Src/stm32h7xx_it.o
                0x00000000080007a4                MemManage_Handler
 .text.BusFault_Handler
                0x00000000080007aa        0x6 Core/Src/stm32h7xx_it.o
                0x00000000080007aa                BusFault_Handler
 .text.UsageFault_Handler
                0x00000000080007b0        0x6 Core/Src/stm32h7xx_it.o
                0x00000000080007b0                UsageFault_Handler
 .text.SVC_Handler
                0x00000000080007b6        0xe Core/Src/stm32h7xx_it.o
                0x00000000080007b6                SVC_Handler
 .text.DebugMon_Handler
                0x00000000080007c4        0xe Core/Src/stm32h7xx_it.o
                0x00000000080007c4                DebugMon_Handler
 .text.PendSV_Handler
                0x00000000080007d2        0xe Core/Src/stm32h7xx_it.o
                0x00000000080007d2                PendSV_Handler
 .text.SysTick_Handler
                0x00000000080007e0        0xc Core/Src/stm32h7xx_it.o
                0x00000000080007e0                SysTick_Handler
 .text.OTG_FS_IRQHandler
                0x00000000080007ec       0x14 Core/Src/stm32h7xx_it.o
                0x00000000080007ec                OTG_FS_IRQHandler
 .text._sbrk    0x0000000008000800       0x6c Core/Src/sysmem.o
                0x0000000008000800                _sbrk
 .text.SystemInit
                0x000000000800086c      0x118 Core/Src/system_stm32h7xx.o
                0x000000000800086c                SystemInit
 .text.Reset_Handler
                0x0000000008000984       0x50 Core/Startup/startup_stm32h743zitx.o
                0x0000000008000984                Reset_Handler
 .text.Default_Handler
                0x00000000080009d4        0x2 Core/Startup/startup_stm32h743zitx.o
                0x00000000080009d4                RTC_Alarm_IRQHandler
                0x00000000080009d4                EXTI2_IRQHandler
                0x00000000080009d4                TIM8_CC_IRQHandler
                0x00000000080009d4                HRTIM1_Master_IRQHandler
                0x00000000080009d4                UART8_IRQHandler
                0x00000000080009d4                SPI4_IRQHandler
                0x00000000080009d4                TIM1_CC_IRQHandler
                0x00000000080009d4                BDMA_Channel6_IRQHandler
                0x00000000080009d4                DMA2_Stream5_IRQHandler
                0x00000000080009d4                HRTIM1_FLT_IRQHandler
                0x00000000080009d4                JPEG_IRQHandler
                0x00000000080009d4                DMA1_Stream5_IRQHandler
                0x00000000080009d4                BDMA_Channel1_IRQHandler
                0x00000000080009d4                HRTIM1_TIMD_IRQHandler
                0x00000000080009d4                TAMP_STAMP_IRQHandler
                0x00000000080009d4                EXTI3_IRQHandler
                0x00000000080009d4                LPTIM4_IRQHandler
                0x00000000080009d4                TIM8_TRG_COM_TIM14_IRQHandler
                0x00000000080009d4                LPTIM2_IRQHandler
                0x00000000080009d4                DFSDM1_FLT1_IRQHandler
                0x00000000080009d4                DMAMUX2_OVR_IRQHandler
                0x00000000080009d4                TIM8_UP_TIM13_IRQHandler
                0x00000000080009d4                I2C3_ER_IRQHandler
                0x00000000080009d4                DFSDM1_FLT2_IRQHandler
                0x00000000080009d4                MDMA_IRQHandler
                0x00000000080009d4                LPTIM3_IRQHandler
                0x00000000080009d4                HSEM1_IRQHandler
                0x00000000080009d4                EXTI0_IRQHandler
                0x00000000080009d4                I2C2_EV_IRQHandler
                0x00000000080009d4                DMA1_Stream2_IRQHandler
                0x00000000080009d4                FPU_IRQHandler
                0x00000000080009d4                OTG_HS_WKUP_IRQHandler
                0x00000000080009d4                FDCAN1_IT1_IRQHandler
                0x00000000080009d4                LTDC_ER_IRQHandler
                0x00000000080009d4                DMA2_Stream2_IRQHandler
                0x00000000080009d4                HRTIM1_TIME_IRQHandler
                0x00000000080009d4                SPI1_IRQHandler
                0x00000000080009d4                TIM6_DAC_IRQHandler
                0x00000000080009d4                DCMI_IRQHandler
                0x00000000080009d4                HRTIM1_TIMC_IRQHandler
                0x00000000080009d4                DMA2_Stream3_IRQHandler
                0x00000000080009d4                SAI2_IRQHandler
                0x00000000080009d4                DFSDM1_FLT3_IRQHandler
                0x00000000080009d4                USART6_IRQHandler
                0x00000000080009d4                TIM17_IRQHandler
                0x00000000080009d4                USART3_IRQHandler
                0x00000000080009d4                BDMA_Channel7_IRQHandler
                0x00000000080009d4                LPTIM5_IRQHandler
                0x00000000080009d4                UART5_IRQHandler
                0x00000000080009d4                ADC3_IRQHandler
                0x00000000080009d4                DMA2_Stream0_IRQHandler
                0x00000000080009d4                TIM4_IRQHandler
                0x00000000080009d4                BDMA_Channel2_IRQHandler
                0x00000000080009d4                QUADSPI_IRQHandler
                0x00000000080009d4                I2C1_EV_IRQHandler
                0x00000000080009d4                DMA1_Stream6_IRQHandler
                0x00000000080009d4                DMAMUX1_OVR_IRQHandler
                0x00000000080009d4                DMA1_Stream1_IRQHandler
                0x00000000080009d4                TIM16_IRQHandler
                0x00000000080009d4                UART4_IRQHandler
                0x00000000080009d4                BDMA_Channel5_IRQHandler
                0x00000000080009d4                TIM3_IRQHandler
                0x00000000080009d4                RCC_IRQHandler
                0x00000000080009d4                TIM8_BRK_TIM12_IRQHandler
                0x00000000080009d4                TIM1_TRG_COM_IRQHandler
                0x00000000080009d4                Default_Handler
                0x00000000080009d4                ECC_IRQHandler
                0x00000000080009d4                CEC_IRQHandler
                0x00000000080009d4                EXTI15_10_IRQHandler
                0x00000000080009d4                BDMA_Channel0_IRQHandler
                0x00000000080009d4                ADC_IRQHandler
                0x00000000080009d4                DMA1_Stream7_IRQHandler
                0x00000000080009d4                HRTIM1_TIMA_IRQHandler
                0x00000000080009d4                SPI5_IRQHandler
                0x00000000080009d4                TIM7_IRQHandler
                0x00000000080009d4                SDMMC1_IRQHandler
                0x00000000080009d4                TIM5_IRQHandler
                0x00000000080009d4                DMA2_Stream7_IRQHandler
                0x00000000080009d4                TIM15_IRQHandler
                0x00000000080009d4                PVD_AVD_IRQHandler
                0x00000000080009d4                I2C3_EV_IRQHandler
                0x00000000080009d4                EXTI9_5_IRQHandler
                0x00000000080009d4                RTC_WKUP_IRQHandler
                0x00000000080009d4                LTDC_IRQHandler
                0x00000000080009d4                SAI3_IRQHandler
                0x00000000080009d4                ETH_WKUP_IRQHandler
                0x00000000080009d4                SPDIF_RX_IRQHandler
                0x00000000080009d4                SPI2_IRQHandler
                0x00000000080009d4                OTG_HS_EP1_IN_IRQHandler
                0x00000000080009d4                DMA1_Stream0_IRQHandler
                0x00000000080009d4                CRS_IRQHandler
                0x00000000080009d4                EXTI4_IRQHandler
                0x00000000080009d4                RNG_IRQHandler
                0x00000000080009d4                HRTIM1_TIMB_IRQHandler
                0x00000000080009d4                FDCAN2_IT1_IRQHandler
                0x00000000080009d4                ETH_IRQHandler
                0x00000000080009d4                TIM1_UP_IRQHandler
                0x00000000080009d4                BDMA_Channel4_IRQHandler
                0x00000000080009d4                OTG_HS_EP1_OUT_IRQHandler
                0x00000000080009d4                WWDG_IRQHandler
                0x00000000080009d4                SPI6_IRQHandler
                0x00000000080009d4                MDIOS_IRQHandler
                0x00000000080009d4                I2C4_EV_IRQHandler
                0x00000000080009d4                FDCAN2_IT0_IRQHandler
                0x00000000080009d4                LPUART1_IRQHandler
                0x00000000080009d4                FDCAN1_IT0_IRQHandler
                0x00000000080009d4                TIM2_IRQHandler
                0x00000000080009d4                OTG_FS_WKUP_IRQHandler
                0x00000000080009d4                OTG_HS_IRQHandler
                0x00000000080009d4                DMA2D_IRQHandler
                0x00000000080009d4                TIM1_BRK_IRQHandler
                0x00000000080009d4                EXTI1_IRQHandler
                0x00000000080009d4                SDMMC2_IRQHandler
                0x00000000080009d4                OTG_FS_EP1_OUT_IRQHandler
                0x00000000080009d4                BDMA_Channel3_IRQHandler
                0x00000000080009d4                UART7_IRQHandler
                0x00000000080009d4                MDIOS_WKUP_IRQHandler
                0x00000000080009d4                USART2_IRQHandler
                0x00000000080009d4                DFSDM1_FLT0_IRQHandler
                0x00000000080009d4                SAI4_IRQHandler
                0x00000000080009d4                I2C2_ER_IRQHandler
                0x00000000080009d4                DMA2_Stream1_IRQHandler
                0x00000000080009d4                FLASH_IRQHandler
                0x00000000080009d4                DMA2_Stream4_IRQHandler
                0x00000000080009d4                USART1_IRQHandler
                0x00000000080009d4                SPI3_IRQHandler
                0x00000000080009d4                WAKEUP_PIN_IRQHandler
                0x00000000080009d4                DMA1_Stream4_IRQHandler
                0x00000000080009d4                OTG_FS_EP1_IN_IRQHandler
                0x00000000080009d4                I2C1_ER_IRQHandler
                0x00000000080009d4                FMC_IRQHandler
                0x00000000080009d4                FDCAN_CAL_IRQHandler
                0x00000000080009d4                SWPMI1_IRQHandler
                0x00000000080009d4                COMP1_IRQHandler
                0x00000000080009d4                LPTIM1_IRQHandler
                0x00000000080009d4                I2C4_ER_IRQHandler
                0x00000000080009d4                DMA2_Stream6_IRQHandler
                0x00000000080009d4                SAI1_IRQHandler
                0x00000000080009d4                DMA1_Stream3_IRQHandler
 *fill*         0x00000000080009d6        0x2 
 .text.HAL_Init
                0x00000000080009d8       0x78 Drivers/STM32H7xx_HAL_Driver/Src/stm32h7xx_hal.o
                0x00000000080009d8                HAL_Init
 .text.HAL_InitTick
                0x0000000008000a50       0x6c Drivers/STM32H7xx_HAL_Driver/Src/stm32h7xx_hal.o
                0x0000000008000a50                HAL_InitTick
 .text.HAL_IncTick
                0x0000000008000abc       0x28 Drivers/STM32H7xx_HAL_Driver/Src/stm32h7xx_hal.o
                0x0000000008000abc                HAL_IncTick
 .text.HAL_GetTick
                0x0000000008000ae4       0x18 Drivers/STM32H7xx_HAL_Driver/Src/stm32h7xx_hal.o
                0x0000000008000ae4                HAL_GetTick
 .text.HAL_Delay
                0x0000000008000afc       0x44 Drivers/STM32H7xx_HAL_Driver/Src/stm32h7xx_hal.o
                0x0000000008000afc                HAL_Delay
 .text.HAL_GetREVID
                0x0000000008000b40       0x18 Drivers/STM32H7xx_HAL_Driver/Src/stm32h7xx_hal.o
                0x0000000008000b40                HAL_GetREVID
 .text.__NVIC_SetPriorityGrouping
                0x0000000008000b58       0x48 Drivers/STM32H7xx_HAL_Driver/Src/stm32h7xx_hal_cortex.o
 .text.__NVIC_GetPriorityGrouping
                0x0000000008000ba0       0x1c Drivers/STM32H7xx_HAL_Driver/Src/stm32h7xx_hal_cortex.o
 .text.__NVIC_EnableIRQ
                0x0000000008000bbc       0x3c Drivers/STM32H7xx_HAL_Driver/Src/stm32h7xx_hal_cortex.o
 .text.__NVIC_SetPriority
                0x0000000008000bf8       0x54 Drivers/STM32H7xx_HAL_Driver/Src/stm32h7xx_hal_cortex.o
 .text.NVIC_EncodePriority
                0x0000000008000c4c       0x66 Drivers/STM32H7xx_HAL_Driver/Src/stm32h7xx_hal_cortex.o
 *fill*         0x0000000008000cb2        0x2 
 .text.SysTick_Config
                0x0000000008000cb4       0x44 Drivers/STM32H7xx_HAL_Driver/Src/stm32h7xx_hal_cortex.o
 .text.HAL_NVIC_SetPriorityGrouping
                0x0000000008000cf8       0x16 Drivers/STM32H7xx_HAL_Driver/Src/stm32h7xx_hal_cortex.o
                0x0000000008000cf8                HAL_NVIC_SetPriorityGrouping
 .text.HAL_NVIC_SetPriority
                0x0000000008000d0e       0x34 Drivers/STM32H7xx_HAL_Driver/Src/stm32h7xx_hal_cortex.o
                0x0000000008000d0e                HAL_NVIC_SetPriority
 .text.HAL_NVIC_EnableIRQ
                0x0000000008000d42       0x1c Drivers/STM32H7xx_HAL_Driver/Src/stm32h7xx_hal_cortex.o
                0x0000000008000d42                HAL_NVIC_EnableIRQ
 .text.HAL_SYSTICK_Config
                0x0000000008000d5e       0x18 Drivers/STM32H7xx_HAL_Driver/Src/stm32h7xx_hal_cortex.o
                0x0000000008000d5e                HAL_SYSTICK_Config
 *fill*         0x0000000008000d76        0x2 
 .text.HAL_GPIO_Init
                0x0000000008000d78      0x360 Drivers/STM32H7xx_HAL_Driver/Src/stm32h7xx_hal_gpio.o
                0x0000000008000d78                HAL_GPIO_Init
 .text.HAL_GPIO_WritePin
                0x00000000080010d8       0x32 Drivers/STM32H7xx_HAL_Driver/Src/stm32h7xx_hal_gpio.o
                0x00000000080010d8                HAL_GPIO_WritePin
 .text.HAL_GPIO_TogglePin
                0x000000000800110a       0x36 Drivers/STM32H7xx_HAL_Driver/Src/stm32h7xx_hal_gpio.o
                0x000000000800110a                HAL_GPIO_TogglePin
 .text.HAL_PCD_Init
                0x0000000008001140      0x248 Drivers/STM32H7xx_HAL_Driver/Src/stm32h7xx_hal_pcd.o
                0x0000000008001140                HAL_PCD_Init
 .text.HAL_PCD_Start
                0x0000000008001388       0x66 Drivers/STM32H7xx_HAL_Driver/Src/stm32h7xx_hal_pcd.o
                0x0000000008001388                HAL_PCD_Start
 .text.HAL_PCD_IRQHandler
                0x00000000080013ee      0x7be Drivers/STM32H7xx_HAL_Driver/Src/stm32h7xx_hal_pcd.o
                0x00000000080013ee                HAL_PCD_IRQHandler
 .text.HAL_PCD_SetAddress
                0x0000000008001bac       0x4a Drivers/STM32H7xx_HAL_Driver/Src/stm32h7xx_hal_pcd.o
                0x0000000008001bac                HAL_PCD_SetAddress
 .text.HAL_PCD_EP_Open
                0x0000000008001bf6       0xd0 Drivers/STM32H7xx_HAL_Driver/Src/stm32h7xx_hal_pcd.o
                0x0000000008001bf6                HAL_PCD_EP_Open
 .text.HAL_PCD_EP_Close
                0x0000000008001cc6       0x94 Drivers/STM32H7xx_HAL_Driver/Src/stm32h7xx_hal_pcd.o
                0x0000000008001cc6                HAL_PCD_EP_Close
 .text.HAL_PCD_EP_Receive
                0x0000000008001d5a       0x96 Drivers/STM32H7xx_HAL_Driver/Src/stm32h7xx_hal_pcd.o
                0x0000000008001d5a                HAL_PCD_EP_Receive
 .text.HAL_PCD_EP_GetRxCount
                0x0000000008001df0       0x30 Drivers/STM32H7xx_HAL_Driver/Src/stm32h7xx_hal_pcd.o
                0x0000000008001df0                HAL_PCD_EP_GetRxCount
 .text.HAL_PCD_EP_Transmit
                0x0000000008001e20       0x94 Drivers/STM32H7xx_HAL_Driver/Src/stm32h7xx_hal_pcd.o
                0x0000000008001e20                HAL_PCD_EP_Transmit
 .text.HAL_PCD_EP_SetStall
                0x0000000008001eb4       0xc8 Drivers/STM32H7xx_HAL_Driver/Src/stm32h7xx_hal_pcd.o
                0x0000000008001eb4                HAL_PCD_EP_SetStall
 .text.HAL_PCD_EP_ClrStall
                0x0000000008001f7c       0xac Drivers/STM32H7xx_HAL_Driver/Src/stm32h7xx_hal_pcd.o
                0x0000000008001f7c                HAL_PCD_EP_ClrStall
 .text.HAL_PCD_EP_Flush
                0x0000000008002028       0x5a Drivers/STM32H7xx_HAL_Driver/Src/stm32h7xx_hal_pcd.o
                0x0000000008002028                HAL_PCD_EP_Flush
 .text.PCD_WriteEmptyTxFifo
                0x0000000008002082      0x11a Drivers/STM32H7xx_HAL_Driver/Src/stm32h7xx_hal_pcd.o
 .text.PCD_EP_OutXfrComplete_int
                0x000000000800219c      0x218 Drivers/STM32H7xx_HAL_Driver/Src/stm32h7xx_hal_pcd.o
 .text.PCD_EP_OutSetupPacket_int
                0x00000000080023b4       0x8c Drivers/STM32H7xx_HAL_Driver/Src/stm32h7xx_hal_pcd.o
 .text.HAL_PCDEx_SetTxFiFo
                0x0000000008002440       0x8e Drivers/STM32H7xx_HAL_Driver/Src/stm32h7xx_hal_pcd_ex.o
                0x0000000008002440                HAL_PCDEx_SetTxFiFo
 .text.HAL_PCDEx_SetRxFiFo
                0x00000000080024ce       0x22 Drivers/STM32H7xx_HAL_Driver/Src/stm32h7xx_hal_pcd_ex.o
                0x00000000080024ce                HAL_PCDEx_SetRxFiFo
 .text.HAL_PCDEx_ActivateLPM
                0x00000000080024f0       0x48 Drivers/STM32H7xx_HAL_Driver/Src/stm32h7xx_hal_pcd_ex.o
                0x00000000080024f0                HAL_PCDEx_ActivateLPM
 .text.HAL_PCDEx_LPM_Callback
                0x0000000008002538       0x18 Drivers/STM32H7xx_HAL_Driver/Src/stm32h7xx_hal_pcd_ex.o
                0x0000000008002538                HAL_PCDEx_LPM_Callback
 .text.HAL_PWREx_ConfigSupply
                0x0000000008002550       0x74 Drivers/STM32H7xx_HAL_Driver/Src/stm32h7xx_hal_pwr_ex.o
                0x0000000008002550                HAL_PWREx_ConfigSupply
 .text.HAL_PWREx_EnableUSBVoltageDetector
                0x00000000080025c4       0x20 Drivers/STM32H7xx_HAL_Driver/Src/stm32h7xx_hal_pwr_ex.o
                0x00000000080025c4                HAL_PWREx_EnableUSBVoltageDetector
 .text.HAL_RCC_OscConfig
                0x00000000080025e4      0x820 Drivers/STM32H7xx_HAL_Driver/Src/stm32h7xx_hal_rcc.o
                0x00000000080025e4                HAL_RCC_OscConfig
 .text.HAL_RCC_ClockConfig
                0x0000000008002e04      0x36c Drivers/STM32H7xx_HAL_Driver/Src/stm32h7xx_hal_rcc.o
                0x0000000008002e04                HAL_RCC_ClockConfig
 .text.HAL_RCC_GetSysClockFreq
                0x0000000008003170      0x2e4 Drivers/STM32H7xx_HAL_Driver/Src/stm32h7xx_hal_rcc.o
                0x0000000008003170                HAL_RCC_GetSysClockFreq
 .text.HAL_RCC_GetHCLKFreq
                0x0000000008003454       0x60 Drivers/STM32H7xx_HAL_Driver/Src/stm32h7xx_hal_rcc.o
                0x0000000008003454                HAL_RCC_GetHCLKFreq
 .text.HAL_RCCEx_PeriphCLKConfig
                0x00000000080034b4      0xddc Drivers/STM32H7xx_HAL_Driver/Src/stm32h7xx_hal_rcc_ex.o
                0x00000000080034b4                HAL_RCCEx_PeriphCLKConfig
 .text.HAL_RCCEx_GetPeriphCLKFreq
                0x0000000008004290      0x4f0 Drivers/STM32H7xx_HAL_Driver/Src/stm32h7xx_hal_rcc_ex.o
                0x0000000008004290                HAL_RCCEx_GetPeriphCLKFreq
 .text.HAL_RCCEx_GetD3PCLK1Freq
                0x0000000008004780       0x2c Drivers/STM32H7xx_HAL_Driver/Src/stm32h7xx_hal_rcc_ex.o
                0x0000000008004780                HAL_RCCEx_GetD3PCLK1Freq
 .text.HAL_RCCEx_GetPLL2ClockFreq
                0x00000000080047ac      0x298 Drivers/STM32H7xx_HAL_Driver/Src/stm32h7xx_hal_rcc_ex.o
                0x00000000080047ac                HAL_RCCEx_GetPLL2ClockFreq
 .text.HAL_RCCEx_GetPLL3ClockFreq
                0x0000000008004a44      0x298 Drivers/STM32H7xx_HAL_Driver/Src/stm32h7xx_hal_rcc_ex.o
                0x0000000008004a44                HAL_RCCEx_GetPLL3ClockFreq
 .text.HAL_RCCEx_GetPLL1ClockFreq
                0x0000000008004cdc      0x298 Drivers/STM32H7xx_HAL_Driver/Src/stm32h7xx_hal_rcc_ex.o
                0x0000000008004cdc                HAL_RCCEx_GetPLL1ClockFreq
 .text.RCCEx_PLL2_Config
                0x0000000008004f74      0x164 Drivers/STM32H7xx_HAL_Driver/Src/stm32h7xx_hal_rcc_ex.o
 .text.RCCEx_PLL3_Config
                0x00000000080050d8      0x164 Drivers/STM32H7xx_HAL_Driver/Src/stm32h7xx_hal_rcc_ex.o
 .text.HAL_SD_Init
                0x000000000800523c      0x114 Drivers/STM32H7xx_HAL_Driver/Src/stm32h7xx_hal_sd.o
                0x000000000800523c                HAL_SD_Init
 .text.HAL_SD_InitCard
                0x0000000008005350      0x134 Drivers/STM32H7xx_HAL_Driver/Src/stm32h7xx_hal_sd.o
                0x0000000008005350                HAL_SD_InitCard
 .text.HAL_SD_ReadBlocks
                0x0000000008005484      0x314 Drivers/STM32H7xx_HAL_Driver/Src/stm32h7xx_hal_sd.o
                0x0000000008005484                HAL_SD_ReadBlocks
 .text.HAL_SD_WriteBlocks
                0x0000000008005798      0x31c Drivers/STM32H7xx_HAL_Driver/Src/stm32h7xx_hal_sd.o
                0x0000000008005798                HAL_SD_WriteBlocks
 .text.HAL_SD_DriveTransceiver_1_8V_Callback
                0x0000000008005ab4       0x16 Drivers/STM32H7xx_HAL_Driver/Src/stm32h7xx_hal_sd.o
                0x0000000008005ab4                HAL_SD_DriveTransceiver_1_8V_Callback
 *fill*         0x0000000008005aca        0x2 
 .text.HAL_SD_GetCardCSD
                0x0000000008005acc      0x348 Drivers/STM32H7xx_HAL_Driver/Src/stm32h7xx_hal_sd.o
                0x0000000008005acc                HAL_SD_GetCardCSD
 .text.HAL_SD_GetCardStatus
                0x0000000008005e14      0x16c Drivers/STM32H7xx_HAL_Driver/Src/stm32h7xx_hal_sd.o
                0x0000000008005e14                HAL_SD_GetCardStatus
 .text.HAL_SD_GetCardInfo
                0x0000000008005f80       0x58 Drivers/STM32H7xx_HAL_Driver/Src/stm32h7xx_hal_sd.o
                0x0000000008005f80                HAL_SD_GetCardInfo
 .text.HAL_SD_ConfigWideBusOperation
                0x0000000008005fd8      0x154 Drivers/STM32H7xx_HAL_Driver/Src/stm32h7xx_hal_sd.o
                0x0000000008005fd8                HAL_SD_ConfigWideBusOperation
 .text.HAL_SD_GetCardState
                0x000000000800612c       0x40 Drivers/STM32H7xx_HAL_Driver/Src/stm32h7xx_hal_sd.o
                0x000000000800612c                HAL_SD_GetCardState
 .text.SD_InitCard
                0x000000000800616c      0x17c Drivers/STM32H7xx_HAL_Driver/Src/stm32h7xx_hal_sd.o
 .text.SD_PowerON
                0x00000000080062e8      0x210 Drivers/STM32H7xx_HAL_Driver/Src/stm32h7xx_hal_sd.o
 .text.SD_SendSDStatus
                0x00000000080064f8      0x1a0 Drivers/STM32H7xx_HAL_Driver/Src/stm32h7xx_hal_sd.o
 .text.SD_SendStatus
                0x0000000008006698       0x50 Drivers/STM32H7xx_HAL_Driver/Src/stm32h7xx_hal_sd.o
 .text.SD_WideBus_Enable
                0x00000000080066e8       0x96 Drivers/STM32H7xx_HAL_Driver/Src/stm32h7xx_hal_sd.o
 .text.SD_WideBus_Disable
                0x000000000800677e       0x96 Drivers/STM32H7xx_HAL_Driver/Src/stm32h7xx_hal_sd.o
 .text.SD_FindSCR
                0x0000000008006814      0x1a0 Drivers/STM32H7xx_HAL_Driver/Src/stm32h7xx_hal_sd.o
 .text.SDMMC_Init
                0x00000000080069b4       0x54 Drivers/STM32H7xx_HAL_Driver/Src/stm32h7xx_ll_sdmmc.o
                0x00000000080069b4                SDMMC_Init
 .text.SDMMC_ReadFIFO
                0x0000000008006a08       0x1a Drivers/STM32H7xx_HAL_Driver/Src/stm32h7xx_ll_sdmmc.o
                0x0000000008006a08                SDMMC_ReadFIFO
 .text.SDMMC_WriteFIFO
                0x0000000008006a22       0x22 Drivers/STM32H7xx_HAL_Driver/Src/stm32h7xx_ll_sdmmc.o
                0x0000000008006a22                SDMMC_WriteFIFO
 .text.SDMMC_PowerState_ON
                0x0000000008006a44       0x22 Drivers/STM32H7xx_HAL_Driver/Src/stm32h7xx_ll_sdmmc.o
                0x0000000008006a44                SDMMC_PowerState_ON
 .text.SDMMC_GetPowerState
                0x0000000008006a66       0x1c Drivers/STM32H7xx_HAL_Driver/Src/stm32h7xx_ll_sdmmc.o
                0x0000000008006a66                SDMMC_GetPowerState
 *fill*         0x0000000008006a82        0x2 
 .text.SDMMC_SendCommand
                0x0000000008006a84       0x54 Drivers/STM32H7xx_HAL_Driver/Src/stm32h7xx_ll_sdmmc.o
                0x0000000008006a84                SDMMC_SendCommand
 .text.SDMMC_GetCommandResponse
                0x0000000008006ad8       0x1a Drivers/STM32H7xx_HAL_Driver/Src/stm32h7xx_ll_sdmmc.o
                0x0000000008006ad8                SDMMC_GetCommandResponse
 .text.SDMMC_GetResponse
                0x0000000008006af2       0x26 Drivers/STM32H7xx_HAL_Driver/Src/stm32h7xx_ll_sdmmc.o
                0x0000000008006af2                SDMMC_GetResponse
 .text.SDMMC_ConfigData
                0x0000000008006b18       0x58 Drivers/STM32H7xx_HAL_Driver/Src/stm32h7xx_ll_sdmmc.o
                0x0000000008006b18                SDMMC_ConfigData
 .text.SDMMC_CmdBlockLength
                0x0000000008006b70       0x46 Drivers/STM32H7xx_HAL_Driver/Src/stm32h7xx_ll_sdmmc.o
                0x0000000008006b70                SDMMC_CmdBlockLength
 .text.SDMMC_CmdReadSingleBlock
                0x0000000008006bb6       0x46 Drivers/STM32H7xx_HAL_Driver/Src/stm32h7xx_ll_sdmmc.o
                0x0000000008006bb6                SDMMC_CmdReadSingleBlock
 .text.SDMMC_CmdReadMultiBlock
                0x0000000008006bfc       0x46 Drivers/STM32H7xx_HAL_Driver/Src/stm32h7xx_ll_sdmmc.o
                0x0000000008006bfc                SDMMC_CmdReadMultiBlock
 .text.SDMMC_CmdWriteSingleBlock
                0x0000000008006c42       0x46 Drivers/STM32H7xx_HAL_Driver/Src/stm32h7xx_ll_sdmmc.o
                0x0000000008006c42                SDMMC_CmdWriteSingleBlock
 .text.SDMMC_CmdWriteMultiBlock
                0x0000000008006c88       0x46 Drivers/STM32H7xx_HAL_Driver/Src/stm32h7xx_ll_sdmmc.o
                0x0000000008006c88                SDMMC_CmdWriteMultiBlock
 *fill*         0x0000000008006cce        0x2 
 .text.SDMMC_CmdStopTransfer
                0x0000000008006cd0       0x78 Drivers/STM32H7xx_HAL_Driver/Src/stm32h7xx_ll_sdmmc.o
                0x0000000008006cd0                SDMMC_CmdStopTransfer
 .text.SDMMC_CmdSelDesel
                0x0000000008006d48       0x48 Drivers/STM32H7xx_HAL_Driver/Src/stm32h7xx_ll_sdmmc.o
                0x0000000008006d48                SDMMC_CmdSelDesel
 .text.SDMMC_CmdGoIdleState
                0x0000000008006d90       0x3c Drivers/STM32H7xx_HAL_Driver/Src/stm32h7xx_ll_sdmmc.o
                0x0000000008006d90                SDMMC_CmdGoIdleState
 .text.SDMMC_CmdOperCond
                0x0000000008006dcc       0x40 Drivers/STM32H7xx_HAL_Driver/Src/stm32h7xx_ll_sdmmc.o
                0x0000000008006dcc                SDMMC_CmdOperCond
 .text.SDMMC_CmdAppCommand
                0x0000000008006e0c       0x46 Drivers/STM32H7xx_HAL_Driver/Src/stm32h7xx_ll_sdmmc.o
                0x0000000008006e0c                SDMMC_CmdAppCommand
 .text.SDMMC_CmdAppOperCommand
                0x0000000008006e52       0x40 Drivers/STM32H7xx_HAL_Driver/Src/stm32h7xx_ll_sdmmc.o
                0x0000000008006e52                SDMMC_CmdAppOperCommand
 .text.SDMMC_CmdBusWidth
                0x0000000008006e92       0x46 Drivers/STM32H7xx_HAL_Driver/Src/stm32h7xx_ll_sdmmc.o
                0x0000000008006e92                SDMMC_CmdBusWidth
 .text.SDMMC_CmdSendSCR
                0x0000000008006ed8       0x44 Drivers/STM32H7xx_HAL_Driver/Src/stm32h7xx_ll_sdmmc.o
                0x0000000008006ed8                SDMMC_CmdSendSCR
 .text.SDMMC_CmdSendCID
                0x0000000008006f1c       0x3e Drivers/STM32H7xx_HAL_Driver/Src/stm32h7xx_ll_sdmmc.o
                0x0000000008006f1c                SDMMC_CmdSendCID
 .text.SDMMC_CmdSendCSD
                0x0000000008006f5a       0x40 Drivers/STM32H7xx_HAL_Driver/Src/stm32h7xx_ll_sdmmc.o
                0x0000000008006f5a                SDMMC_CmdSendCSD
 .text.SDMMC_CmdSetRelAdd
                0x0000000008006f9a       0x44 Drivers/STM32H7xx_HAL_Driver/Src/stm32h7xx_ll_sdmmc.o
                0x0000000008006f9a                SDMMC_CmdSetRelAdd
 .text.SDMMC_CmdSendStatus
                0x0000000008006fde       0x46 Drivers/STM32H7xx_HAL_Driver/Src/stm32h7xx_ll_sdmmc.o
                0x0000000008006fde                SDMMC_CmdSendStatus
 .text.SDMMC_CmdStatusRegister
                0x0000000008007024       0x44 Drivers/STM32H7xx_HAL_Driver/Src/stm32h7xx_ll_sdmmc.o
                0x0000000008007024                SDMMC_CmdStatusRegister
 .text.SDMMC_CmdVoltageSwitch
                0x0000000008007068       0x44 Drivers/STM32H7xx_HAL_Driver/Src/stm32h7xx_ll_sdmmc.o
                0x0000000008007068                SDMMC_CmdVoltageSwitch
 .text.SDMMC_GetCmdError
                0x00000000080070ac       0x5c Drivers/STM32H7xx_HAL_Driver/Src/stm32h7xx_ll_sdmmc.o
 .text.SDMMC_GetCmdResp1
                0x0000000008007108      0x1e4 Drivers/STM32H7xx_HAL_Driver/Src/stm32h7xx_ll_sdmmc.o
 .text.SDMMC_GetCmdResp2
                0x00000000080072ec       0x94 Drivers/STM32H7xx_HAL_Driver/Src/stm32h7xx_ll_sdmmc.o
 .text.SDMMC_GetCmdResp3
                0x0000000008007380       0x80 Drivers/STM32H7xx_HAL_Driver/Src/stm32h7xx_ll_sdmmc.o
 .text.SDMMC_GetCmdResp6
                0x0000000008007400       0xf0 Drivers/STM32H7xx_HAL_Driver/Src/stm32h7xx_ll_sdmmc.o
 .text.SDMMC_GetCmdResp7
                0x00000000080074f0       0x9c Drivers/STM32H7xx_HAL_Driver/Src/stm32h7xx_ll_sdmmc.o
 .text.USB_CoreInit
                0x000000000800758c       0xc4 Drivers/STM32H7xx_HAL_Driver/Src/stm32h7xx_ll_usb.o
                0x000000000800758c                USB_CoreInit
 .text.USB_SetTurnaroundTime
                0x0000000008007650      0x144 Drivers/STM32H7xx_HAL_Driver/Src/stm32h7xx_ll_usb.o
                0x0000000008007650                USB_SetTurnaroundTime
 .text.USB_EnableGlobalInt
                0x0000000008007794       0x22 Drivers/STM32H7xx_HAL_Driver/Src/stm32h7xx_ll_usb.o
                0x0000000008007794                USB_EnableGlobalInt
 .text.USB_DisableGlobalInt
                0x00000000080077b6       0x22 Drivers/STM32H7xx_HAL_Driver/Src/stm32h7xx_ll_usb.o
                0x00000000080077b6                USB_DisableGlobalInt
 .text.USB_SetCurrentMode
                0x00000000080077d8       0x54 Drivers/STM32H7xx_HAL_Driver/Src/stm32h7xx_ll_usb.o
                0x00000000080077d8                USB_SetCurrentMode
 .text.USB_DevInit
                0x000000000800782c      0x2bc Drivers/STM32H7xx_HAL_Driver/Src/stm32h7xx_ll_usb.o
                0x000000000800782c                USB_DevInit
 .text.USB_FlushTxFifo
                0x0000000008007ae8       0x4c Drivers/STM32H7xx_HAL_Driver/Src/stm32h7xx_ll_usb.o
                0x0000000008007ae8                USB_FlushTxFifo
 .text.USB_FlushRxFifo
                0x0000000008007b34       0x44 Drivers/STM32H7xx_HAL_Driver/Src/stm32h7xx_ll_usb.o
                0x0000000008007b34                USB_FlushRxFifo
 .text.USB_SetDevSpeed
                0x0000000008007b78       0x32 Drivers/STM32H7xx_HAL_Driver/Src/stm32h7xx_ll_usb.o
                0x0000000008007b78                USB_SetDevSpeed
 .text.USB_GetDevSpeed
                0x0000000008007baa       0x4a Drivers/STM32H7xx_HAL_Driver/Src/stm32h7xx_ll_usb.o
                0x0000000008007baa                USB_GetDevSpeed
 .text.USB_ActivateEndpoint
                0x0000000008007bf4      0x110 Drivers/STM32H7xx_HAL_Driver/Src/stm32h7xx_ll_usb.o
                0x0000000008007bf4                USB_ActivateEndpoint
 .text.USB_DeactivateEndpoint
                0x0000000008007d04      0x1b8 Drivers/STM32H7xx_HAL_Driver/Src/stm32h7xx_ll_usb.o
                0x0000000008007d04                USB_DeactivateEndpoint
 .text.USB_EPStartXfer
                0x0000000008007ebc      0x498 Drivers/STM32H7xx_HAL_Driver/Src/stm32h7xx_ll_usb.o
                0x0000000008007ebc                USB_EPStartXfer
 .text.USB_EP0StartXfer
                0x0000000008008354      0x2b0 Drivers/STM32H7xx_HAL_Driver/Src/stm32h7xx_ll_usb.o
                0x0000000008008354                USB_EP0StartXfer
 .text.USB_WritePacket
                0x0000000008008604       0x6a Drivers/STM32H7xx_HAL_Driver/Src/stm32h7xx_ll_usb.o
                0x0000000008008604                USB_WritePacket
 .text.USB_ReadPacket
                0x000000000800866e       0x52 Drivers/STM32H7xx_HAL_Driver/Src/stm32h7xx_ll_usb.o
                0x000000000800866e                USB_ReadPacket
 .text.USB_EPSetStall
                0x00000000080086c0       0xdc Drivers/STM32H7xx_HAL_Driver/Src/stm32h7xx_ll_usb.o
                0x00000000080086c0                USB_EPSetStall
 .text.USB_EPClearStall
                0x000000000800879c       0xcc Drivers/STM32H7xx_HAL_Driver/Src/stm32h7xx_ll_usb.o
                0x000000000800879c                USB_EPClearStall
 .text.USB_SetDevAddress
                0x0000000008008868       0x4c Drivers/STM32H7xx_HAL_Driver/Src/stm32h7xx_ll_usb.o
                0x0000000008008868                USB_SetDevAddress
 .text.USB_DevConnect
                0x00000000080088b4       0x30 Drivers/STM32H7xx_HAL_Driver/Src/stm32h7xx_ll_usb.o
                0x00000000080088b4                USB_DevConnect
 .text.USB_DevDisconnect
                0x00000000080088e4       0x30 Drivers/STM32H7xx_HAL_Driver/Src/stm32h7xx_ll_usb.o
                0x00000000080088e4                USB_DevDisconnect
 .text.USB_ReadInterrupts
                0x0000000008008914       0x26 Drivers/STM32H7xx_HAL_Driver/Src/stm32h7xx_ll_usb.o
                0x0000000008008914                USB_ReadInterrupts
 .text.USB_ReadDevAllOutEpInterrupt
                0x000000000800893a       0x34 Drivers/STM32H7xx_HAL_Driver/Src/stm32h7xx_ll_usb.o
                0x000000000800893a                USB_ReadDevAllOutEpInterrupt
 .text.USB_ReadDevAllInEpInterrupt
                0x000000000800896e       0x34 Drivers/STM32H7xx_HAL_Driver/Src/stm32h7xx_ll_usb.o
                0x000000000800896e                USB_ReadDevAllInEpInterrupt
 .text.USB_ReadDevOutEPInterrupt
                0x00000000080089a2       0x3c Drivers/STM32H7xx_HAL_Driver/Src/stm32h7xx_ll_usb.o
                0x00000000080089a2                USB_ReadDevOutEPInterrupt
 .text.USB_ReadDevInEPInterrupt
                0x00000000080089de       0x5c Drivers/STM32H7xx_HAL_Driver/Src/stm32h7xx_ll_usb.o
                0x00000000080089de                USB_ReadDevInEPInterrupt
 .text.USB_GetMode
                0x0000000008008a3a       0x1c Drivers/STM32H7xx_HAL_Driver/Src/stm32h7xx_ll_usb.o
                0x0000000008008a3a                USB_GetMode
 *fill*         0x0000000008008a56        0x2 
 .text.USB_ActivateSetup
                0x0000000008008a58       0x48 Drivers/STM32H7xx_HAL_Driver/Src/stm32h7xx_ll_usb.o
                0x0000000008008a58                USB_ActivateSetup
 .text.USB_EP0_OutStart
                0x0000000008008aa0       0xbc Drivers/STM32H7xx_HAL_Driver/Src/stm32h7xx_ll_usb.o
                0x0000000008008aa0                USB_EP0_OutStart
 .text.USB_CoreReset
                0x0000000008008b5c       0x68 Drivers/STM32H7xx_HAL_Driver/Src/stm32h7xx_ll_usb.o
 .text.MX_FATFS_Init
                0x0000000008008bc4       0x24 FATFS/App/fatfs.o
                0x0000000008008bc4                MX_FATFS_Init
 .text.get_fattime
                0x0000000008008be8       0x10 FATFS/App/fatfs.o
                0x0000000008008be8                get_fattime
 .text.BSP_SD_Init
                0x0000000008008bf8       0x4c FATFS/Target/bsp_driver_sd.o
                0x0000000008008bf8                BSP_SD_Init
 .text.BSP_SD_ReadBlocks
                0x0000000008008c44       0x3c FATFS/Target/bsp_driver_sd.o
                0x0000000008008c44                BSP_SD_ReadBlocks
 .text.BSP_SD_WriteBlocks
                0x0000000008008c80       0x3c FATFS/Target/bsp_driver_sd.o
                0x0000000008008c80                BSP_SD_WriteBlocks
 .text.BSP_SD_GetCardState
                0x0000000008008cbc       0x20 FATFS/Target/bsp_driver_sd.o
                0x0000000008008cbc                BSP_SD_GetCardState
 .text.BSP_SD_GetCardInfo
                0x0000000008008cdc       0x1c FATFS/Target/bsp_driver_sd.o
                0x0000000008008cdc                BSP_SD_GetCardInfo
 .text.BSP_SD_IsDetected
                0x0000000008008cf8       0x1a FATFS/Target/bsp_driver_sd.o
                0x0000000008008cf8                BSP_SD_IsDetected
 *fill*         0x0000000008008d12        0x2 
 .text.SD_CheckStatus
                0x0000000008008d14       0x3c FATFS/Target/sd_diskio.o
 .text.SD_initialize
                0x0000000008008d50       0x3c FATFS/Target/sd_diskio.o
                0x0000000008008d50                SD_initialize
 .text.SD_status
                0x0000000008008d8c       0x1c FATFS/Target/sd_diskio.o
                0x0000000008008d8c                SD_status
 .text.SD_read  0x0000000008008da8       0x42 FATFS/Target/sd_diskio.o
                0x0000000008008da8                SD_read
 .text.SD_write
                0x0000000008008dea       0x42 FATFS/Target/sd_diskio.o
                0x0000000008008dea                SD_write
 .text.SD_ioctl
                0x0000000008008e2c       0xb0 FATFS/Target/sd_diskio.o
                0x0000000008008e2c                SD_ioctl
 .text.USBD_MSC_Init
                0x0000000008008edc       0x9c Middlewares/ST/STM32_USB_Device_Library/Class/MSC/Src/usbd_msc.o
                0x0000000008008edc                USBD_MSC_Init
 .text.USBD_MSC_DeInit
                0x0000000008008f78       0x58 Middlewares/ST/STM32_USB_Device_Library/Class/MSC/Src/usbd_msc.o
                0x0000000008008f78                USBD_MSC_DeInit
 .text.USBD_MSC_Setup
                0x0000000008008fd0      0x1d0 Middlewares/ST/STM32_USB_Device_Library/Class/MSC/Src/usbd_msc.o
                0x0000000008008fd0                USBD_MSC_Setup
 .text.USBD_MSC_DataIn
                0x00000000080091a0       0x20 Middlewares/ST/STM32_USB_Device_Library/Class/MSC/Src/usbd_msc.o
                0x00000000080091a0                USBD_MSC_DataIn
 .text.USBD_MSC_DataOut
                0x00000000080091c0       0x20 Middlewares/ST/STM32_USB_Device_Library/Class/MSC/Src/usbd_msc.o
                0x00000000080091c0                USBD_MSC_DataOut
 .text.USBD_MSC_GetHSCfgDesc
                0x00000000080091e0       0x20 Middlewares/ST/STM32_USB_Device_Library/Class/MSC/Src/usbd_msc.o
                0x00000000080091e0                USBD_MSC_GetHSCfgDesc
 .text.USBD_MSC_GetFSCfgDesc
                0x0000000008009200       0x20 Middlewares/ST/STM32_USB_Device_Library/Class/MSC/Src/usbd_msc.o
                0x0000000008009200                USBD_MSC_GetFSCfgDesc
 .text.USBD_MSC_GetOtherSpeedCfgDesc
                0x0000000008009220       0x20 Middlewares/ST/STM32_USB_Device_Library/Class/MSC/Src/usbd_msc.o
                0x0000000008009220                USBD_MSC_GetOtherSpeedCfgDesc
 .text.USBD_MSC_GetDeviceQualifierDescriptor
                0x0000000008009240       0x20 Middlewares/ST/STM32_USB_Device_Library/Class/MSC/Src/usbd_msc.o
                0x0000000008009240                USBD_MSC_GetDeviceQualifierDescriptor
 .text.USBD_MSC_RegisterStorage
                0x0000000008009260       0x2a Middlewares/ST/STM32_USB_Device_Library/Class/MSC/Src/usbd_msc.o
                0x0000000008009260                USBD_MSC_RegisterStorage
 .text.MSC_BOT_Init
                0x000000000800928a       0x68 Middlewares/ST/STM32_USB_Device_Library/Class/MSC/Src/usbd_msc_bot.o
                0x000000000800928a                MSC_BOT_Init
 .text.MSC_BOT_Reset
                0x00000000080092f2       0x44 Middlewares/ST/STM32_USB_Device_Library/Class/MSC/Src/usbd_msc_bot.o
                0x00000000080092f2                MSC_BOT_Reset
 .text.MSC_BOT_DeInit
                0x0000000008009336       0x22 Middlewares/ST/STM32_USB_Device_Library/Class/MSC/Src/usbd_msc_bot.o
                0x0000000008009336                MSC_BOT_DeInit
 .text.MSC_BOT_DataIn
                0x0000000008009358       0x62 Middlewares/ST/STM32_USB_Device_Library/Class/MSC/Src/usbd_msc_bot.o
                0x0000000008009358                MSC_BOT_DataIn
 .text.MSC_BOT_DataOut
                0x00000000080093ba       0x56 Middlewares/ST/STM32_USB_Device_Library/Class/MSC/Src/usbd_msc_bot.o
                0x00000000080093ba                MSC_BOT_DataOut
 .text.MSC_BOT_CBW_Decode
                0x0000000008009410      0x10c Middlewares/ST/STM32_USB_Device_Library/Class/MSC/Src/usbd_msc_bot.o
 .text.MSC_BOT_SendData
                0x000000000800951c       0x56 Middlewares/ST/STM32_USB_Device_Library/Class/MSC/Src/usbd_msc_bot.o
 *fill*         0x0000000008009572        0x2 
 .text.MSC_BOT_SendCSW
                0x0000000008009574       0x58 Middlewares/ST/STM32_USB_Device_Library/Class/MSC/Src/usbd_msc_bot.o
                0x0000000008009574                MSC_BOT_SendCSW
 .text.MSC_BOT_Abort
                0x00000000080095cc       0x5c Middlewares/ST/STM32_USB_Device_Library/Class/MSC/Src/usbd_msc_bot.o
 .text.MSC_BOT_CplClrFeature
                0x0000000008009628       0x50 Middlewares/ST/STM32_USB_Device_Library/Class/MSC/Src/usbd_msc_bot.o
                0x0000000008009628                MSC_BOT_CplClrFeature
 .text.SCSI_ProcessCmd
                0x0000000008009678      0x19e Middlewares/ST/STM32_USB_Device_Library/Class/MSC/Src/usbd_msc_scsi.o
                0x0000000008009678                SCSI_ProcessCmd
 .text.SCSI_TestUnitReady
                0x0000000008009816       0x94 Middlewares/ST/STM32_USB_Device_Library/Class/MSC/Src/usbd_msc_scsi.o
 *fill*         0x00000000080098aa        0x2 
 .text.SCSI_Inquiry
                0x00000000080098ac       0xdc Middlewares/ST/STM32_USB_Device_Library/Class/MSC/Src/usbd_msc_scsi.o
 .text.SCSI_ReadCapacity10
                0x0000000008009988       0xde Middlewares/ST/STM32_USB_Device_Library/Class/MSC/Src/usbd_msc_scsi.o
 .text.SCSI_ReadCapacity16
                0x0000000008009a66      0x148 Middlewares/ST/STM32_USB_Device_Library/Class/MSC/Src/usbd_msc_scsi.o
 .text.SCSI_ReadFormatCapacity
                0x0000000008009bae       0xd8 Middlewares/ST/STM32_USB_Device_Library/Class/MSC/Src/usbd_msc_scsi.o
 *fill*         0x0000000008009c86        0x2 
 .text.SCSI_ModeSense6
                0x0000000008009c88       0x4c Middlewares/ST/STM32_USB_Device_Library/Class/MSC/Src/usbd_msc_scsi.o
 .text.SCSI_ModeSense10
                0x0000000008009cd4       0x4c Middlewares/ST/STM32_USB_Device_Library/Class/MSC/Src/usbd_msc_scsi.o
 .text.SCSI_RequestSense
                0x0000000008009d20       0xf2 Middlewares/ST/STM32_USB_Device_Library/Class/MSC/Src/usbd_msc_scsi.o
 .text.SCSI_SenseCode
                0x0000000008009e12       0x86 Middlewares/ST/STM32_USB_Device_Library/Class/MSC/Src/usbd_msc_scsi.o
                0x0000000008009e12                SCSI_SenseCode
 .text.SCSI_StartStopUnit
                0x0000000008009e98       0x96 Middlewares/ST/STM32_USB_Device_Library/Class/MSC/Src/usbd_msc_scsi.o
 .text.SCSI_AllowPreventRemovable
                0x0000000008009f2e       0x46 Middlewares/ST/STM32_USB_Device_Library/Class/MSC/Src/usbd_msc_scsi.o
 .text.SCSI_Read10
                0x0000000008009f74      0x134 Middlewares/ST/STM32_USB_Device_Library/Class/MSC/Src/usbd_msc_scsi.o
 .text.SCSI_Read12
                0x000000000800a0a8      0x14a Middlewares/ST/STM32_USB_Device_Library/Class/MSC/Src/usbd_msc_scsi.o
 .text.SCSI_Write10
                0x000000000800a1f2      0x17e Middlewares/ST/STM32_USB_Device_Library/Class/MSC/Src/usbd_msc_scsi.o
 .text.SCSI_Write12
                0x000000000800a370      0x19e Middlewares/ST/STM32_USB_Device_Library/Class/MSC/Src/usbd_msc_scsi.o
 .text.SCSI_Verify10
                0x000000000800a50e       0x66 Middlewares/ST/STM32_USB_Device_Library/Class/MSC/Src/usbd_msc_scsi.o
 .text.SCSI_CheckAddressRange
                0x000000000800a574       0x44 Middlewares/ST/STM32_USB_Device_Library/Class/MSC/Src/usbd_msc_scsi.o
 .text.SCSI_ProcessRead
                0x000000000800a5b8       0xe6 Middlewares/ST/STM32_USB_Device_Library/Class/MSC/Src/usbd_msc_scsi.o
 .text.SCSI_ProcessWrite
                0x000000000800a69e      0x106 Middlewares/ST/STM32_USB_Device_Library/Class/MSC/Src/usbd_msc_scsi.o
 .text.SCSI_UpdateBotData
                0x000000000800a7a4       0x46 Middlewares/ST/STM32_USB_Device_Library/Class/MSC/Src/usbd_msc_scsi.o
 .text.USBD_Init
                0x000000000800a7ea       0x6c Middlewares/ST/STM32_USB_Device_Library/Core/Src/usbd_core.o
                0x000000000800a7ea                USBD_Init
 .text.USBD_RegisterClass
                0x000000000800a856       0x42 Middlewares/ST/STM32_USB_Device_Library/Core/Src/usbd_core.o
                0x000000000800a856                USBD_RegisterClass
 .text.USBD_Start
                0x000000000800a898       0x18 Middlewares/ST/STM32_USB_Device_Library/Core/Src/usbd_core.o
                0x000000000800a898                USBD_Start
 .text.USBD_RunTestMode
                0x000000000800a8b0       0x16 Middlewares/ST/STM32_USB_Device_Library/Core/Src/usbd_core.o
                0x000000000800a8b0                USBD_RunTestMode
 .text.USBD_SetClassConfig
                0x000000000800a8c6       0x38 Middlewares/ST/STM32_USB_Device_Library/Core/Src/usbd_core.o
                0x000000000800a8c6                USBD_SetClassConfig
 .text.USBD_ClrClassConfig
                0x000000000800a8fe       0x30 Middlewares/ST/STM32_USB_Device_Library/Core/Src/usbd_core.o
                0x000000000800a8fe                USBD_ClrClassConfig
 .text.USBD_LL_SetupStage
                0x000000000800a92e       0xa6 Middlewares/ST/STM32_USB_Device_Library/Core/Src/usbd_core.o
                0x000000000800a92e                USBD_LL_SetupStage
 .text.USBD_LL_DataOutStage
                0x000000000800a9d4       0xc6 Middlewares/ST/STM32_USB_Device_Library/Core/Src/usbd_core.o
                0x000000000800a9d4                USBD_LL_DataOutStage
 .text.USBD_LL_DataInStage
                0x000000000800aa9a      0x12c Middlewares/ST/STM32_USB_Device_Library/Core/Src/usbd_core.o
                0x000000000800aa9a                USBD_LL_DataInStage
 .text.USBD_LL_Reset
                0x000000000800abc6       0x82 Middlewares/ST/STM32_USB_Device_Library/Core/Src/usbd_core.o
                0x000000000800abc6                USBD_LL_Reset
 .text.USBD_LL_SetSpeed
                0x000000000800ac48       0x20 Middlewares/ST/STM32_USB_Device_Library/Core/Src/usbd_core.o
                0x000000000800ac48                USBD_LL_SetSpeed
 .text.USBD_LL_Suspend
                0x000000000800ac68       0x2a Middlewares/ST/STM32_USB_Device_Library/Core/Src/usbd_core.o
                0x000000000800ac68                USBD_LL_Suspend
 .text.USBD_LL_Resume
                0x000000000800ac92       0x2c Middlewares/ST/STM32_USB_Device_Library/Core/Src/usbd_core.o
                0x000000000800ac92                USBD_LL_Resume
 .text.USBD_LL_SOF
                0x000000000800acbe       0x34 Middlewares/ST/STM32_USB_Device_Library/Core/Src/usbd_core.o
                0x000000000800acbe                USBD_LL_SOF
 .text.USBD_LL_IsoINIncomplete
                0x000000000800acf2       0x1a Middlewares/ST/STM32_USB_Device_Library/Core/Src/usbd_core.o
                0x000000000800acf2                USBD_LL_IsoINIncomplete
 .text.USBD_LL_IsoOUTIncomplete
                0x000000000800ad0c       0x1a Middlewares/ST/STM32_USB_Device_Library/Core/Src/usbd_core.o
                0x000000000800ad0c                USBD_LL_IsoOUTIncomplete
 .text.USBD_LL_DevConnected
                0x000000000800ad26       0x16 Middlewares/ST/STM32_USB_Device_Library/Core/Src/usbd_core.o
                0x000000000800ad26                USBD_LL_DevConnected
 .text.USBD_LL_DevDisconnected
                0x000000000800ad3c       0x38 Middlewares/ST/STM32_USB_Device_Library/Core/Src/usbd_core.o
                0x000000000800ad3c                USBD_LL_DevDisconnected
 .text.SWAPBYTE
                0x000000000800ad74       0x3c Middlewares/ST/STM32_USB_Device_Library/Core/Src/usbd_ctlreq.o
 .text.USBD_StdDevReq
                0x000000000800adb0       0xdc Middlewares/ST/STM32_USB_Device_Library/Core/Src/usbd_ctlreq.o
                0x000000000800adb0                USBD_StdDevReq
 .text.USBD_StdItfReq
                0x000000000800ae8c       0x8c Middlewares/ST/STM32_USB_Device_Library/Core/Src/usbd_ctlreq.o
                0x000000000800ae8c                USBD_StdItfReq
 .text.USBD_StdEPReq
                0x000000000800af18      0x2aa Middlewares/ST/STM32_USB_Device_Library/Core/Src/usbd_ctlreq.o
                0x000000000800af18                USBD_StdEPReq
 *fill*         0x000000000800b1c2        0x2 
 .text.USBD_GetDescriptor
                0x000000000800b1c4      0x2d4 Middlewares/ST/STM32_USB_Device_Library/Core/Src/usbd_ctlreq.o
 .text.USBD_SetAddress
                0x000000000800b498       0x84 Middlewares/ST/STM32_USB_Device_Library/Core/Src/usbd_ctlreq.o
 .text.USBD_SetConfig
                0x000000000800b51c      0x148 Middlewares/ST/STM32_USB_Device_Library/Core/Src/usbd_ctlreq.o
 .text.USBD_GetConfig
                0x000000000800b664       0x68 Middlewares/ST/STM32_USB_Device_Library/Core/Src/usbd_ctlreq.o
 .text.USBD_GetStatus
                0x000000000800b6cc       0x66 Middlewares/ST/STM32_USB_Device_Library/Core/Src/usbd_ctlreq.o
 .text.USBD_SetFeature
                0x000000000800b732       0x28 Middlewares/ST/STM32_USB_Device_Library/Core/Src/usbd_ctlreq.o
 .text.USBD_ClrFeature
                0x000000000800b75a       0x42 Middlewares/ST/STM32_USB_Device_Library/Core/Src/usbd_ctlreq.o
 .text.USBD_ParseSetupRequest
                0x000000000800b79c       0x74 Middlewares/ST/STM32_USB_Device_Library/Core/Src/usbd_ctlreq.o
                0x000000000800b79c                USBD_ParseSetupRequest
 .text.USBD_CtlError
                0x000000000800b810       0x22 Middlewares/ST/STM32_USB_Device_Library/Core/Src/usbd_ctlreq.o
                0x000000000800b810                USBD_CtlError
 .text.USBD_GetString
                0x000000000800b832       0x8c Middlewares/ST/STM32_USB_Device_Library/Core/Src/usbd_ctlreq.o
                0x000000000800b832                USBD_GetString
 .text.USBD_GetLen
                0x000000000800b8be       0x34 Middlewares/ST/STM32_USB_Device_Library/Core/Src/usbd_ctlreq.o
 .text.USBD_CtlSendData
                0x000000000800b8f2       0x36 Middlewares/ST/STM32_USB_Device_Library/Core/Src/usbd_ioreq.o
                0x000000000800b8f2                USBD_CtlSendData
 .text.USBD_CtlContinueSendData
                0x000000000800b928       0x22 Middlewares/ST/STM32_USB_Device_Library/Core/Src/usbd_ioreq.o
                0x000000000800b928                USBD_CtlContinueSendData
 .text.USBD_CtlContinueRx
                0x000000000800b94a       0x22 Middlewares/ST/STM32_USB_Device_Library/Core/Src/usbd_ioreq.o
                0x000000000800b94a                USBD_CtlContinueRx
 .text.USBD_CtlSendStatus
                0x000000000800b96c       0x26 Middlewares/ST/STM32_USB_Device_Library/Core/Src/usbd_ioreq.o
                0x000000000800b96c                USBD_CtlSendStatus
 .text.USBD_CtlReceiveStatus
                0x000000000800b992       0x26 Middlewares/ST/STM32_USB_Device_Library/Core/Src/usbd_ioreq.o
                0x000000000800b992                USBD_CtlReceiveStatus
 .text.disk_status
                0x000000000800b9b8       0x34 Middlewares/Third_Party/FatFs/src/diskio.o
                0x000000000800b9b8                disk_status
 .text.disk_initialize
                0x000000000800b9ec       0x4c Middlewares/Third_Party/FatFs/src/diskio.o
                0x000000000800b9ec                disk_initialize
 .text.disk_read
                0x000000000800ba38       0x40 Middlewares/Third_Party/FatFs/src/diskio.o
                0x000000000800ba38                disk_read
 .text.disk_write
                0x000000000800ba78       0x40 Middlewares/Third_Party/FatFs/src/diskio.o
                0x000000000800ba78                disk_write
 .text.disk_ioctl
                0x000000000800bab8       0x3c Middlewares/Third_Party/FatFs/src/diskio.o
                0x000000000800bab8                disk_ioctl
 .text.ld_word  0x000000000800baf4       0x30 Middlewares/Third_Party/FatFs/src/ff.o
 .text.ld_dword
                0x000000000800bb24       0x46 Middlewares/Third_Party/FatFs/src/ff.o
 .text.st_word  0x000000000800bb6a       0x36 Middlewares/Third_Party/FatFs/src/ff.o
 .text.st_dword
                0x000000000800bba0       0x58 Middlewares/Third_Party/FatFs/src/ff.o
 .text.mem_cpy  0x000000000800bbf8       0x42 Middlewares/Third_Party/FatFs/src/ff.o
 .text.mem_set  0x000000000800bc3a       0x34 Middlewares/Third_Party/FatFs/src/ff.o
 .text.mem_cmp  0x000000000800bc6e       0x4e Middlewares/Third_Party/FatFs/src/ff.o
 .text.chk_chr  0x000000000800bcbc       0x36 Middlewares/Third_Party/FatFs/src/ff.o
 *fill*         0x000000000800bcf2        0x2 
 .text.chk_lock
                0x000000000800bcf4       0xb8 Middlewares/Third_Party/FatFs/src/ff.o
 .text.enq_lock
                0x000000000800bdac       0x44 Middlewares/Third_Party/FatFs/src/ff.o
 .text.inc_lock
                0x000000000800bdf0      0x11c Middlewares/Third_Party/FatFs/src/ff.o
 .text.dec_lock
                0x000000000800bf0c       0x78 Middlewares/Third_Party/FatFs/src/ff.o
 .text.clear_lock
                0x000000000800bf84       0x48 Middlewares/Third_Party/FatFs/src/ff.o
 .text.sync_window
                0x000000000800bfcc       0x88 Middlewares/Third_Party/FatFs/src/ff.o
 .text.move_window
                0x000000000800c054       0x5a Middlewares/Third_Party/FatFs/src/ff.o
 *fill*         0x000000000800c0ae        0x2 
 .text.sync_fs  0x000000000800c0b0       0xe0 Middlewares/Third_Party/FatFs/src/ff.o
 .text.clust2sect
                0x000000000800c190       0x3e Middlewares/Third_Party/FatFs/src/ff.o
 .text.get_fat  0x000000000800c1ce      0x1a0 Middlewares/Third_Party/FatFs/src/ff.o
 .text.put_fat  0x000000000800c36e      0x22e Middlewares/Third_Party/FatFs/src/ff.o
 .text.remove_chain
                0x000000000800c59c       0xca Middlewares/Third_Party/FatFs/src/ff.o
 .text.create_chain
                0x000000000800c666      0x130 Middlewares/Third_Party/FatFs/src/ff.o
 .text.clmt_clust
                0x000000000800c796       0x70 Middlewares/Third_Party/FatFs/src/ff.o
 .text.dir_sdi  0x000000000800c806      0x112 Middlewares/Third_Party/FatFs/src/ff.o
 .text.dir_next
                0x000000000800c918      0x1ac Middlewares/Third_Party/FatFs/src/ff.o
 .text.dir_alloc
                0x000000000800cac4       0x8e Middlewares/Third_Party/FatFs/src/ff.o
 .text.ld_clust
                0x000000000800cb52       0x3e Middlewares/Third_Party/FatFs/src/ff.o
 .text.st_clust
                0x000000000800cb90       0x40 Middlewares/Third_Party/FatFs/src/ff.o
 .text.dir_find
                0x000000000800cbd0       0xaa Middlewares/Third_Party/FatFs/src/ff.o
 .text.dir_register
                0x000000000800cc7a       0x64 Middlewares/Third_Party/FatFs/src/ff.o
 *fill*         0x000000000800ccde        0x2 
 .text.create_name
                0x000000000800cce0      0x128 Middlewares/Third_Party/FatFs/src/ff.o
 .text.follow_path
                0x000000000800ce08       0xec Middlewares/Third_Party/FatFs/src/ff.o
 .text.get_ldnumber
                0x000000000800cef4       0x88 Middlewares/Third_Party/FatFs/src/ff.o
 .text.check_fs
                0x000000000800cf7c       0xac Middlewares/Third_Party/FatFs/src/ff.o
 .text.find_volume
                0x000000000800d028      0x508 Middlewares/Third_Party/FatFs/src/ff.o
 .text.validate
                0x000000000800d530       0x6a Middlewares/Third_Party/FatFs/src/ff.o
 *fill*         0x000000000800d59a        0x2 
 .text.f_mount  0x000000000800d59c       0x8c Middlewares/Third_Party/FatFs/src/ff.o
                0x000000000800d59c                f_mount
 .text.f_open   0x000000000800d628      0x398 Middlewares/Third_Party/FatFs/src/ff.o
                0x000000000800d628                f_open
 .text.f_write  0x000000000800d9c0      0x328 Middlewares/Third_Party/FatFs/src/ff.o
                0x000000000800d9c0                f_write
 .text.f_sync   0x000000000800dce8       0xfc Middlewares/Third_Party/FatFs/src/ff.o
                0x000000000800dce8                f_sync
 .text.f_close  0x000000000800dde4       0x54 Middlewares/Third_Party/FatFs/src/ff.o
                0x000000000800dde4                f_close
 .text.FATFS_LinkDriverEx
                0x000000000800de38       0x98 Middlewares/Third_Party/FatFs/src/ff_gen_drv.o
                0x000000000800de38                FATFS_LinkDriverEx
 .text.FATFS_LinkDriver
                0x000000000800ded0       0x1e Middlewares/Third_Party/FatFs/src/ff_gen_drv.o
                0x000000000800ded0                FATFS_LinkDriver
 *fill*         0x000000000800deee        0x2 
 .text.MX_USB_DEVICE_Init
                0x000000000800def0       0x64 USB_DEVICE/App/usb_device.o
                0x000000000800def0                MX_USB_DEVICE_Init
 .text.USBD_FS_DeviceDescriptor
                0x000000000800df54       0x24 USB_DEVICE/App/usbd_desc.o
                0x000000000800df54                USBD_FS_DeviceDescriptor
 .text.USBD_FS_LangIDStrDescriptor
                0x000000000800df78       0x24 USB_DEVICE/App/usbd_desc.o
                0x000000000800df78                USBD_FS_LangIDStrDescriptor
 .text.USBD_FS_ProductStrDescriptor
                0x000000000800df9c       0x3c USB_DEVICE/App/usbd_desc.o
                0x000000000800df9c                USBD_FS_ProductStrDescriptor
 .text.USBD_FS_ManufacturerStrDescriptor
                0x000000000800dfd8       0x28 USB_DEVICE/App/usbd_desc.o
                0x000000000800dfd8                USBD_FS_ManufacturerStrDescriptor
 .text.USBD_FS_SerialStrDescriptor
                0x000000000800e000       0x24 USB_DEVICE/App/usbd_desc.o
                0x000000000800e000                USBD_FS_SerialStrDescriptor
 .text.USBD_FS_ConfigStrDescriptor
                0x000000000800e024       0x3c USB_DEVICE/App/usbd_desc.o
                0x000000000800e024                USBD_FS_ConfigStrDescriptor
 .text.USBD_FS_InterfaceStrDescriptor
                0x000000000800e060       0x3c USB_DEVICE/App/usbd_desc.o
                0x000000000800e060                USBD_FS_InterfaceStrDescriptor
 .text.Get_SerialNum
                0x000000000800e09c       0x58 USB_DEVICE/App/usbd_desc.o
 .text.IntToUnicode
                0x000000000800e0f4       0x7c USB_DEVICE/App/usbd_desc.o
 .text.STORAGE_Init_FS
                0x000000000800e170       0x18 USB_DEVICE/App/usbd_storage_if.o
 .text.STORAGE_GetCapacity_FS
                0x000000000800e188       0x48 USB_DEVICE/App/usbd_storage_if.o
 .text.STORAGE_IsReady_FS
                0x000000000800e1d0       0x18 USB_DEVICE/App/usbd_storage_if.o
 .text.STORAGE_IsWriteProtected_FS
                0x000000000800e1e8       0x18 USB_DEVICE/App/usbd_storage_if.o
 .text.STORAGE_Read_FS
                0x000000000800e200       0x50 USB_DEVICE/App/usbd_storage_if.o
 .text.STORAGE_Write_FS
                0x000000000800e250       0x50 USB_DEVICE/App/usbd_storage_if.o
 .text.STORAGE_GetMaxLun_FS
                0x000000000800e2a0       0x10 USB_DEVICE/App/usbd_storage_if.o
 .text.HAL_PCD_MspInit
                0x000000000800e2b0       0xa4 USB_DEVICE/Target/usbd_conf.o
                0x000000000800e2b0                HAL_PCD_MspInit
 .text.HAL_PCD_SetupStageCallback
                0x000000000800e354       0x24 USB_DEVICE/Target/usbd_conf.o
                0x000000000800e354                HAL_PCD_SetupStageCallback
 .text.HAL_PCD_DataOutStageCallback
                0x000000000800e378       0x36 USB_DEVICE/Target/usbd_conf.o
                0x000000000800e378                HAL_PCD_DataOutStageCallback
 .text.HAL_PCD_DataInStageCallback
                0x000000000800e3ae       0x34 USB_DEVICE/Target/usbd_conf.o
                0x000000000800e3ae                HAL_PCD_DataInStageCallback
 .text.HAL_PCD_SOFCallback
                0x000000000800e3e2       0x1c USB_DEVICE/Target/usbd_conf.o
                0x000000000800e3e2                HAL_PCD_SOFCallback
 .text.HAL_PCD_ResetCallback
                0x000000000800e3fe       0x50 USB_DEVICE/Target/usbd_conf.o
                0x000000000800e3fe                HAL_PCD_ResetCallback
 *fill*         0x000000000800e44e        0x2 
 .text.HAL_PCD_SuspendCallback
                0x000000000800e450       0x4c USB_DEVICE/Target/usbd_conf.o
                0x000000000800e450                HAL_PCD_SuspendCallback
 .text.HAL_PCD_ResumeCallback
                0x000000000800e49c       0x1c USB_DEVICE/Target/usbd_conf.o
                0x000000000800e49c                HAL_PCD_ResumeCallback
 .text.HAL_PCD_ISOOUTIncompleteCallback
                0x000000000800e4b8       0x24 USB_DEVICE/Target/usbd_conf.o
                0x000000000800e4b8                HAL_PCD_ISOOUTIncompleteCallback
 .text.HAL_PCD_ISOINIncompleteCallback
                0x000000000800e4dc       0x24 USB_DEVICE/Target/usbd_conf.o
                0x000000000800e4dc                HAL_PCD_ISOINIncompleteCallback
 .text.HAL_PCD_ConnectCallback
                0x000000000800e500       0x1c USB_DEVICE/Target/usbd_conf.o
                0x000000000800e500                HAL_PCD_ConnectCallback
 .text.HAL_PCD_DisconnectCallback
                0x000000000800e51c       0x1c USB_DEVICE/Target/usbd_conf.o
                0x000000000800e51c                HAL_PCD_DisconnectCallback
 .text.USBD_LL_Init
                0x000000000800e538       0xa0 USB_DEVICE/Target/usbd_conf.o
                0x000000000800e538                USBD_LL_Init
 .text.USBD_LL_Start
                0x000000000800e5d8       0x36 USB_DEVICE/Target/usbd_conf.o
                0x000000000800e5d8                USBD_LL_Start
 .text.USBD_LL_OpenEP
                0x000000000800e60e       0x4c USB_DEVICE/Target/usbd_conf.o
                0x000000000800e60e                USBD_LL_OpenEP
 .text.USBD_LL_CloseEP
                0x000000000800e65a       0x3e USB_DEVICE/Target/usbd_conf.o
                0x000000000800e65a                USBD_LL_CloseEP
 .text.USBD_LL_FlushEP
                0x000000000800e698       0x3e USB_DEVICE/Target/usbd_conf.o
                0x000000000800e698                USBD_LL_FlushEP
 .text.USBD_LL_StallEP
                0x000000000800e6d6       0x3e USB_DEVICE/Target/usbd_conf.o
                0x000000000800e6d6                USBD_LL_StallEP
 .text.USBD_LL_ClearStallEP
                0x000000000800e714       0x3e USB_DEVICE/Target/usbd_conf.o
                0x000000000800e714                USBD_LL_ClearStallEP
 .text.USBD_LL_IsStallEP
                0x000000000800e752       0x58 USB_DEVICE/Target/usbd_conf.o
                0x000000000800e752                USBD_LL_IsStallEP
 .text.USBD_LL_SetUSBAddress
                0x000000000800e7aa       0x3e USB_DEVICE/Target/usbd_conf.o
                0x000000000800e7aa                USBD_LL_SetUSBAddress
 .text.USBD_LL_Transmit
                0x000000000800e7e8       0x42 USB_DEVICE/Target/usbd_conf.o
                0x000000000800e7e8                USBD_LL_Transmit
 .text.USBD_LL_PrepareReceive
                0x000000000800e82a       0x42 USB_DEVICE/Target/usbd_conf.o
                0x000000000800e82a                USBD_LL_PrepareReceive
 .text.USBD_LL_GetRxDataSize
                0x000000000800e86c       0x26 USB_DEVICE/Target/usbd_conf.o
                0x000000000800e86c                USBD_LL_GetRxDataSize
 *fill*         0x000000000800e892        0x2 
 .text.USBD_Get_USB_Status
                0x000000000800e894       0x58 USB_DEVICE/Target/usbd_conf.o
                0x000000000800e894                USBD_Get_USB_Status
 .text.__errno  0x000000000800e8ec        0xc /opt/st/stm32cubeide_1.4.0/plugins/com.st.stm32cube.ide.mcu.externaltools.gnu-tools-for-stm32.7-2018-q2-update.linux64_1.4.0.202007081208/tools/bin/../lib/gcc/arm-none-eabi/7.3.1/../../../../arm-none-eabi/lib/thumb/v7e-m/fpv5/hard/libc_nano.a(lib_a-errno.o)
                0x000000000800e8ec                __errno
 .text.__libc_init_array
                0x000000000800e8f8       0x48 /opt/st/stm32cubeide_1.4.0/plugins/com.st.stm32cube.ide.mcu.externaltools.gnu-tools-for-stm32.7-2018-q2-update.linux64_1.4.0.202007081208/tools/bin/../lib/gcc/arm-none-eabi/7.3.1/../../../../arm-none-eabi/lib/thumb/v7e-m/fpv5/hard/libc_nano.a(lib_a-init.o)
                0x000000000800e8f8                __libc_init_array
 .text.malloc   0x000000000800e940       0x10 /opt/st/stm32cubeide_1.4.0/plugins/com.st.stm32cube.ide.mcu.externaltools.gnu-tools-for-stm32.7-2018-q2-update.linux64_1.4.0.202007081208/tools/bin/../lib/gcc/arm-none-eabi/7.3.1/../../../../arm-none-eabi/lib/thumb/v7e-m/fpv5/hard/libc_nano.a(lib_a-malloc.o)
                0x000000000800e940                malloc
 .text.free     0x000000000800e950       0x10 /opt/st/stm32cubeide_1.4.0/plugins/com.st.stm32cube.ide.mcu.externaltools.gnu-tools-for-stm32.7-2018-q2-update.linux64_1.4.0.202007081208/tools/bin/../lib/gcc/arm-none-eabi/7.3.1/../../../../arm-none-eabi/lib/thumb/v7e-m/fpv5/hard/libc_nano.a(lib_a-malloc.o)
                0x000000000800e950                free
 .text.memset   0x000000000800e960       0x10 /opt/st/stm32cubeide_1.4.0/plugins/com.st.stm32cube.ide.mcu.externaltools.gnu-tools-for-stm32.7-2018-q2-update.linux64_1.4.0.202007081208/tools/bin/../lib/gcc/arm-none-eabi/7.3.1/../../../../arm-none-eabi/lib/thumb/v7e-m/fpv5/hard/libc_nano.a(lib_a-memset.o)
                0x000000000800e960                memset
 .text._free_r  0x000000000800e970       0x9c /opt/st/stm32cubeide_1.4.0/plugins/com.st.stm32cube.ide.mcu.externaltools.gnu-tools-for-stm32.7-2018-q2-update.linux64_1.4.0.202007081208/tools/bin/../lib/gcc/arm-none-eabi/7.3.1/../../../../arm-none-eabi/lib/thumb/v7e-m/fpv5/hard/libc_nano.a(lib_a-nano-freer.o)
                0x000000000800e970                _free_r
 .text._malloc_r
                0x000000000800ea0c       0xb4 /opt/st/stm32cubeide_1.4.0/plugins/com.st.stm32cube.ide.mcu.externaltools.gnu-tools-for-stm32.7-2018-q2-update.linux64_1.4.0.202007081208/tools/bin/../lib/gcc/arm-none-eabi/7.3.1/../../../../arm-none-eabi/lib/thumb/v7e-m/fpv5/hard/libc_nano.a(lib_a-nano-mallocr.o)
                0x000000000800ea0c                _malloc_r
 .text._sbrk_r  0x000000000800eac0       0x20 /opt/st/stm32cubeide_1.4.0/plugins/com.st.stm32cube.ide.mcu.externaltools.gnu-tools-for-stm32.7-2018-q2-update.linux64_1.4.0.202007081208/tools/bin/../lib/gcc/arm-none-eabi/7.3.1/../../../../arm-none-eabi/lib/thumb/v7e-m/fpv5/hard/libc_nano.a(lib_a-sbrkr.o)
                0x000000000800eac0                _sbrk_r
 .text.__malloc_lock
                0x000000000800eae0        0x2 /opt/st/stm32cubeide_1.4.0/plugins/com.st.stm32cube.ide.mcu.externaltools.gnu-tools-for-stm32.7-2018-q2-update.linux64_1.4.0.202007081208/tools/bin/../lib/gcc/arm-none-eabi/7.3.1/../../../../arm-none-eabi/lib/thumb/v7e-m/fpv5/hard/libc_nano.a(lib_a-mlock.o)
                0x000000000800eae0                __malloc_lock
 .text.__malloc_unlock
                0x000000000800eae2        0x2 /opt/st/stm32cubeide_1.4.0/plugins/com.st.stm32cube.ide.mcu.externaltools.gnu-tools-for-stm32.7-2018-q2-update.linux64_1.4.0.202007081208/tools/bin/../lib/gcc/arm-none-eabi/7.3.1/../../../../arm-none-eabi/lib/thumb/v7e-m/fpv5/hard/libc_nano.a(lib_a-mlock.o)
                0x000000000800eae2                __malloc_unlock
 *(.glue_7)
 .glue_7        0x000000000800eae4        0x0 linker stubs
 *(.glue_7t)
 .glue_7t       0x000000000800eae4        0x0 linker stubs
 *(.eh_frame)
 .eh_frame      0x000000000800eae4        0x0 /opt/st/stm32cubeide_1.4.0/plugins/com.st.stm32cube.ide.mcu.externaltools.gnu-tools-for-stm32.7-2018-q2-update.linux64_1.4.0.202007081208/tools/bin/../lib/gcc/arm-none-eabi/7.3.1/thumb/v7e-m/fpv5/hard/crtbegin.o
 *(.init)
 .init          0x000000000800eae4        0x4 /opt/st/stm32cubeide_1.4.0/plugins/com.st.stm32cube.ide.mcu.externaltools.gnu-tools-for-stm32.7-2018-q2-update.linux64_1.4.0.202007081208/tools/bin/../lib/gcc/arm-none-eabi/7.3.1/thumb/v7e-m/fpv5/hard/crti.o
                0x000000000800eae4                _init
 .init          0x000000000800eae8        0x8 /opt/st/stm32cubeide_1.4.0/plugins/com.st.stm32cube.ide.mcu.externaltools.gnu-tools-for-stm32.7-2018-q2-update.linux64_1.4.0.202007081208/tools/bin/../lib/gcc/arm-none-eabi/7.3.1/thumb/v7e-m/fpv5/hard/crtn.o
 *(.fini)
 .fini          0x000000000800eaf0        0x4 /opt/st/stm32cubeide_1.4.0/plugins/com.st.stm32cube.ide.mcu.externaltools.gnu-tools-for-stm32.7-2018-q2-update.linux64_1.4.0.202007081208/tools/bin/../lib/gcc/arm-none-eabi/7.3.1/thumb/v7e-m/fpv5/hard/crti.o
                0x000000000800eaf0                _fini
 .fini          0x000000000800eaf4        0x8 /opt/st/stm32cubeide_1.4.0/plugins/com.st.stm32cube.ide.mcu.externaltools.gnu-tools-for-stm32.7-2018-q2-update.linux64_1.4.0.202007081208/tools/bin/../lib/gcc/arm-none-eabi/7.3.1/thumb/v7e-m/fpv5/hard/crtn.o
                0x000000000800eafc                . = ALIGN (0x4)
                0x000000000800eafc                _etext = .

.vfp11_veneer   0x000000000800eafc        0x0
 .vfp11_veneer  0x000000000800eafc        0x0 linker stubs

.v4_bx          0x000000000800eafc        0x0
 .v4_bx         0x000000000800eafc        0x0 linker stubs

.iplt           0x000000000800eafc        0x0
 .iplt          0x000000000800eafc        0x0 /opt/st/stm32cubeide_1.4.0/plugins/com.st.stm32cube.ide.mcu.externaltools.gnu-tools-for-stm32.7-2018-q2-update.linux64_1.4.0.202007081208/tools/bin/../lib/gcc/arm-none-eabi/7.3.1/thumb/v7e-m/fpv5/hard/crtbegin.o

.rodata         0x000000000800eafc      0x188
                0x000000000800eafc                . = ALIGN (0x4)
 *(.rodata)
 .rodata        0x000000000800eafc       0x36 Core/Src/main.o
 *fill*         0x000000000800eb32        0x2 
 .rodata        0x000000000800eb34       0x44 Middlewares/Third_Party/FatFs/src/ff.o
 .rodata        0x000000000800eb78       0x42 USB_DEVICE/App/usbd_desc.o
 *(.rodata*)
 *fill*         0x000000000800ebba        0x2 
 .rodata.D1CorePrescTable
                0x000000000800ebbc       0x10 Core/Src/system_stm32h7xx.o
                0x000000000800ebbc                D1CorePrescTable
 .rodata.SD_Driver
                0x000000000800ebcc       0x14 FATFS/Target/sd_diskio.o
                0x000000000800ebcc                SD_Driver
 .rodata.ExCvt  0x000000000800ebe0       0x80 Middlewares/Third_Party/FatFs/src/ff.o
 .rodata.STORAGE_Inquirydata_FS
                0x000000000800ec60       0x24 USB_DEVICE/App/usbd_storage_if.o
                0x000000000800ec60                STORAGE_Inquirydata_FS
                0x000000000800ec84                . = ALIGN (0x4)

.rel.dyn        0x000000000800ec84        0x0
 .rel.iplt      0x000000000800ec84        0x0 /opt/st/stm32cubeide_1.4.0/plugins/com.st.stm32cube.ide.mcu.externaltools.gnu-tools-for-stm32.7-2018-q2-update.linux64_1.4.0.202007081208/tools/bin/../lib/gcc/arm-none-eabi/7.3.1/thumb/v7e-m/fpv5/hard/crtbegin.o

.ARM.extab      0x000000000800ec84        0x0
                0x000000000800ec84                . = ALIGN (0x4)
 *(.ARM.extab* .gnu.linkonce.armextab.*)
                0x000000000800ec84                . = ALIGN (0x4)

.ARM            0x000000000800ec84        0x0
                0x000000000800ec84                . = ALIGN (0x4)
                0x000000000800ec84                __exidx_start = .
 *(.ARM.exidx*)
                0x000000000800ec84                __exidx_end = .
                0x000000000800ec84                . = ALIGN (0x4)

.preinit_array  0x000000000800ec84        0x0
                0x000000000800ec84                . = ALIGN (0x4)
                0x000000000800ec84                PROVIDE (__preinit_array_start = .)
 *(.preinit_array*)
                0x000000000800ec84                PROVIDE (__preinit_array_end = .)
                0x000000000800ec84                . = ALIGN (0x4)

.init_array     0x000000000800ec84        0x4
                0x000000000800ec84                . = ALIGN (0x4)
                0x000000000800ec84                PROVIDE (__init_array_start = .)
 *(SORT_BY_NAME(.init_array.*))
 *(.init_array*)
 .init_array    0x000000000800ec84        0x4 /opt/st/stm32cubeide_1.4.0/plugins/com.st.stm32cube.ide.mcu.externaltools.gnu-tools-for-stm32.7-2018-q2-update.linux64_1.4.0.202007081208/tools/bin/../lib/gcc/arm-none-eabi/7.3.1/thumb/v7e-m/fpv5/hard/crtbegin.o
                0x000000000800ec88                PROVIDE (__init_array_end = .)
                0x000000000800ec88                . = ALIGN (0x4)

.fini_array     0x000000000800ec88        0x4
                0x000000000800ec88                . = ALIGN (0x4)
                [!provide]                        PROVIDE (__fini_array_start = .)
 *(SORT_BY_NAME(.fini_array.*))
 *(.fini_array*)
 .fini_array    0x000000000800ec88        0x4 /opt/st/stm32cubeide_1.4.0/plugins/com.st.stm32cube.ide.mcu.externaltools.gnu-tools-for-stm32.7-2018-q2-update.linux64_1.4.0.202007081208/tools/bin/../lib/gcc/arm-none-eabi/7.3.1/thumb/v7e-m/fpv5/hard/crtbegin.o
                [!provide]                        PROVIDE (__fini_array_end = .)
                0x000000000800ec8c                . = ALIGN (0x4)
                0x000000000800ec8c                _sidata = LOADADDR (.data)

.data           0x0000000024000000      0x1cc load address 0x000000000800ec8c
                0x0000000024000000                . = ALIGN (0x4)
                0x0000000024000000                _sdata = .
 *(.data)
 *(.data*)
 .data.SystemCoreClock
                0x0000000024000000        0x4 Core/Src/system_stm32h7xx.o
                0x0000000024000000                SystemCoreClock
 .data.SystemD2Clock
                0x0000000024000004        0x4 Core/Src/system_stm32h7xx.o
                0x0000000024000004                SystemD2Clock
 .data.uwTickPrio
                0x0000000024000008        0x4 Drivers/STM32H7xx_HAL_Driver/Src/stm32h7xx_hal.o
                0x0000000024000008                uwTickPrio
 .data.uwTickFreq
                0x000000002400000c        0x1 Drivers/STM32H7xx_HAL_Driver/Src/stm32h7xx_hal.o
                0x000000002400000c                uwTickFreq
 .data.Stat     0x000000002400000d        0x1 FATFS/Target/sd_diskio.o
 *fill*         0x000000002400000e        0x2 
 .data.USBD_MSC
                0x0000000024000010       0x38 Middlewares/ST/STM32_USB_Device_Library/Class/MSC/Src/usbd_msc.o
                0x0000000024000010                USBD_MSC
 .data.USBD_MSC_CfgHSDesc
                0x0000000024000048       0x20 Middlewares/ST/STM32_USB_Device_Library/Class/MSC/Src/usbd_msc.o
 .data.USBD_MSC_CfgFSDesc
                0x0000000024000068       0x20 Middlewares/ST/STM32_USB_Device_Library/Class/MSC/Src/usbd_msc.o
 .data.USBD_MSC_OtherSpeedCfgDesc
                0x0000000024000088       0x20 Middlewares/ST/STM32_USB_Device_Library/Class/MSC/Src/usbd_msc.o
 .data.USBD_MSC_DeviceQualifierDesc
                0x00000000240000a8        0xa Middlewares/ST/STM32_USB_Device_Library/Class/MSC/Src/usbd_msc.o
 *fill*         0x00000000240000b2        0x2 
 .data.MSC_Page00_Inquiry_Data
                0x00000000240000b4        0x6 Middlewares/ST/STM32_USB_Device_Library/Class/MSC/Src/usbd_msc_data.o
                0x00000000240000b4                MSC_Page00_Inquiry_Data
 *fill*         0x00000000240000ba        0x2 
 .data.MSC_Page80_Inquiry_Data
                0x00000000240000bc        0x8 Middlewares/ST/STM32_USB_Device_Library/Class/MSC/Src/usbd_msc_data.o
                0x00000000240000bc                MSC_Page80_Inquiry_Data
 .data.MSC_Mode_Sense6_data
                0x00000000240000c4       0x17 Middlewares/ST/STM32_USB_Device_Library/Class/MSC/Src/usbd_msc_data.o
                0x00000000240000c4                MSC_Mode_Sense6_data
 *fill*         0x00000000240000db        0x1 
 .data.MSC_Mode_Sense10_data
                0x00000000240000dc       0x1b Middlewares/ST/STM32_USB_Device_Library/Class/MSC/Src/usbd_msc_data.o
                0x00000000240000dc                MSC_Mode_Sense10_data
 *fill*         0x00000000240000f7        0x1 
 .data.FS_Desc  0x00000000240000f8       0x1c USB_DEVICE/App/usbd_desc.o
                0x00000000240000f8                FS_Desc
 .data.USBD_FS_DeviceDesc
                0x0000000024000114       0x12 USB_DEVICE/App/usbd_desc.o
                0x0000000024000114                USBD_FS_DeviceDesc
 *fill*         0x0000000024000126        0x2 
 .data.USBD_LangIDDesc
                0x0000000024000128        0x4 USB_DEVICE/App/usbd_desc.o
                0x0000000024000128                USBD_LangIDDesc
 .data.USBD_StringSerial
                0x000000002400012c       0x1a USB_DEVICE/App/usbd_desc.o
                0x000000002400012c                USBD_StringSerial
 *fill*         0x0000000024000146        0x2 
 .data.USBD_Storage_Interface_fops_FS
                0x0000000024000148       0x20 USB_DEVICE/App/usbd_storage_if.o
                0x0000000024000148                USBD_Storage_Interface_fops_FS
 .data._impure_ptr
                0x0000000024000168        0x4 /opt/st/stm32cubeide_1.4.0/plugins/com.st.stm32cube.ide.mcu.externaltools.gnu-tools-for-stm32.7-2018-q2-update.linux64_1.4.0.202007081208/tools/bin/../lib/gcc/arm-none-eabi/7.3.1/../../../../arm-none-eabi/lib/thumb/v7e-m/fpv5/hard/libc_nano.a(lib_a-impure.o)
                0x0000000024000168                _impure_ptr
 .data.impure_data
                0x000000002400016c       0x60 /opt/st/stm32cubeide_1.4.0/plugins/com.st.stm32cube.ide.mcu.externaltools.gnu-tools-for-stm32.7-2018-q2-update.linux64_1.4.0.202007081208/tools/bin/../lib/gcc/arm-none-eabi/7.3.1/../../../../arm-none-eabi/lib/thumb/v7e-m/fpv5/hard/libc_nano.a(lib_a-impure.o)
                0x00000000240001cc                . = ALIGN (0x4)
                0x00000000240001cc                _edata = .

.igot.plt       0x00000000240001cc        0x0 load address 0x000000000800ee58
 .igot.plt      0x00000000240001cc        0x0 /opt/st/stm32cubeide_1.4.0/plugins/com.st.stm32cube.ide.mcu.externaltools.gnu-tools-for-stm32.7-2018-q2-update.linux64_1.4.0.202007081208/tools/bin/../lib/gcc/arm-none-eabi/7.3.1/thumb/v7e-m/fpv5/hard/crtbegin.o
                0x00000000240001cc                . = ALIGN (0x4)

.bss            0x00000000240001cc     0x4a94 load address 0x000000000800ee58
                0x00000000240001cc                _sbss = .
                0x00000000240001cc                __bss_start__ = _sbss
 *(.bss)
 .bss           0x00000000240001cc       0x1c /opt/st/stm32cubeide_1.4.0/plugins/com.st.stm32cube.ide.mcu.externaltools.gnu-tools-for-stm32.7-2018-q2-update.linux64_1.4.0.202007081208/tools/bin/../lib/gcc/arm-none-eabi/7.3.1/thumb/v7e-m/fpv5/hard/crtbegin.o
 *(.bss*)
 .bss.__sbrk_heap_end
                0x00000000240001e8        0x4 Core/Src/sysmem.o
 .bss.cfgidx.12377
                0x00000000240001ec        0x1 Middlewares/ST/STM32_USB_Device_Library/Core/Src/usbd_ctlreq.o
 *fill*         0x00000000240001ed        0x3 
 .bss.FatFs     0x00000000240001f0        0x4 Middlewares/Third_Party/FatFs/src/ff.o
 .bss.Fsid      0x00000000240001f4        0x2 Middlewares/Third_Party/FatFs/src/ff.o
 *fill*         0x00000000240001f6        0x2 
 .bss.Files     0x00000000240001f8       0x20 Middlewares/Third_Party/FatFs/src/ff.o
 .bss.disk      0x0000000024000218        0xc Middlewares/Third_Party/FatFs/src/ff_gen_drv.o
                0x0000000024000218                disk
 .bss.__malloc_free_list
                0x0000000024000224        0x4 /opt/st/stm32cubeide_1.4.0/plugins/com.st.stm32cube.ide.mcu.externaltools.gnu-tools-for-stm32.7-2018-q2-update.linux64_1.4.0.202007081208/tools/bin/../lib/gcc/arm-none-eabi/7.3.1/../../../../arm-none-eabi/lib/thumb/v7e-m/fpv5/hard/libc_nano.a(lib_a-nano-mallocr.o)
                0x0000000024000224                __malloc_free_list
 .bss.__malloc_sbrk_start
                0x0000000024000228        0x4 /opt/st/stm32cubeide_1.4.0/plugins/com.st.stm32cube.ide.mcu.externaltools.gnu-tools-for-stm32.7-2018-q2-update.linux64_1.4.0.202007081208/tools/bin/../lib/gcc/arm-none-eabi/7.3.1/../../../../arm-none-eabi/lib/thumb/v7e-m/fpv5/hard/libc_nano.a(lib_a-nano-mallocr.o)
                0x0000000024000228                __malloc_sbrk_start
 *(COMMON)
 COMMON         0x000000002400022c     0x20e8 Core/Src/main.o
                0x000000002400022c                myFILE
                0x000000002400125c                hsd1
                0x00000000240012dc                myFATAFS
                0x0000000024002310                testByte
 COMMON         0x0000000024002314        0x4 Drivers/STM32H7xx_HAL_Driver/Src/stm32h7xx_hal.o
                0x0000000024002314                uwTick
 COMMON         0x0000000024002318     0x206c FATFS/App/fatfs.o
                0x0000000024002318                retSD
                0x000000002400231c                SDPath
                0x0000000024002320                SDFile
                0x0000000024003350                SDFatFS
 COMMON         0x0000000024004384      0x2d0 USB_DEVICE/App/usb_device.o
                0x0000000024004384                hUsbDeviceFS
 COMMON         0x0000000024004654      0x200 USB_DEVICE/App/usbd_desc.o
                0x0000000024004654                USBD_StrDesc
 COMMON         0x0000000024004854      0x408 USB_DEVICE/Target/usbd_conf.o
                0x0000000024004854                hpcd_USB_OTG_FS
 COMMON         0x0000000024004c5c        0x4 /opt/st/stm32cubeide_1.4.0/plugins/com.st.stm32cube.ide.mcu.externaltools.gnu-tools-for-stm32.7-2018-q2-update.linux64_1.4.0.202007081208/tools/bin/../lib/gcc/arm-none-eabi/7.3.1/../../../../arm-none-eabi/lib/thumb/v7e-m/fpv5/hard/libc_nano.a(lib_a-reent.o)
                0x0000000024004c5c                errno
                0x0000000024004c60                . = ALIGN (0x4)
                0x0000000024004c60                _ebss = .
                0x0000000024004c60                __bss_end__ = _ebss

._user_heap_stack
                0x0000000024004c60      0x600 load address 0x000000000800ee58
                0x0000000024004c60                . = ALIGN (0x8)
                [!provide]                        PROVIDE (end = .)
                0x0000000024004c60                PROVIDE (_end = .)
                0x0000000024004e60                . = (. + _Min_Heap_Size)
 *fill*         0x0000000024004c60      0x200 
                0x0000000024005260                . = (. + _Min_Stack_Size)
 *fill*         0x0000000024004e60      0x400 
                0x0000000024005260                . = ALIGN (0x8)

/DISCARD/
 libc.a(*)
 libm.a(*)
 libgcc.a(*)

.ARM.attributes
                0x0000000000000000       0x2e
 *(.ARM.attributes)
 .ARM.attributes
                0x0000000000000000       0x20 /opt/st/stm32cubeide_1.4.0/plugins/com.st.stm32cube.ide.mcu.externaltools.gnu-tools-for-stm32.7-2018-q2-update.linux64_1.4.0.202007081208/tools/bin/../lib/gcc/arm-none-eabi/7.3.1/thumb/v7e-m/fpv5/hard/crti.o
 .ARM.attributes
                0x0000000000000020       0x32 /opt/st/stm32cubeide_1.4.0/plugins/com.st.stm32cube.ide.mcu.externaltools.gnu-tools-for-stm32.7-2018-q2-update.linux64_1.4.0.202007081208/tools/bin/../lib/gcc/arm-none-eabi/7.3.1/thumb/v7e-m/fpv5/hard/crtbegin.o
 .ARM.attributes
                0x0000000000000052       0x37 Core/Src/main.o
 .ARM.attributes
                0x0000000000000089       0x37 Core/Src/stm32h7xx_hal_msp.o
 .ARM.attributes
                0x00000000000000c0       0x37 Core/Src/stm32h7xx_it.o
 .ARM.attributes
                0x00000000000000f7       0x37 Core/Src/sysmem.o
 .ARM.attributes
                0x000000000000012e       0x37 Core/Src/system_stm32h7xx.o
 .ARM.attributes
                0x0000000000000165       0x21 Core/Startup/startup_stm32h743zitx.o
 .ARM.attributes
                0x0000000000000186       0x37 Drivers/STM32H7xx_HAL_Driver/Src/stm32h7xx_hal.o
 .ARM.attributes