Archive member included to satisfy reference by file (symbol)

/opt/st/stm32cubeide_1.4.0/plugins/com.st.stm32cube.ide.mcu.externaltools.gnu-tools-for-stm32.7-2018-q2-update.linux64_1.4.0.202007081208/tools/bin/../lib/gcc/arm-none-eabi/7.3.1/../../../../arm-none-eabi/lib/thumb/v7e-m/fpv5/hard/libc_nano.a(lib_a-errno.o)
                              Core/Src/syscalls.o (__errno)
/opt/st/stm32cubeide_1.4.0/plugins/com.st.stm32cube.ide.mcu.externaltools.gnu-tools-for-stm32.7-2018-q2-update.linux64_1.4.0.202007081208/tools/bin/../lib/gcc/arm-none-eabi/7.3.1/../../../../arm-none-eabi/lib/thumb/v7e-m/fpv5/hard/libc_nano.a(lib_a-exit.o)
                              /opt/st/stm32cubeide_1.4.0/plugins/com.st.stm32cube.ide.mcu.externaltools.gnu-tools-for-stm32.7-2018-q2-update.linux64_1.4.0.202007081208/tools/bin/../lib/gcc/arm-none-eabi/7.3.1/../../../../arm-none-eabi/lib/thumb/v7e-m/fpv5/hard/crt0.o (exit)
/opt/st/stm32cubeide_1.4.0/plugins/com.st.stm32cube.ide.mcu.externaltools.gnu-tools-for-stm32.7-2018-q2-update.linux64_1.4.0.202007081208/tools/bin/../lib/gcc/arm-none-eabi/7.3.1/../../../../arm-none-eabi/lib/thumb/v7e-m/fpv5/hard/libc_nano.a(lib_a-impure.o)
                              /opt/st/stm32cubeide_1.4.0/plugins/com.st.stm32cube.ide.mcu.externaltools.gnu-tools-for-stm32.7-2018-q2-update.linux64_1.4.0.202007081208/tools/bin/../lib/gcc/arm-none-eabi/7.3.1/../../../../arm-none-eabi/lib/thumb/v7e-m/fpv5/hard/libc_nano.a(lib_a-exit.o) (_global_impure_ptr)
/opt/st/stm32cubeide_1.4.0/plugins/com.st.stm32cube.ide.mcu.externaltools.gnu-tools-for-stm32.7-2018-q2-update.linux64_1.4.0.202007081208/tools/bin/../lib/gcc/arm-none-eabi/7.3.1/../../../../arm-none-eabi/lib/thumb/v7e-m/fpv5/hard/libc_nano.a(lib_a-init.o)
                              /opt/st/stm32cubeide_1.4.0/plugins/com.st.stm32cube.ide.mcu.externaltools.gnu-tools-for-stm32.7-2018-q2-update.linux64_1.4.0.202007081208/tools/bin/../lib/gcc/arm-none-eabi/7.3.1/../../../../arm-none-eabi/lib/thumb/v7e-m/fpv5/hard/crt0.o (__libc_init_array)
/opt/st/stm32cubeide_1.4.0/plugins/com.st.stm32cube.ide.mcu.externaltools.gnu-tools-for-stm32.7-2018-q2-update.linux64_1.4.0.202007081208/tools/bin/../lib/gcc/arm-none-eabi/7.3.1/../../../../arm-none-eabi/lib/thumb/v7e-m/fpv5/hard/libc_nano.a(lib_a-memset.o)
                              /opt/st/stm32cubeide_1.4.0/plugins/com.st.stm32cube.ide.mcu.externaltools.gnu-tools-for-stm32.7-2018-q2-update.linux64_1.4.0.202007081208/tools/bin/../lib/gcc/arm-none-eabi/7.3.1/../../../../arm-none-eabi/lib/thumb/v7e-m/fpv5/hard/crt0.o (memset)

Allocating common symbols
Common symbol       size              file

retSD               0x1               FATFS/App/fatfs.o
myFILE              0x1030            Core/Src/main.o
hsd1                0x80              Core/Src/main.o
uwTick              0x4               Drivers/STM32H7xx_HAL_Driver/Src/stm32h7xx_hal.o
pFlash              0x1c              Drivers/STM32H7xx_HAL_Driver/Src/stm32h7xx_hal_flash.o
SDPath              0x4               FATFS/App/fatfs.o
myFATAFS            0x1034            Core/Src/main.o
SDFile              0x1030            FATFS/App/fatfs.o
SDFatFS             0x1034            FATFS/App/fatfs.o
testByte            0x4               Core/Src/main.o

Discarded input sections

 .text          0x0000000000000000        0x0 /opt/st/stm32cubeide_1.4.0/plugins/com.st.stm32cube.ide.mcu.externaltools.gnu-tools-for-stm32.7-2018-q2-update.linux64_1.4.0.202007081208/tools/bin/../lib/gcc/arm-none-eabi/7.3.1/thumb/v7e-m/fpv5/hard/crti.o
 .data          0x0000000000000000        0x0 /opt/st/stm32cubeide_1.4.0/plugins/com.st.stm32cube.ide.mcu.externaltools.gnu-tools-for-stm32.7-2018-q2-update.linux64_1.4.0.202007081208/tools/bin/../lib/gcc/arm-none-eabi/7.3.1/thumb/v7e-m/fpv5/hard/crti.o
 .bss           0x0000000000000000        0x0 /opt/st/stm32cubeide_1.4.0/plugins/com.st.stm32cube.ide.mcu.externaltools.gnu-tools-for-stm32.7-2018-q2-update.linux64_1.4.0.202007081208/tools/bin/../lib/gcc/arm-none-eabi/7.3.1/thumb/v7e-m/fpv5/hard/crti.o
 .data          0x0000000000000000        0x4 /opt/st/stm32cubeide_1.4.0/plugins/com.st.stm32cube.ide.mcu.externaltools.gnu-tools-for-stm32.7-2018-q2-update.linux64_1.4.0.202007081208/tools/bin/../lib/gcc/arm-none-eabi/7.3.1/thumb/v7e-m/fpv5/hard/crtbegin.o
 .text          0x0000000000000000       0x74 /opt/st/stm32cubeide_1.4.0/plugins/com.st.stm32cube.ide.mcu.externaltools.gnu-tools-for-stm32.7-2018-q2-update.linux64_1.4.0.202007081208/tools/bin/../lib/gcc/arm-none-eabi/7.3.1/../../../../arm-none-eabi/lib/thumb/v7e-m/fpv5/hard/crt0.o
 .data          0x0000000000000000        0x0 /opt/st/stm32cubeide_1.4.0/plugins/com.st.stm32cube.ide.mcu.externaltools.gnu-tools-for-stm32.7-2018-q2-update.linux64_1.4.0.202007081208/tools/bin/../lib/gcc/arm-none-eabi/7.3.1/../../../../arm-none-eabi/lib/thumb/v7e-m/fpv5/hard/crt0.o
[...]
Memory Configuration

Name             Origin             Length             Attributes
DTCMRAM          0x0000000020000000 0x0000000000020000 xrw
ITCMRAM          0x0000000000000000 0x0000000000010000 xrw
RAM_D1           0x0000000024000000 0x0000000000080000 xrw
RAM_D2           0x0000000030000000 0x0000000000048000 xrw
RAM_D3           0x0000000038000000 0x0000000000010000 xrw
FLASH            0x0000000008000000 0x0000000000200000 xr
*default*        0x0000000000000000 0xffffffffffffffff

Linker script and memory map

LOAD /opt/st/stm32cubeide_1.4.0/plugins/com.st.stm32cube.ide.mcu.externaltools.gnu-tools-for-stm32.7-2018-q2-update.linux64_1.4.0.202007081208/tools/bin/../lib/gcc/arm-none-eabi/7.3.1/thumb/v7e-m/fpv5/hard/crti.o
LOAD /opt/st/stm32cubeide_1.4.0/plugins/com.st.stm32cube.ide.mcu.externaltools.gnu-tools-for-stm32.7-2018-q2-update.linux64_1.4.0.202007081208/tools/bin/../lib/gcc/arm-none-eabi/7.3.1/thumb/v7e-m/fpv5/hard/crtbegin.o
LOAD /opt/st/stm32cubeide_1.4.0/plugins/com.st.stm32cube.ide.mcu.externaltools.gnu-tools-for-stm32.7-2018-q2-update.linux64_1.4.0.202007081208/tools/bin/../lib/gcc/arm-none-eabi/7.3.1/../../../../arm-none-eabi/lib/thumb/v7e-m/fpv5/hard/crt0.o
LOAD Core/Src/main.o
LOAD Core/Src/stm32h7xx_hal_msp.o
LOAD Core/Src/stm32h7xx_it.o
LOAD Core/Src/syscalls.o
LOAD Core/Src/sysmem.o
LOAD Core/Src/system_stm32h7xx.o
LOAD Core/Startup/startup_stm32h743zitx.o
LOAD Drivers/STM32H7xx_HAL_Driver/Src/stm32h7xx_hal.o
LOAD Drivers/STM32H7xx_HAL_Driver/Src/stm32h7xx_hal_cortex.o
LOAD Drivers/STM32H7xx_HAL_Driver/Src/stm32h7xx_hal_dma.o
LOAD Drivers/STM32H7xx_HAL_Driver/Src/stm32h7xx_hal_dma_ex.o
LOAD Drivers/STM32H7xx_HAL_Driver/Src/stm32h7xx_hal_exti.o
LOAD Drivers/STM32H7xx_HAL_Driver/Src/stm32h7xx_hal_flash.o
LOAD Drivers/STM32H7xx_HAL_Driver/Src/stm32h7xx_hal_flash_ex.o
LOAD Drivers/STM32H7xx_HAL_Driver/Src/stm32h7xx_hal_gpio.o
LOAD Drivers/STM32H7xx_HAL_Driver/Src/stm32h7xx_hal_hsem.o
LOAD Drivers/STM32H7xx_HAL_Driver/Src/stm32h7xx_hal_i2c.o
LOAD Drivers/STM32H7xx_HAL_Driver/Src/stm32h7xx_hal_i2c_ex.o
LOAD Drivers/STM32H7xx_HAL_Driver/Src/stm32h7xx_hal_mdma.o
LOAD Drivers/STM32H7xx_HAL_Driver/Src/stm32h7xx_hal_pwr.o
LOAD Drivers/STM32H7xx_HAL_Driver/Src/stm32h7xx_hal_pwr_ex.o
LOAD Drivers/STM32H7xx_HAL_Driver/Src/stm32h7xx_hal_rcc.o
LOAD Drivers/STM32H7xx_HAL_Driver/Src/stm32h7xx_hal_rcc_ex.o
LOAD Drivers/STM32H7xx_HAL_Driver/Src/stm32h7xx_hal_sd.o
LOAD Drivers/STM32H7xx_HAL_Driver/Src/stm32h7xx_hal_sd_ex.o
LOAD Drivers/STM32H7xx_HAL_Driver/Src/stm32h7xx_hal_tim.o
LOAD Drivers/STM32H7xx_HAL_Driver/Src/stm32h7xx_hal_tim_ex.o
LOAD Drivers/STM32H7xx_HAL_Driver/Src/stm32h7xx_ll_delayblock.o
LOAD Drivers/STM32H7xx_HAL_Driver/Src/stm32h7xx_ll_sdmmc.o
LOAD FATFS/App/fatfs.o
LOAD FATFS/Target/bsp_driver_sd.o
LOAD FATFS/Target/sd_diskio.o
LOAD Middlewares/Third_Party/FatFs/src/diskio.o
LOAD Middlewares/Third_Party/FatFs/src/ff.o
LOAD Middlewares/Third_Party/FatFs/src/ff_gen_drv.o
LOAD Middlewares/Third_Party/FatFs/src/option/syscall.o
START GROUP
LOAD /opt/st/stm32cubeide_1.4.0/plugins/com.st.stm32cube.ide.mcu.externaltools.gnu-tools-for-stm32.7-2018-q2-update.linux64_1.4.0.202007081208/tools/bin/../lib/gcc/arm-none-eabi/7.3.1/../../../../arm-none-eabi/lib/thumb/v7e-m/fpv5/hard/libstdc++_nano.a
LOAD /opt/st/stm32cubeide_1.4.0/plugins/com.st.stm32cube.ide.mcu.externaltools.gnu-tools-for-stm32.7-2018-q2-update.linux64_1.4.0.202007081208/tools/bin/../lib/gcc/arm-none-eabi/7.3.1/../../../../arm-none-eabi/lib/thumb/v7e-m/fpv5/hard/libsupc++_nano.a
END GROUP
LOAD /opt/st/stm32cubeide_1.4.0/plugins/com.st.stm32cube.ide.mcu.externaltools.gnu-tools-for-stm32.7-2018-q2-update.linux64_1.4.0.202007081208/tools/bin/../lib/gcc/arm-none-eabi/7.3.1/../../../../arm-none-eabi/lib/thumb/v7e-m/fpv5/hard/libstdc++_nano.a
LOAD /opt/st/stm32cubeide_1.4.0/plugins/com.st.stm32cube.ide.mcu.externaltools.gnu-tools-for-stm32.7-2018-q2-update.linux64_1.4.0.202007081208/tools/bin/../lib/gcc/arm-none-eabi/7.3.1/../../../../arm-none-eabi/lib/thumb/v7e-m/fpv5/hard/libm.a
LOAD /opt/st/stm32cubeide_1.4.0/plugins/com.st.stm32cube.ide.mcu.externaltools.gnu-tools-for-stm32.7-2018-q2-update.linux64_1.4.0.202007081208/tools/bin/../lib/gcc/arm-none-eabi/7.3.1/../../../../arm-none-eabi/lib/thumb/v7e-m/fpv5/hard/libc_nano.a
START GROUP
LOAD /opt/st/stm32cubeide_1.4.0/plugins/com.st.stm32cube.ide.mcu.externaltools.gnu-tools-for-stm32.7-2018-q2-update.linux64_1.4.0.202007081208/tools/bin/../lib/gcc/arm-none-eabi/7.3.1/thumb/v7e-m/fpv5/hard/libgcc.a
LOAD /opt/st/stm32cubeide_1.4.0/plugins/com.st.stm32cube.ide.mcu.externaltools.gnu-tools-for-stm32.7-2018-q2-update.linux64_1.4.0.202007081208/tools/bin/../lib/gcc/arm-none-eabi/7.3.1/../../../../arm-none-eabi/lib/thumb/v7e-m/fpv5/hard/libc_nano.a
END GROUP
START GROUP
LOAD /opt/st/stm32cubeide_1.4.0/plugins/com.st.stm32cube.ide.mcu.externaltools.gnu-tools-for-stm32.7-2018-q2-update.linux64_1.4.0.202007081208/tools/bin/../lib/gcc/arm-none-eabi/7.3.1/thumb/v7e-m/fpv5/hard/libgcc.a
LOAD /opt/st/stm32cubeide_1.4.0/plugins/com.st.stm32cube.ide.mcu.externaltools.gnu-tools-for-stm32.7-2018-q2-update.linux64_1.4.0.202007081208/tools/bin/../lib/gcc/arm-none-eabi/7.3.1/../../../../arm-none-eabi/lib/thumb/v7e-m/fpv5/hard/libc_nano.a
LOAD /opt/st/stm32cubeide_1.4.0/plugins/com.st.stm32cube.ide.mcu.externaltools.gnu-tools-for-stm32.7-2018-q2-update.linux64_1.4.0.202007081208/tools/bin/../lib/gcc/arm-none-eabi/7.3.1/../../../../arm-none-eabi/lib/thumb/v7e-m/fpv5/hard/libnosys.a
END GROUP
START GROUP
LOAD /opt/st/stm32cubeide_1.4.0/plugins/com.st.stm32cube.ide.mcu.externaltools.gnu-tools-for-stm32.7-2018-q2-update.linux64_1.4.0.202007081208/tools/bin/../lib/gcc/arm-none-eabi/7.3.1/thumb/v7e-m/fpv5/hard/libgcc.a
LOAD /opt/st/stm32cubeide_1.4.0/plugins/com.st.stm32cube.ide.mcu.externaltools.gnu-tools-for-stm32.7-2018-q2-update.linux64_1.4.0.202007081208/tools/bin/../lib/gcc/arm-none-eabi/7.3.1/../../../../arm-none-eabi/lib/thumb/v7e-m/fpv5/hard/libc_nano.a
LOAD /opt/st/stm32cubeide_1.4.0/plugins/com.st.stm32cube.ide.mcu.externaltools.gnu-tools-for-stm32.7-2018-q2-update.linux64_1.4.0.202007081208/tools/bin/../lib/gcc/arm-none-eabi/7.3.1/../../../../arm-none-eabi/lib/thumb/v7e-m/fpv5/hard/libnosys.a
END GROUP
LOAD /opt/st/stm32cubeide_1.4.0/plugins/com.st.stm32cube.ide.mcu.externaltools.gnu-tools-for-stm32.7-2018-q2-update.linux64_1.4.0.202007081208/tools/bin/../lib/gcc/arm-none-eabi/7.3.1/thumb/v7e-m/fpv5/hard/crtend.o
LOAD /opt/st/stm32cubeide_1.4.0/plugins/com.st.stm32cube.ide.mcu.externaltools.gnu-tools-for-stm32.7-2018-q2-update.linux64_1.4.0.202007081208/tools/bin/../lib/gcc/arm-none-eabi/7.3.1/thumb/v7e-m/fpv5/hard/crtn.o
                0x0000000024080000                _estack = (ORIGIN (RAM_D1) + LENGTH (RAM_D1))
                0x0000000000000200                _Min_Heap_Size = 0x200
                0x0000000000000400                _Min_Stack_Size = 0x400

.isr_vector     0x0000000008000000      0x298
                0x0000000008000000                . = ALIGN (0x4)
 *(.isr_vector)
 .isr_vector    0x0000000008000000      0x298 Core/Startup/startup_stm32h743zitx.o
                0x0000000008000000                g_pfnVectors
                0x0000000008000298                . = ALIGN (0x4)

.text           0x0000000008000298     0x8660
                0x0000000008000298                . = ALIGN (0x4)
 *(.text)
 .text          0x0000000008000298       0x40 /opt/st/stm32cubeide_1.4.0/plugins/com.st.stm32cube.ide.mcu.externaltools.gnu-tools-for-stm32.7-2018-q2-update.linux64_1.4.0.202007081208/tools/bin/../lib/gcc/arm-none-eabi/7.3.1/thumb/v7e-m/fpv5/hard/crtbegin.o
 *(.text*)
 .text.main     0x00000000080002d8       0xa4 Core/Src/main.o
                0x00000000080002d8                main
 .text.SystemClock_Config
                0x000000000800037c      0x168 Core/Src/main.o
                0x000000000800037c                SystemClock_Config
 .text.MX_SDMMC1_SD_Init
                0x00000000080004e4       0x44 Core/Src/main.o
 .text.MX_GPIO_Init
                0x0000000008000528      0x100 Core/Src/main.o
 .text.Error_Handler
                0x0000000008000628        0xe Core/Src/main.o
                0x0000000008000628                Error_Handler
 *fill*         0x0000000008000636        0x2 
 .text.HAL_MspInit
                0x0000000008000638       0x34 Core/Src/stm32h7xx_hal_msp.o
                0x0000000008000638                HAL_MspInit
 .text.HAL_SD_MspInit
                0x000000000800066c       0xd8 Core/Src/stm32h7xx_hal_msp.o
                0x000000000800066c                HAL_SD_MspInit
 .text.NMI_Handler
                0x0000000008000744        0xe Core/Src/stm32h7xx_it.o
                0x0000000008000744                NMI_Handler
 .text.HardFault_Handler
                0x0000000008000752        0x6 Core/Src/stm32h7xx_it.o
                0x0000000008000752                HardFault_Handler
 .text.MemManage_Handler
                0x0000000008000758        0x6 Core/Src/stm32h7xx_it.o
                0x0000000008000758                MemManage_Handler
 .text.BusFault_Handler
                0x000000000800075e        0x6 Core/Src/stm32h7xx_it.o
                0x000000000800075e                BusFault_Handler
 .text.UsageFault_Handler
                0x0000000008000764        0x6 Core/Src/stm32h7xx_it.o
                0x0000000008000764                UsageFault_Handler
 .text.SVC_Handler
                0x000000000800076a        0xe Core/Src/stm32h7xx_it.o
                0x000000000800076a                SVC_Handler
 .text.DebugMon_Handler
                0x0000000008000778        0xe Core/Src/stm32h7xx_it.o
                0x0000000008000778                DebugMon_Handler
 .text.PendSV_Handler
                0x0000000008000786        0xe Core/Src/stm32h7xx_it.o
                0x0000000008000786                PendSV_Handler
 .text.SysTick_Handler
                0x0000000008000794        0xc Core/Src/stm32h7xx_it.o
                0x0000000008000794                SysTick_Handler
 .text.SystemInit
                0x00000000080007a0      0x118 Core/Src/system_stm32h7xx.o
                0x00000000080007a0                SystemInit
 .text.Reset_Handler
                0x00000000080008b8       0x50 Core/Startup/startup_stm32h743zitx.o
                0x00000000080008b8                Reset_Handler
 .text.Default_Handler
                0x0000000008000908        0x2 Core/Startup/startup_stm32h743zitx.o
                0x0000000008000908                RTC_Alarm_IRQHandler
                0x0000000008000908                EXTI2_IRQHandler
                0x0000000008000908                TIM8_CC_IRQHandler
                0x0000000008000908                HRTIM1_Master_IRQHandler
                0x0000000008000908                UART8_IRQHandler
                0x0000000008000908                SPI4_IRQHandler
                0x0000000008000908                TIM1_CC_IRQHandler
                0x0000000008000908                BDMA_Channel6_IRQHandler
                0x0000000008000908                DMA2_Stream5_IRQHandler
                0x0000000008000908                HRTIM1_FLT_IRQHandler
                0x0000000008000908                JPEG_IRQHandler
                0x0000000008000908                DMA1_Stream5_IRQHandler
                0x0000000008000908                BDMA_Channel1_IRQHandler
                0x0000000008000908                HRTIM1_TIMD_IRQHandler
                0x0000000008000908                TAMP_STAMP_IRQHandler
                0x0000000008000908                EXTI3_IRQHandler
                0x0000000008000908                LPTIM4_IRQHandler
                0x0000000008000908                TIM8_TRG_COM_TIM14_IRQHandler
                0x0000000008000908                LPTIM2_IRQHandler
                0x0000000008000908                DFSDM1_FLT1_IRQHandler
                0x0000000008000908                DMAMUX2_OVR_IRQHandler
                0x0000000008000908                TIM8_UP_TIM13_IRQHandler
                0x0000000008000908                I2C3_ER_IRQHandler
                0x0000000008000908                DFSDM1_FLT2_IRQHandler
                0x0000000008000908                MDMA_IRQHandler
                0x0000000008000908                LPTIM3_IRQHandler
                0x0000000008000908                HSEM1_IRQHandler
                0x0000000008000908                EXTI0_IRQHandler
                0x0000000008000908                I2C2_EV_IRQHandler
                0x0000000008000908                DMA1_Stream2_IRQHandler
                0x0000000008000908                FPU_IRQHandler
                0x0000000008000908                OTG_HS_WKUP_IRQHandler
                0x0000000008000908                FDCAN1_IT1_IRQHandler
                0x0000000008000908                LTDC_ER_IRQHandler
                0x0000000008000908                DMA2_Stream2_IRQHandler
                0x0000000008000908                HRTIM1_TIME_IRQHandler
                0x0000000008000908                SPI1_IRQHandler
                0x0000000008000908                TIM6_DAC_IRQHandler
                0x0000000008000908                DCMI_IRQHandler
                0x0000000008000908                HRTIM1_TIMC_IRQHandler
                0x0000000008000908                DMA2_Stream3_IRQHandler
                0x0000000008000908                SAI2_IRQHandler
                0x0000000008000908                DFSDM1_FLT3_IRQHandler
                0x0000000008000908                USART6_IRQHandler
                0x0000000008000908                TIM17_IRQHandler
                0x0000000008000908                USART3_IRQHandler
                0x0000000008000908                BDMA_Channel7_IRQHandler
                0x0000000008000908                LPTIM5_IRQHandler
                0x0000000008000908                UART5_IRQHandler
                0x0000000008000908                ADC3_IRQHandler
                0x0000000008000908                DMA2_Stream0_IRQHandler
                0x0000000008000908                TIM4_IRQHandler
                0x0000000008000908                BDMA_Channel2_IRQHandler
                0x0000000008000908                QUADSPI_IRQHandler
                0x0000000008000908                I2C1_EV_IRQHandler
                0x0000000008000908                DMA1_Stream6_IRQHandler
                0x0000000008000908                DMAMUX1_OVR_IRQHandler
                0x0000000008000908                DMA1_Stream1_IRQHandler
                0x0000000008000908                TIM16_IRQHandler
                0x0000000008000908                UART4_IRQHandler
                0x0000000008000908                BDMA_Channel5_IRQHandler
                0x0000000008000908                TIM3_IRQHandler
                0x0000000008000908                RCC_IRQHandler
                0x0000000008000908                TIM8_BRK_TIM12_IRQHandler
                0x0000000008000908                TIM1_TRG_COM_IRQHandler
                0x0000000008000908                Default_Handler
                0x0000000008000908                ECC_IRQHandler
                0x0000000008000908                CEC_IRQHandler
                0x0000000008000908                EXTI15_10_IRQHandler
                0x0000000008000908                BDMA_Channel0_IRQHandler
                0x0000000008000908                ADC_IRQHandler
                0x0000000008000908                DMA1_Stream7_IRQHandler
                0x0000000008000908                HRTIM1_TIMA_IRQHandler
                0x0000000008000908                SPI5_IRQHandler
                0x0000000008000908                TIM7_IRQHandler
                0x0000000008000908                SDMMC1_IRQHandler
                0x0000000008000908                TIM5_IRQHandler
                0x0000000008000908                DMA2_Stream7_IRQHandler
                0x0000000008000908                TIM15_IRQHandler
                0x0000000008000908                PVD_AVD_IRQHandler
                0x0000000008000908                I2C3_EV_IRQHandler
                0x0000000008000908                EXTI9_5_IRQHandler
                0x0000000008000908                RTC_WKUP_IRQHandler
                0x0000000008000908                LTDC_IRQHandler
                0x0000000008000908                SAI3_IRQHandler
                0x0000000008000908                ETH_WKUP_IRQHandler
                0x0000000008000908                SPDIF_RX_IRQHandler
                0x0000000008000908                SPI2_IRQHandler
                0x0000000008000908                OTG_HS_EP1_IN_IRQHandler
                0x0000000008000908                DMA1_Stream0_IRQHandler
                0x0000000008000908                CRS_IRQHandler
                0x0000000008000908                EXTI4_IRQHandler
                0x0000000008000908                RNG_IRQHandler
                0x0000000008000908                HRTIM1_TIMB_IRQHandler
                0x0000000008000908                FDCAN2_IT1_IRQHandler
                0x0000000008000908                ETH_IRQHandler
                0x0000000008000908                TIM1_UP_IRQHandler
                0x0000000008000908                BDMA_Channel4_IRQHandler
                0x0000000008000908                OTG_HS_EP1_OUT_IRQHandler
                0x0000000008000908                WWDG_IRQHandler
                0x0000000008000908                SPI6_IRQHandler
                0x0000000008000908                MDIOS_IRQHandler
                0x0000000008000908                I2C4_EV_IRQHandler
                0x0000000008000908                FDCAN2_IT0_IRQHandler
                0x0000000008000908                LPUART1_IRQHandler
                0x0000000008000908                FDCAN1_IT0_IRQHandler
                0x0000000008000908                TIM2_IRQHandler
                0x0000000008000908                OTG_FS_WKUP_IRQHandler
                0x0000000008000908                OTG_HS_IRQHandler
                0x0000000008000908                DMA2D_IRQHandler
                0x0000000008000908                TIM1_BRK_IRQHandler
                0x0000000008000908                EXTI1_IRQHandler
                0x0000000008000908                SDMMC2_IRQHandler
                0x0000000008000908                OTG_FS_EP1_OUT_IRQHandler
                0x0000000008000908                BDMA_Channel3_IRQHandler
                0x0000000008000908                UART7_IRQHandler
                0x0000000008000908                MDIOS_WKUP_IRQHandler
                0x0000000008000908                USART2_IRQHandler
                0x0000000008000908                DFSDM1_FLT0_IRQHandler
                0x0000000008000908                SAI4_IRQHandler
                0x0000000008000908                I2C2_ER_IRQHandler
                0x0000000008000908                DMA2_Stream1_IRQHandler
                0x0000000008000908                FLASH_IRQHandler
                0x0000000008000908                DMA2_Stream4_IRQHandler
                0x0000000008000908                USART1_IRQHandler
                0x0000000008000908                OTG_FS_IRQHandler
                0x0000000008000908                SPI3_IRQHandler
                0x0000000008000908                WAKEUP_PIN_IRQHandler
                0x0000000008000908                DMA1_Stream4_IRQHandler
                0x0000000008000908                OTG_FS_EP1_IN_IRQHandler
                0x0000000008000908                I2C1_ER_IRQHandler
                0x0000000008000908                FMC_IRQHandler
                0x0000000008000908                FDCAN_CAL_IRQHandler
                0x0000000008000908                SWPMI1_IRQHandler
                0x0000000008000908                COMP1_IRQHandler
                0x0000000008000908                LPTIM1_IRQHandler
                0x0000000008000908                I2C4_ER_IRQHandler
                0x0000000008000908                DMA2_Stream6_IRQHandler
                0x0000000008000908                SAI1_IRQHandler
                0x0000000008000908                DMA1_Stream3_IRQHandler
 *fill*         0x000000000800090a        0x2 
 .text.HAL_Init
                0x000000000800090c       0x78 Drivers/STM32H7xx_HAL_Driver/Src/stm32h7xx_hal.o
                0x000000000800090c                HAL_Init
 .text.HAL_InitTick
                0x0000000008000984       0x6c Drivers/STM32H7xx_HAL_Driver/Src/stm32h7xx_hal.o
                0x0000000008000984                HAL_InitTick
 .text.HAL_IncTick
                0x00000000080009f0       0x28 Drivers/STM32H7xx_HAL_Driver/Src/stm32h7xx_hal.o
                0x00000000080009f0                HAL_IncTick
 .text.HAL_GetTick
                0x0000000008000a18       0x18 Drivers/STM32H7xx_HAL_Driver/Src/stm32h7xx_hal.o
                0x0000000008000a18                HAL_GetTick
 .text.HAL_Delay
                0x0000000008000a30       0x44 Drivers/STM32H7xx_HAL_Driver/Src/stm32h7xx_hal.o
                0x0000000008000a30                HAL_Delay
 .text.HAL_GetREVID
                0x0000000008000a74       0x18 Drivers/STM32H7xx_HAL_Driver/Src/stm32h7xx_hal.o
                0x0000000008000a74                HAL_GetREVID
 .text.__NVIC_SetPriorityGrouping
                0x0000000008000a8c       0x48 Drivers/STM32H7xx_HAL_Driver/Src/stm32h7xx_hal_cortex.o
 .text.__NVIC_GetPriorityGrouping
                0x0000000008000ad4       0x1c Drivers/STM32H7xx_HAL_Driver/Src/stm32h7xx_hal_cortex.o
 .text.__NVIC_SetPriority
                0x0000000008000af0       0x54 Drivers/STM32H7xx_HAL_Driver/Src/stm32h7xx_hal_cortex.o
 .text.NVIC_EncodePriority
                0x0000000008000b44       0x66 Drivers/STM32H7xx_HAL_Driver/Src/stm32h7xx_hal_cortex.o
 *fill*         0x0000000008000baa        0x2 
 .text.SysTick_Config
                0x0000000008000bac       0x44 Drivers/STM32H7xx_HAL_Driver/Src/stm32h7xx_hal_cortex.o
 .text.HAL_NVIC_SetPriorityGrouping
                0x0000000008000bf0       0x16 Drivers/STM32H7xx_HAL_Driver/Src/stm32h7xx_hal_cortex.o
                0x0000000008000bf0                HAL_NVIC_SetPriorityGrouping
 .text.HAL_NVIC_SetPriority
                0x0000000008000c06       0x34 Drivers/STM32H7xx_HAL_Driver/Src/stm32h7xx_hal_cortex.o
                0x0000000008000c06                HAL_NVIC_SetPriority
 .text.HAL_SYSTICK_Config
                0x0000000008000c3a       0x18 Drivers/STM32H7xx_HAL_Driver/Src/stm32h7xx_hal_cortex.o
                0x0000000008000c3a                HAL_SYSTICK_Config
 *fill*         0x0000000008000c52        0x2 
 .text.HAL_GPIO_Init
                0x0000000008000c54      0x360 Drivers/STM32H7xx_HAL_Driver/Src/stm32h7xx_hal_gpio.o
                0x0000000008000c54                HAL_GPIO_Init
 .text.HAL_GPIO_WritePin
                0x0000000008000fb4       0x32 Drivers/STM32H7xx_HAL_Driver/Src/stm32h7xx_hal_gpio.o
                0x0000000008000fb4                HAL_GPIO_WritePin
 .text.HAL_GPIO_TogglePin
                0x0000000008000fe6       0x36 Drivers/STM32H7xx_HAL_Driver/Src/stm32h7xx_hal_gpio.o
                0x0000000008000fe6                HAL_GPIO_TogglePin
 .text.HAL_PWREx_ConfigSupply
                0x000000000800101c       0x74 Drivers/STM32H7xx_HAL_Driver/Src/stm32h7xx_hal_pwr_ex.o
                0x000000000800101c                HAL_PWREx_ConfigSupply
 .text.HAL_RCC_OscConfig
                0x0000000008001090      0x820 Drivers/STM32H7xx_HAL_Driver/Src/stm32h7xx_hal_rcc.o
                0x0000000008001090                HAL_RCC_OscConfig
 .text.HAL_RCC_ClockConfig
                0x00000000080018b0      0x36c Drivers/STM32H7xx_HAL_Driver/Src/stm32h7xx_hal_rcc.o
                0x00000000080018b0                HAL_RCC_ClockConfig
 .text.HAL_RCC_GetSysClockFreq
                0x0000000008001c1c      0x2e4 Drivers/STM32H7xx_HAL_Driver/Src/stm32h7xx_hal_rcc.o
                0x0000000008001c1c                HAL_RCC_GetSysClockFreq
 .text.HAL_RCC_GetHCLKFreq
                0x0000000008001f00       0x60 Drivers/STM32H7xx_HAL_Driver/Src/stm32h7xx_hal_rcc.o
                0x0000000008001f00                HAL_RCC_GetHCLKFreq
 .text.HAL_RCCEx_PeriphCLKConfig
                0x0000000008001f60      0xddc Drivers/STM32H7xx_HAL_Driver/Src/stm32h7xx_hal_rcc_ex.o
                0x0000000008001f60                HAL_RCCEx_PeriphCLKConfig
 .text.HAL_RCCEx_GetPeriphCLKFreq
                0x0000000008002d3c      0x4f0 Drivers/STM32H7xx_HAL_Driver/Src/stm32h7xx_hal_rcc_ex.o
                0x0000000008002d3c                HAL_RCCEx_GetPeriphCLKFreq
 .text.HAL_RCCEx_GetD3PCLK1Freq
                0x000000000800322c       0x2c Drivers/STM32H7xx_HAL_Driver/Src/stm32h7xx_hal_rcc_ex.o
                0x000000000800322c                HAL_RCCEx_GetD3PCLK1Freq
 .text.HAL_RCCEx_GetPLL2ClockFreq
                0x0000000008003258      0x298 Drivers/STM32H7xx_HAL_Driver/Src/stm32h7xx_hal_rcc_ex.o
                0x0000000008003258                HAL_RCCEx_GetPLL2ClockFreq
 .text.HAL_RCCEx_GetPLL3ClockFreq
                0x00000000080034f0      0x298 Drivers/STM32H7xx_HAL_Driver/Src/stm32h7xx_hal_rcc_ex.o
                0x00000000080034f0                HAL_RCCEx_GetPLL3ClockFreq
 .text.HAL_RCCEx_GetPLL1ClockFreq
                0x0000000008003788      0x298 Drivers/STM32H7xx_HAL_Driver/Src/stm32h7xx_hal_rcc_ex.o
                0x0000000008003788                HAL_RCCEx_GetPLL1ClockFreq
 .text.RCCEx_PLL2_Config
                0x0000000008003a20      0x164 Drivers/STM32H7xx_HAL_Driver/Src/stm32h7xx_hal_rcc_ex.o
 .text.RCCEx_PLL3_Config
                0x0000000008003b84      0x164 Drivers/STM32H7xx_HAL_Driver/Src/stm32h7xx_hal_rcc_ex.o
 .text.HAL_SD_Init
                0x0000000008003ce8      0x114 Drivers/STM32H7xx_HAL_Driver/Src/stm32h7xx_hal_sd.o
                0x0000000008003ce8                HAL_SD_Init
 .text.HAL_SD_InitCard
                0x0000000008003dfc      0x134 Drivers/STM32H7xx_HAL_Driver/Src/stm32h7xx_hal_sd.o
                0x0000000008003dfc                HAL_SD_InitCard
 .text.HAL_SD_ReadBlocks
                0x0000000008003f30      0x314 Drivers/STM32H7xx_HAL_Driver/Src/stm32h7xx_hal_sd.o
                0x0000000008003f30                HAL_SD_ReadBlocks
 .text.HAL_SD_WriteBlocks
                0x0000000008004244      0x31c Drivers/STM32H7xx_HAL_Driver/Src/stm32h7xx_hal_sd.o
                0x0000000008004244                HAL_SD_WriteBlocks
 .text.HAL_SD_DriveTransceiver_1_8V_Callback
                0x0000000008004560       0x16 Drivers/STM32H7xx_HAL_Driver/Src/stm32h7xx_hal_sd.o
                0x0000000008004560                HAL_SD_DriveTransceiver_1_8V_Callback
 *fill*         0x0000000008004576        0x2 
 .text.HAL_SD_GetCardCSD
                0x0000000008004578      0x348 Drivers/STM32H7xx_HAL_Driver/Src/stm32h7xx_hal_sd.o
                0x0000000008004578                HAL_SD_GetCardCSD
 .text.HAL_SD_GetCardStatus
                0x00000000080048c0      0x16c Drivers/STM32H7xx_HAL_Driver/Src/stm32h7xx_hal_sd.o
                0x00000000080048c0                HAL_SD_GetCardStatus
 .text.HAL_SD_GetCardInfo
                0x0000000008004a2c       0x58 Drivers/STM32H7xx_HAL_Driver/Src/stm32h7xx_hal_sd.o
                0x0000000008004a2c                HAL_SD_GetCardInfo
 .text.HAL_SD_ConfigWideBusOperation
                0x0000000008004a84      0x154 Drivers/STM32H7xx_HAL_Driver/Src/stm32h7xx_hal_sd.o
                0x0000000008004a84                HAL_SD_ConfigWideBusOperation
 .text.HAL_SD_GetCardState
                0x0000000008004bd8       0x40 Drivers/STM32H7xx_HAL_Driver/Src/stm32h7xx_hal_sd.o
                0x0000000008004bd8                HAL_SD_GetCardState
 .text.SD_InitCard
                0x0000000008004c18      0x17c Drivers/STM32H7xx_HAL_Driver/Src/stm32h7xx_hal_sd.o
 .text.SD_PowerON
                0x0000000008004d94      0x210 Drivers/STM32H7xx_HAL_Driver/Src/stm32h7xx_hal_sd.o
 .text.SD_SendSDStatus
                0x0000000008004fa4      0x1a0 Drivers/STM32H7xx_HAL_Driver/Src/stm32h7xx_hal_sd.o
 .text.SD_SendStatus
                0x0000000008005144       0x50 Drivers/STM32H7xx_HAL_Driver/Src/stm32h7xx_hal_sd.o
 .text.SD_WideBus_Enable
                0x0000000008005194       0x96 Drivers/STM32H7xx_HAL_Driver/Src/stm32h7xx_hal_sd.o
 .text.SD_WideBus_Disable
                0x000000000800522a       0x96 Drivers/STM32H7xx_HAL_Driver/Src/stm32h7xx_hal_sd.o
 .text.SD_FindSCR
                0x00000000080052c0      0x1a0 Drivers/STM32H7xx_HAL_Driver/Src/stm32h7xx_hal_sd.o
 .text.SDMMC_Init
                0x0000000008005460       0x54 Drivers/STM32H7xx_HAL_Driver/Src/stm32h7xx_ll_sdmmc.o
                0x0000000008005460                SDMMC_Init
 .text.SDMMC_ReadFIFO
                0x00000000080054b4       0x1a Drivers/STM32H7xx_HAL_Driver/Src/stm32h7xx_ll_sdmmc.o
                0x00000000080054b4                SDMMC_ReadFIFO
 .text.SDMMC_WriteFIFO
                0x00000000080054ce       0x22 Drivers/STM32H7xx_HAL_Driver/Src/stm32h7xx_ll_sdmmc.o
                0x00000000080054ce                SDMMC_WriteFIFO
 .text.SDMMC_PowerState_ON
                0x00000000080054f0       0x22 Drivers/STM32H7xx_HAL_Driver/Src/stm32h7xx_ll_sdmmc.o
                0x00000000080054f0                SDMMC_PowerState_ON
 .text.SDMMC_GetPowerState
                0x0000000008005512       0x1c Drivers/STM32H7xx_HAL_Driver/Src/stm32h7xx_ll_sdmmc.o
                0x0000000008005512                SDMMC_GetPowerState
 *fill*         0x000000000800552e        0x2 
 .text.SDMMC_SendCommand
                0x0000000008005530       0x54 Drivers/STM32H7xx_HAL_Driver/Src/stm32h7xx_ll_sdmmc.o
                0x0000000008005530                SDMMC_SendCommand
 .text.SDMMC_GetCommandResponse
                0x0000000008005584       0x1a Drivers/STM32H7xx_HAL_Driver/Src/stm32h7xx_ll_sdmmc.o
                0x0000000008005584                SDMMC_GetCommandResponse
 .text.SDMMC_GetResponse
                0x000000000800559e       0x26 Drivers/STM32H7xx_HAL_Driver/Src/stm32h7xx_ll_sdmmc.o
                0x000000000800559e                SDMMC_GetResponse
 .text.SDMMC_ConfigData
                0x00000000080055c4       0x58 Drivers/STM32H7xx_HAL_Driver/Src/stm32h7xx_ll_sdmmc.o
                0x00000000080055c4                SDMMC_ConfigData
 .text.SDMMC_CmdBlockLength
                0x000000000800561c       0x46 Drivers/STM32H7xx_HAL_Driver/Src/stm32h7xx_ll_sdmmc.o
                0x000000000800561c                SDMMC_CmdBlockLength
 .text.SDMMC_CmdReadSingleBlock
                0x0000000008005662       0x46 Drivers/STM32H7xx_HAL_Driver/Src/stm32h7xx_ll_sdmmc.o
                0x0000000008005662                SDMMC_CmdReadSingleBlock
 .text.SDMMC_CmdReadMultiBlock
                0x00000000080056a8       0x46 Drivers/STM32H7xx_HAL_Driver/Src/stm32h7xx_ll_sdmmc.o
                0x00000000080056a8                SDMMC_CmdReadMultiBlock
 .text.SDMMC_CmdWriteSingleBlock
                0x00000000080056ee       0x46 Drivers/STM32H7xx_HAL_Driver/Src/stm32h7xx_ll_sdmmc.o
                0x00000000080056ee                SDMMC_CmdWriteSingleBlock
 .text.SDMMC_CmdWriteMultiBlock
                0x0000000008005734       0x46 Drivers/STM32H7xx_HAL_Driver/Src/stm32h7xx_ll_sdmmc.o
                0x0000000008005734                SDMMC_CmdWriteMultiBlock
 *fill*         0x000000000800577a        0x2 
 .text.SDMMC_CmdStopTransfer
                0x000000000800577c       0x78 Drivers/STM32H7xx_HAL_Driver/Src/stm32h7xx_ll_sdmmc.o
                0x000000000800577c                SDMMC_CmdStopTransfer
 .text.SDMMC_CmdSelDesel
                0x00000000080057f4       0x48 Drivers/STM32H7xx_HAL_Driver/Src/stm32h7xx_ll_sdmmc.o
                0x00000000080057f4                SDMMC_CmdSelDesel
 .text.SDMMC_CmdGoIdleState
                0x000000000800583c       0x3c Drivers/STM32H7xx_HAL_Driver/Src/stm32h7xx_ll_sdmmc.o
                0x000000000800583c                SDMMC_CmdGoIdleState
 .text.SDMMC_CmdOperCond
                0x0000000008005878       0x40 Drivers/STM32H7xx_HAL_Driver/Src/stm32h7xx_ll_sdmmc.o
                0x0000000008005878                SDMMC_CmdOperCond
 .text.SDMMC_CmdAppCommand
                0x00000000080058b8       0x46 Drivers/STM32H7xx_HAL_Driver/Src/stm32h7xx_ll_sdmmc.o
                0x00000000080058b8                SDMMC_CmdAppCommand
 .text.SDMMC_CmdAppOperCommand
                0x00000000080058fe       0x40 Drivers/STM32H7xx_HAL_Driver/Src/stm32h7xx_ll_sdmmc.o
                0x00000000080058fe                SDMMC_CmdAppOperCommand
 .text.SDMMC_CmdBusWidth
                0x000000000800593e       0x46 Drivers/STM32H7xx_HAL_Driver/Src/stm32h7xx_ll_sdmmc.o
                0x000000000800593e                SDMMC_CmdBusWidth
 .text.SDMMC_CmdSendSCR
                0x0000000008005984       0x44 Drivers/STM32H7xx_HAL_Driver/Src/stm32h7xx_ll_sdmmc.o
                0x0000000008005984                SDMMC_CmdSendSCR
 .text.SDMMC_CmdSendCID
                0x00000000080059c8       0x3e Drivers/STM32H7xx_HAL_Driver/Src/stm32h7xx_ll_sdmmc.o
                0x00000000080059c8                SDMMC_CmdSendCID
 .text.SDMMC_CmdSendCSD
                0x0000000008005a06       0x40 Drivers/STM32H7xx_HAL_Driver/Src/stm32h7xx_ll_sdmmc.o
                0x0000000008005a06                SDMMC_CmdSendCSD
 .text.SDMMC_CmdSetRelAdd
                0x0000000008005a46       0x44 Drivers/STM32H7xx_HAL_Driver/Src/stm32h7xx_ll_sdmmc.o
                0x0000000008005a46                SDMMC_CmdSetRelAdd
 .text.SDMMC_CmdSendStatus
                0x0000000008005a8a       0x46 Drivers/STM32H7xx_HAL_Driver/Src/stm32h7xx_ll_sdmmc.o
                0x0000000008005a8a                SDMMC_CmdSendStatus
 .text.SDMMC_CmdStatusRegister
                0x0000000008005ad0       0x44 Drivers/STM32H7xx_HAL_Driver/Src/stm32h7xx_ll_sdmmc.o
                0x0000000008005ad0                SDMMC_CmdStatusRegister
 .text.SDMMC_CmdVoltageSwitch
                0x0000000008005b14       0x44 Drivers/STM32H7xx_HAL_Driver/Src/stm32h7xx_ll_sdmmc.o
                0x0000000008005b14                SDMMC_CmdVoltageSwitch
 .text.SDMMC_GetCmdError
                0x0000000008005b58       0x5c Drivers/STM32H7xx_HAL_Driver/Src/stm32h7xx_ll_sdmmc.o
 .text.SDMMC_GetCmdResp1
                0x0000000008005bb4      0x1e4 Drivers/STM32H7xx_HAL_Driver/Src/stm32h7xx_ll_sdmmc.o
 .text.SDMMC_GetCmdResp2
                0x0000000008005d98       0x94 Drivers/STM32H7xx_HAL_Driver/Src/stm32h7xx_ll_sdmmc.o
 .text.SDMMC_GetCmdResp3
                0x0000000008005e2c       0x80 Drivers/STM32H7xx_HAL_Driver/Src/stm32h7xx_ll_sdmmc.o
 .text.SDMMC_GetCmdResp6
                0x0000000008005eac       0xf0 Drivers/STM32H7xx_HAL_Driver/Src/stm32h7xx_ll_sdmmc.o
 .text.SDMMC_GetCmdResp7
                0x0000000008005f9c       0x9c Drivers/STM32H7xx_HAL_Driver/Src/stm32h7xx_ll_sdmmc.o
 .text.MX_FATFS_Init
                0x0000000008006038       0x24 FATFS/App/fatfs.o
                0x0000000008006038                MX_FATFS_Init
 .text.get_fattime
                0x000000000800605c       0x10 FATFS/App/fatfs.o
                0x000000000800605c                get_fattime
 .text.BSP_SD_Init
                0x000000000800606c       0x4c FATFS/Target/bsp_driver_sd.o
                0x000000000800606c                BSP_SD_Init
 .text.BSP_SD_ReadBlocks
                0x00000000080060b8       0x3c FATFS/Target/bsp_driver_sd.o
                0x00000000080060b8                BSP_SD_ReadBlocks
 .text.BSP_SD_WriteBlocks
                0x00000000080060f4       0x3c FATFS/Target/bsp_driver_sd.o
                0x00000000080060f4                BSP_SD_WriteBlocks
 .text.BSP_SD_GetCardState
                0x0000000008006130       0x20 FATFS/Target/bsp_driver_sd.o
                0x0000000008006130                BSP_SD_GetCardState
 .text.BSP_SD_GetCardInfo
                0x0000000008006150       0x1c FATFS/Target/bsp_driver_sd.o
                0x0000000008006150                BSP_SD_GetCardInfo
 .text.BSP_SD_IsDetected
                0x000000000800616c       0x1a FATFS/Target/bsp_driver_sd.o
                0x000000000800616c                BSP_SD_IsDetected
 *fill*         0x0000000008006186        0x2 
 .text.SD_CheckStatus
                0x0000000008006188       0x3c FATFS/Target/sd_diskio.o
 .text.SD_initialize
                0x00000000080061c4       0x3c FATFS/Target/sd_diskio.o
                0x00000000080061c4                SD_initialize
 .text.SD_status
                0x0000000008006200       0x1c FATFS/Target/sd_diskio.o
                0x0000000008006200                SD_status
 .text.SD_read  0x000000000800621c       0x42 FATFS/Target/sd_diskio.o
                0x000000000800621c                SD_read
 .text.SD_write
                0x000000000800625e       0x42 FATFS/Target/sd_diskio.o
                0x000000000800625e                SD_write
 .text.SD_ioctl
                0x00000000080062a0       0xb0 FATFS/Target/sd_diskio.o
                0x00000000080062a0                SD_ioctl
 .text.disk_status
                0x0000000008006350       0x34 Middlewares/Third_Party/FatFs/src/diskio.o
                0x0000000008006350                disk_status
 .text.disk_initialize
                0x0000000008006384       0x4c Middlewares/Third_Party/FatFs/src/diskio.o
                0x0000000008006384                disk_initialize
 .text.disk_read
                0x00000000080063d0       0x40 Middlewares/Third_Party/FatFs/src/diskio.o
                0x00000000080063d0                disk_read
 .text.disk_write
                0x0000000008006410       0x40 Middlewares/Third_Party/FatFs/src/diskio.o
                0x0000000008006410                disk_write
 .text.disk_ioctl
                0x0000000008006450       0x3c Middlewares/Third_Party/FatFs/src/diskio.o
                0x0000000008006450                disk_ioctl
 .text.ld_word  0x000000000800648c       0x30 Middlewares/Third_Party/FatFs/src/ff.o
 .text.ld_dword
                0x00000000080064bc       0x46 Middlewares/Third_Party/FatFs/src/ff.o
 .text.st_word  0x0000000008006502       0x36 Middlewares/Third_Party/FatFs/src/ff.o
 .text.st_dword
                0x0000000008006538       0x58 Middlewares/Third_Party/FatFs/src/ff.o
 .text.mem_cpy  0x0000000008006590       0x42 Middlewares/Third_Party/FatFs/src/ff.o
 .text.mem_set  0x00000000080065d2       0x34 Middlewares/Third_Party/FatFs/src/ff.o
 .text.mem_cmp  0x0000000008006606       0x4e Middlewares/Third_Party/FatFs/src/ff.o
 .text.chk_chr  0x0000000008006654       0x36 Middlewares/Third_Party/FatFs/src/ff.o
 *fill*         0x000000000800668a        0x2 
 .text.chk_lock
                0x000000000800668c       0xb8 Middlewares/Third_Party/FatFs/src/ff.o
 .text.enq_lock
                0x0000000008006744       0x44 Middlewares/Third_Party/FatFs/src/ff.o
 .text.inc_lock
                0x0000000008006788      0x11c Middlewares/Third_Party/FatFs/src/ff.o
 .text.dec_lock
                0x00000000080068a4       0x78 Middlewares/Third_Party/FatFs/src/ff.o
 .text.clear_lock
                0x000000000800691c       0x48 Middlewares/Third_Party/FatFs/src/ff.o
 .text.sync_window
                0x0000000008006964       0x88 Middlewares/Third_Party/FatFs/src/ff.o
 .text.move_window
                0x00000000080069ec       0x5a Middlewares/Third_Party/FatFs/src/ff.o
 *fill*         0x0000000008006a46        0x2 
 .text.sync_fs  0x0000000008006a48       0xe0 Middlewares/Third_Party/FatFs/src/ff.o
 .text.clust2sect
                0x0000000008006b28       0x3e Middlewares/Third_Party/FatFs/src/ff.o
 .text.get_fat  0x0000000008006b66      0x1a0 Middlewares/Third_Party/FatFs/src/ff.o
 .text.put_fat  0x0000000008006d06      0x22e Middlewares/Third_Party/FatFs/src/ff.o
 .text.remove_chain
                0x0000000008006f34       0xca Middlewares/Third_Party/FatFs/src/ff.o
 .text.create_chain
                0x0000000008006ffe      0x130 Middlewares/Third_Party/FatFs/src/ff.o
 .text.clmt_clust
                0x000000000800712e       0x70 Middlewares/Third_Party/FatFs/src/ff.o
 .text.dir_sdi  0x000000000800719e      0x112 Middlewares/Third_Party/FatFs/src/ff.o
 .text.dir_next
                0x00000000080072b0      0x1ac Middlewares/Third_Party/FatFs/src/ff.o
 .text.dir_alloc
                0x000000000800745c       0x8e Middlewares/Third_Party/FatFs/src/ff.o
 .text.ld_clust
                0x00000000080074ea       0x3e Middlewares/Third_Party/FatFs/src/ff.o
 .text.st_clust
                0x0000000008007528       0x40 Middlewares/Third_Party/FatFs/src/ff.o
 .text.dir_find
                0x0000000008007568       0xaa Middlewares/Third_Party/FatFs/src/ff.o
 .text.dir_register
                0x0000000008007612       0x64 Middlewares/Third_Party/FatFs/src/ff.o
 *fill*         0x0000000008007676        0x2 
 .text.create_name
                0x0000000008007678      0x128 Middlewares/Third_Party/FatFs/src/ff.o
 .text.follow_path
                0x00000000080077a0       0xec Middlewares/Third_Party/FatFs/src/ff.o
 .text.get_ldnumber
                0x000000000800788c       0x88 Middlewares/Third_Party/FatFs/src/ff.o
 .text.check_fs
                0x0000000008007914       0xac Middlewares/Third_Party/FatFs/src/ff.o
 .text.find_volume
                0x00000000080079c0      0x508 Middlewares/Third_Party/FatFs/src/ff.o
 .text.validate
                0x0000000008007ec8       0x6a Middlewares/Third_Party/FatFs/src/ff.o
 *fill*         0x0000000008007f32        0x2 
 .text.f_mount  0x0000000008007f34       0x8c Middlewares/Third_Party/FatFs/src/ff.o
                0x0000000008007f34                f_mount
 .text.f_open   0x0000000008007fc0      0x398 Middlewares/Third_Party/FatFs/src/ff.o
                0x0000000008007fc0                f_open
 .text.f_write  0x0000000008008358      0x328 Middlewares/Third_Party/FatFs/src/ff.o
                0x0000000008008358                f_write
 .text.f_sync   0x0000000008008680       0xfc Middlewares/Third_Party/FatFs/src/ff.o
                0x0000000008008680                f_sync
 .text.f_close  0x000000000800877c       0x54 Middlewares/Third_Party/FatFs/src/ff.o
                0x000000000800877c                f_close
 .text.FATFS_LinkDriverEx
                0x00000000080087d0       0x98 Middlewares/Third_Party/FatFs/src/ff_gen_drv.o
                0x00000000080087d0                FATFS_LinkDriverEx
 .text.FATFS_LinkDriver
                0x0000000008008868       0x1e Middlewares/Third_Party/FatFs/src/ff_gen_drv.o
                0x0000000008008868                FATFS_LinkDriver
 *fill*         0x0000000008008886        0x2 
 .text.__libc_init_array
                0x0000000008008888       0x48 /opt/st/stm32cubeide_1.4.0/plugins/com.st.stm32cube.ide.mcu.externaltools.gnu-tools-for-stm32.7-2018-q2-update.linux64_1.4.0.202007081208/tools/bin/../lib/gcc/arm-none-eabi/7.3.1/../../../../arm-none-eabi/lib/thumb/v7e-m/fpv5/hard/libc_nano.a(lib_a-init.o)
                0x0000000008008888                __libc_init_array
 .text.memset   0x00000000080088d0       0x10 /opt/st/stm32cubeide_1.4.0/plugins/com.st.stm32cube.ide.mcu.externaltools.gnu-tools-for-stm32.7-2018-q2-update.linux64_1.4.0.202007081208/tools/bin/../lib/gcc/arm-none-eabi/7.3.1/../../../../arm-none-eabi/lib/thumb/v7e-m/fpv5/hard/libc_nano.a(lib_a-memset.o)
                0x00000000080088d0                memset
 *(.glue_7)
 .glue_7        0x00000000080088e0        0x0 linker stubs
 *(.glue_7t)
 .glue_7t       0x00000000080088e0        0x0 linker stubs
 *(.eh_frame)
 .eh_frame      0x00000000080088e0        0x0 /opt/st/stm32cubeide_1.4.0/plugins/com.st.stm32cube.ide.mcu.externaltools.gnu-tools-for-stm32.7-2018-q2-update.linux64_1.4.0.202007081208/tools/bin/../lib/gcc/arm-none-eabi/7.3.1/thumb/v7e-m/fpv5/hard/crtbegin.o
 *(.init)
 .init          0x00000000080088e0        0x4 /opt/st/stm32cubeide_1.4.0/plugins/com.st.stm32cube.ide.mcu.externaltools.gnu-tools-for-stm32.7-2018-q2-update.linux64_1.4.0.202007081208/tools/bin/../lib/gcc/arm-none-eabi/7.3.1/thumb/v7e-m/fpv5/hard/crti.o
                0x00000000080088e0                _init
 .init          0x00000000080088e4        0x8 /opt/st/stm32cubeide_1.4.0/plugins/com.st.stm32cube.ide.mcu.externaltools.gnu-tools-for-stm32.7-2018-q2-update.linux64_1.4.0.202007081208/tools/bin/../lib/gcc/arm-none-eabi/7.3.1/thumb/v7e-m/fpv5/hard/crtn.o
 *(.fini)
 .fini          0x00000000080088ec        0x4 /opt/st/stm32cubeide_1.4.0/plugins/com.st.stm32cube.ide.mcu.externaltools.gnu-tools-for-stm32.7-2018-q2-update.linux64_1.4.0.202007081208/tools/bin/../lib/gcc/arm-none-eabi/7.3.1/thumb/v7e-m/fpv5/hard/crti.o
                0x00000000080088ec                _fini
 .fini          0x00000000080088f0        0x8 /opt/st/stm32cubeide_1.4.0/plugins/com.st.stm32cube.ide.mcu.externaltools.gnu-tools-for-stm32.7-2018-q2-update.linux64_1.4.0.202007081208/tools/bin/../lib/gcc/arm-none-eabi/7.3.1/thumb/v7e-m/fpv5/hard/crtn.o
                0x00000000080088f8                . = ALIGN (0x4)
                0x00000000080088f8                _etext = .

.vfp11_veneer   0x00000000080088f8        0x0
 .vfp11_veneer  0x00000000080088f8        0x0 linker stubs

.v4_bx          0x00000000080088f8        0x0
 .v4_bx         0x00000000080088f8        0x0 linker stubs

.iplt           0x00000000080088f8        0x0
 .iplt          0x00000000080088f8        0x0 /opt/st/stm32cubeide_1.4.0/plugins/com.st.stm32cube.ide.mcu.externaltools.gnu-tools-for-stm32.7-2018-q2-update.linux64_1.4.0.202007081208/tools/bin/../lib/gcc/arm-none-eabi/7.3.1/thumb/v7e-m/fpv5/hard/crtbegin.o

.rodata         0x00000000080088f8      0x104
                0x00000000080088f8                . = ALIGN (0x4)
 *(.rodata)
 .rodata        0x00000000080088f8       0x19 Core/Src/main.o
 *fill*         0x0000000008008911        0x3 
 .rodata        0x0000000008008914       0x44 Middlewares/Third_Party/FatFs/src/ff.o
 *(.rodata*)
 .rodata.D1CorePrescTable
                0x0000000008008958       0x10 Core/Src/system_stm32h7xx.o
                0x0000000008008958                D1CorePrescTable
 .rodata.SD_Driver
                0x0000000008008968       0x14 FATFS/Target/sd_diskio.o
                0x0000000008008968                SD_Driver
 .rodata.ExCvt  0x000000000800897c       0x80 Middlewares/Third_Party/FatFs/src/ff.o
                0x00000000080089fc                . = ALIGN (0x4)

.rel.dyn        0x00000000080089fc        0x0
 .rel.iplt      0x00000000080089fc        0x0 /opt/st/stm32cubeide_1.4.0/plugins/com.st.stm32cube.ide.mcu.externaltools.gnu-tools-for-stm32.7-2018-q2-update.linux64_1.4.0.202007081208/tools/bin/../lib/gcc/arm-none-eabi/7.3.1/thumb/v7e-m/fpv5/hard/crtbegin.o

.ARM.extab      0x00000000080089fc        0x0
                0x00000000080089fc                . = ALIGN (0x4)
 *(.ARM.extab* .gnu.linkonce.armextab.*)
                0x00000000080089fc                . = ALIGN (0x4)

.ARM            0x00000000080089fc        0x0
                0x00000000080089fc                . = ALIGN (0x4)
                0x00000000080089fc                __exidx_start = .
 *(.ARM.exidx*)
                0x00000000080089fc                __exidx_end = .
                0x00000000080089fc                . = ALIGN (0x4)

.preinit_array  0x00000000080089fc        0x0
                0x00000000080089fc                . = ALIGN (0x4)
                0x00000000080089fc                PROVIDE (__preinit_array_start = .)
 *(.preinit_array*)
                0x00000000080089fc                PROVIDE (__preinit_array_end = .)
                0x00000000080089fc                . = ALIGN (0x4)

.init_array     0x00000000080089fc        0x4
                0x00000000080089fc                . = ALIGN (0x4)
                0x00000000080089fc                PROVIDE (__init_array_start = .)
 *(SORT_BY_NAME(.init_array.*))
 *(.init_array*)
 .init_array    0x00000000080089fc        0x4 /opt/st/stm32cubeide_1.4.0/plugins/com.st.stm32cube.ide.mcu.externaltools.gnu-tools-for-stm32.7-2018-q2-update.linux64_1.4.0.202007081208/tools/bin/../lib/gcc/arm-none-eabi/7.3.1/thumb/v7e-m/fpv5/hard/crtbegin.o
                0x0000000008008a00                PROVIDE (__init_array_end = .)
                0x0000000008008a00                . = ALIGN (0x4)

.fini_array     0x0000000008008a00        0x4
                0x0000000008008a00                . = ALIGN (0x4)
                [!provide]                        PROVIDE (__fini_array_start = .)
 *(SORT_BY_NAME(.fini_array.*))
 *(.fini_array*)
 .fini_array    0x0000000008008a00        0x4 /opt/st/stm32cubeide_1.4.0/plugins/com.st.stm32cube.ide.mcu.externaltools.gnu-tools-for-stm32.7-2018-q2-update.linux64_1.4.0.202007081208/tools/bin/../lib/gcc/arm-none-eabi/7.3.1/thumb/v7e-m/fpv5/hard/crtbegin.o
                [!provide]                        PROVIDE (__fini_array_end = .)
                0x0000000008008a04                . = ALIGN (0x4)
                0x0000000008008a04                _sidata = LOADADDR (.data)

.data           0x0000000024000000       0x10 load address 0x0000000008008a04
                0x0000000024000000                . = ALIGN (0x4)
                0x0000000024000000                _sdata = .
 *(.data)
 *(.data*)
 .data.SystemCoreClock
                0x0000000024000000        0x4 Core/Src/system_stm32h7xx.o
                0x0000000024000000                SystemCoreClock
 .data.SystemD2Clock
                0x0000000024000004        0x4 Core/Src/system_stm32h7xx.o
                0x0000000024000004                SystemD2Clock
 .data.uwTickPrio
                0x0000000024000008        0x4 Drivers/STM32H7xx_HAL_Driver/Src/stm32h7xx_hal.o
                0x0000000024000008                uwTickPrio
 .data.uwTickFreq
                0x000000002400000c        0x1 Drivers/STM32H7xx_HAL_Driver/Src/stm32h7xx_hal.o
                0x000000002400000c                uwTickFreq
 .data.Stat     0x000000002400000d        0x1 FATFS/Target/sd_diskio.o
                0x0000000024000010                . = ALIGN (0x4)
 *fill*         0x000000002400000e        0x2 
                0x0000000024000010                _edata = .

.igot.plt       0x0000000024000010        0x0 load address 0x0000000008008a14
 .igot.plt      0x0000000024000010        0x0 /opt/st/stm32cubeide_1.4.0/plugins/com.st.stm32cube.ide.mcu.externaltools.gnu-tools-for-stm32.7-2018-q2-update.linux64_1.4.0.202007081208/tools/bin/../lib/gcc/arm-none-eabi/7.3.1/thumb/v7e-m/fpv5/hard/crtbegin.o
                0x0000000024000010                . = ALIGN (0x4)

.bss            0x0000000024000010     0x41a8 load address 0x0000000008008a14
                0x0000000024000010                _sbss = .
                0x0000000024000010                __bss_start__ = _sbss
 *(.bss)
 .bss           0x0000000024000010       0x1c /opt/st/stm32cubeide_1.4.0/plugins/com.st.stm32cube.ide.mcu.externaltools.gnu-tools-for-stm32.7-2018-q2-update.linux64_1.4.0.202007081208/tools/bin/../lib/gcc/arm-none-eabi/7.3.1/thumb/v7e-m/fpv5/hard/crtbegin.o
 *(.bss*)
 .bss.FatFs     0x000000002400002c        0x4 Middlewares/Third_Party/FatFs/src/ff.o
 .bss.Fsid      0x0000000024000030        0x2 Middlewares/Third_Party/FatFs/src/ff.o
 *fill*         0x0000000024000032        0x2 
 .bss.Files     0x0000000024000034       0x20 Middlewares/Third_Party/FatFs/src/ff.o
 .bss.disk      0x0000000024000054        0xc Middlewares/Third_Party/FatFs/src/ff_gen_drv.o
                0x0000000024000054                disk
 *(COMMON)
 COMMON         0x0000000024000060     0x20e8 Core/Src/main.o
                0x0000000024000060                myFILE
                0x0000000024001090                hsd1
                0x0000000024001110                myFATAFS
                0x0000000024002144                testByte
 COMMON         0x0000000024002148        0x4 Drivers/STM32H7xx_HAL_Driver/Src/stm32h7xx_hal.o
                0x0000000024002148                uwTick
 COMMON         0x000000002400214c     0x206c FATFS/App/fatfs.o
                0x000000002400214c                retSD
                0x0000000024002150                SDPath
                0x0000000024002154                SDFile
                0x0000000024003184                SDFatFS
                0x00000000240041b8                . = ALIGN (0x4)
                0x00000000240041b8                _ebss = .
                0x00000000240041b8                __bss_end__ = _ebss

._user_heap_stack
                0x00000000240041b8      0x600 load address 0x0000000008008a14
                0x00000000240041b8                . = ALIGN (0x8)
                [!provide]                        PROVIDE (end = .)
                0x00000000240041b8                PROVIDE (_end = .)
                0x00000000240043b8                . = (. + _Min_Heap_Size)
 *fill*         0x00000000240041b8      0x200 
                0x00000000240047b8                . = (. + _Min_Stack_Size)
 *fill*         0x00000000240043b8      0x400 
                0x00000000240047b8                . = ALIGN (0x8)

/DISCARD/
 libc.a(*)
 libm.a(*)
 libgcc.a(*)

.ARM.attributes
                0x0000000000000000       0x2e
 *(.ARM.attributes)
 .ARM.attributes
                0x0000000000000000       0x20 /opt/st/stm32cubeide_1.4.0/plugins/com.st.stm32cube.ide.mcu.externaltools.gnu-tools-for-stm32.7-2018-q2-update.linux64_1.4.0.202007081208/tools/bin/../lib/gcc/arm-none-eabi/7.3.1/thumb/v7e-m/fpv5/hard/crti.o
 .ARM.attributes
                0x0000000000000020       0x32 /opt/st/stm32cubeide_1.4.0/plugins/com.st.stm32cube.ide.mcu.externaltools.gnu-tools-for-stm32.7-2018-q2-update.linux64_1.4.0.202007081208/tools/bin/../lib/gcc/arm-none-eabi/7.3.1/thumb/v7e-m/fpv5/hard/crtbegin.o
 .ARM.attributes
                0x0000000000000052       0x37 Core/Src/main.o
 .ARM.attributes
                0x0000000000000089       0x37 Core/Src/stm32h7xx_hal_msp.o
 .ARM.attributes
                0x00000000000000c0       0x37 Core/Src/stm32h7xx_it.o
 .ARM.attributes
                0x00000000000000f7       0x37 Core/Src/system_stm32h7xx.o
 .ARM.attributes
                0x000000000000012e       0x21 Core/Startup/startup_stm32h743zitx.o
 .ARM.attributes
                0x000000000000014f       0x37 Drivers/STM32H7xx_HAL_Driver/Src/stm32h7xx_hal.o
 .ARM.attributes
                0x0000000000000186       0x37 Drivers/STM32H7xx_HAL_Driver/Src/stm32h7xx_hal_cortex.o
 .ARM.attributes
                0x00000000000001bd       0x37 Drivers/STM32H7xx_HAL_Driver/Src/stm32h7xx_hal_gpio.o
 .ARM.attributes
                0x00000000000001f4       0x37 Drivers/STM32H7xx_HAL_Driver/Src/stm32h7xx_hal_pwr_ex.o
 .ARM.attributes
                0x000000000000022b       0x37 Drivers/STM32H7xx_HAL_Driver/Src/stm32h7xx_hal_rcc.o
 .ARM.attributes
                0x0000000000000262       0x37 Drivers/STM32H7xx_HAL_Driver/Src/stm32h7xx_hal_rcc_ex.o
 .ARM.attributes
                0x0000000000000299       0x37 Drivers/STM32H7xx_HAL_Driver/Src/stm32h7xx_hal_sd.o
 .ARM.attributes
                0x00000000000002d0       0x37 Drivers/STM32H7xx_HAL_Driver/Src/stm32h7xx_ll_sdmmc.o
 .ARM.attributes
                0x0000000000000307       0x37 FATFS/App/fatfs.o
 .ARM.attributes
                0x000000000000033e       0x37 FATFS/Target/bsp_driver_sd.o
 .ARM.attributes
                0x0000000000000375       0x37 FATFS/Target/sd_diskio.o
 .ARM.attributes
                0x00000000000003ac       0x37 Middlewares/Third_Party/FatFs/src/diskio.o
 .ARM.attributes
                0x00000000000003e3       0x37 Middlewares/Third_Party/FatFs/src/ff.o
 .ARM.attributes
                0x000000000000041a       0x37 Middlewares/Third_Party/FatFs/src/ff_gen_drv.o
 .ARM.attributes
                0x0000000000000451       0x32 /opt/st/stm32cubeide_1.4.0/plugins/com.st.stm32cube.ide.mcu.externaltools.gnu-tools-for-stm32.7-2018-q2-update.linux64_1.4.0.202007081208/tools/bin/../lib/gcc/arm-none-eabi/7.3.1/../../../../arm-none-eabi/lib/thumb/v7e-m/fpv5/hard/libc_nano.a(lib_a-init.o)
 .ARM.attributes
                0x0000000000000483       0x32 /opt/st/stm32cubeide_1.4.0/plugins/com.st.stm32cube.ide.mcu.externaltools.gnu-tools-for-stm32.7-2018-q2-update.linux64_1.4.0.202007081208/tools/bin/../lib/gcc/arm-none-eabi/7.3.1/../../../../arm-none-eabi/lib/thumb/v7e-m/fpv5/hard/libc_nano.a(lib_a-memset.o)
 .ARM.attributes
                0x00000000000004b5       0x20 /opt/st/stm32cubeide_1.4.0/plugins/com.st.stm32cube.ide.mcu.externaltools.gnu-tools-for-stm32.7-2018-q2-update.linux64_1.4.0.202007081208/tools/bin/../lib/gcc/arm-none-eabi/7.3.1/thumb/v7e-m/fpv5/hard/crtn.o
OUTPUT(SDMMC_Test.elf elf32-littlearm)

.debug_info     0x0000000000000000    0x1a124
 .debug_info    0x0000000000000000     0x1fa2 Core/Src/main.o
 .debug_info    0x0000000000001fa2     0x138a Core/Src/stm32h7xx_hal_msp.o
 .debug_info    0x000000000000332c      0xb36 Core/Src/stm32h7xx_it.o
 .debug_info    0x0000000000003e62     0x15e1 Core/Src/system_stm32h7xx.o
 .debug_info    0x0000000000005443       0x22 Core/Startup/startup_stm32h743zitx.o
 .debug_info    0x0000000000005465     0x1e00 Drivers/STM32H7xx_HAL_Driver/Src/stm32h7xx_hal.o
 .debug_info    0x0000000000007265     0x1a74 Drivers/STM32H7xx_HAL_Driver/Src/stm32h7xx_hal_cortex.o
 .debug_info    0x0000000000008cd9     0x1640 Drivers/STM32H7xx_HAL_Driver/Src/stm32h7xx_hal_gpio.o
 .debug_info    0x000000000000a319     0x1915 Drivers/STM32H7xx_HAL_Driver/Src/stm32h7xx_hal_pwr_ex.o
 .debug_info    0x000000000000bc2e     0x17a1 Drivers/STM32H7xx_HAL_Driver/Src/stm32h7xx_hal_rcc.o
 .debug_info    0x000000000000d3cf     0x1afb Drivers/STM32H7xx_HAL_Driver/Src/stm32h7xx_hal_rcc_ex.o
 .debug_info    0x000000000000eeca     0x21bb Drivers/STM32H7xx_HAL_Driver/Src/stm32h7xx_hal_sd.o
 .debug_info    0x0000000000011085     0x1b58 Drivers/STM32H7xx_HAL_Driver/Src/stm32h7xx_ll_sdmmc.o
 .debug_info    0x0000000000012bdd      0xeac FATFS/App/fatfs.o
 .debug_info    0x0000000000013a89     0x1160 FATFS/Target/bsp_driver_sd.o
 .debug_info    0x0000000000014be9      0xe3a FATFS/Target/sd_diskio.o
 .debug_info    0x0000000000015a23      0xdf6 Middlewares/Third_Party/FatFs/src/diskio.o
 .debug_info    0x0000000000016819     0x2b7d Middlewares/Third_Party/FatFs/src/ff.o
 .debug_info    0x0000000000019396      0xd8e Middlewares/Third_Party/FatFs/src/ff_gen_drv.o

.debug_abbrev   0x0000000000000000     0x2dfc
 .debug_abbrev  0x0000000000000000      0x2ab Core/Src/main.o
 .debug_abbrev  0x00000000000002ab      0x226 Core/Src/stm32h7xx_hal_msp.o
 .debug_abbrev  0x00000000000004d1      0x1c9 Core/Src/stm32h7xx_it.o
 .debug_abbrev  0x000000000000069a      0x22e Core/Src/system_stm32h7xx.o
 .debug_abbrev  0x00000000000008c8       0x12 Core/Startup/startup_stm32h743zitx.o
 .debug_abbrev  0x00000000000008da      0x2d9 Drivers/STM32H7xx_HAL_Driver/Src/stm32h7xx_hal.o
 .debug_abbrev  0x0000000000000bb3      0x3b5 Drivers/STM32H7xx_HAL_Driver/Src/stm32h7xx_hal_cortex.o
 .debug_abbrev  0x0000000000000f68      0x28f Drivers/STM32H7xx_HAL_Driver/Src/stm32h7xx_hal_gpio.o
 .debug_abbrev  0x00000000000011f7      0x311 Drivers/STM32H7xx_HAL_Driver/Src/stm32h7xx_hal_pwr_ex.o
 .debug_abbrev  0x0000000000001508      0x2e2 Drivers/STM32H7xx_HAL_Driver/Src/stm32h7xx_hal_rcc.o
 .debug_abbrev  0x00000000000017ea      0x2db Drivers/STM32H7xx_HAL_Driver/Src/stm32h7xx_hal_rcc_ex.o
 .debug_abbrev  0x0000000000001ac5      0x2bf Drivers/STM32H7xx_HAL_Driver/Src/stm32h7xx_hal_sd.o
 .debug_abbrev  0x0000000000001d84      0x286 Drivers/STM32H7xx_HAL_Driver/Src/stm32h7xx_ll_sdmmc.o
 .debug_abbrev  0x000000000000200a      0x1fb FATFS/App/fatfs.o
 .debug_abbrev  0x0000000000002205      0x2a9 FATFS/Target/bsp_driver_sd.o
 .debug_abbrev  0x00000000000024ae      0x216 FATFS/Target/sd_diskio.o
 .debug_abbrev  0x00000000000026c4      0x225 Middlewares/Third_Party/FatFs/src/diskio.o
 .debug_abbrev  0x00000000000028e9      0x2c1 Middlewares/Third_Party/FatFs/src/ff.o
 .debug_abbrev  0x0000000000002baa      0x252 Middlewares/Third_Party/FatFs/src/ff_gen_drv.o

.debug_aranges  0x0000000000000000      0xdd8
 .debug_aranges
                0x0000000000000000       0x40 Core/Src/main.o
 .debug_aranges
                0x0000000000000040       0x30 Core/Src/stm32h7xx_hal_msp.o
 .debug_aranges
                0x0000000000000070       0x60 Core/Src/stm32h7xx_it.o
 .debug_aranges
                0x00000000000000d0       0x28 Core/Src/system_stm32h7xx.o
 .debug_aranges
                0x00000000000000f8       0x28 Core/Startup/startup_stm32h743zitx.o
 .debug_aranges
                0x0000000000000120      0x1b8 Drivers/STM32H7xx_HAL_Driver/Src/stm32h7xx_hal.o
 .debug_aranges
                0x00000000000002d8      0x120 Drivers/STM32H7xx_HAL_Driver/Src/stm32h7xx_hal_cortex.o
 .debug_aranges
                0x00000000000003f8       0x58 Drivers/STM32H7xx_HAL_Driver/Src/stm32h7xx_hal_gpio.o
 .debug_aranges
                0x0000000000000450      0x158 Drivers/STM32H7xx_HAL_Driver/Src/stm32h7xx_hal_pwr_ex.o
 .debug_aranges
                0x00000000000005a8       0x88 Drivers/STM32H7xx_HAL_Driver/Src/stm32h7xx_hal_rcc.o
 .debug_aranges
                0x0000000000000630       0xf8 Drivers/STM32H7xx_HAL_Driver/Src/stm32h7xx_hal_rcc_ex.o
 .debug_aranges
                0x0000000000000728      0x188 Drivers/STM32H7xx_HAL_Driver/Src/stm32h7xx_hal_sd.o
 .debug_aranges
                0x00000000000008b0      0x190 Drivers/STM32H7xx_HAL_Driver/Src/stm32h7xx_ll_sdmmc.o
 .debug_aranges
                0x0000000000000a40       0x28 FATFS/App/fatfs.o
 .debug_aranges
                0x0000000000000a68       0x98 FATFS/Target/bsp_driver_sd.o
 .debug_aranges
                0x0000000000000b00       0x48 FATFS/Target/sd_diskio.o
 .debug_aranges
                0x0000000000000b48       0x48 Middlewares/Third_Party/FatFs/src/diskio.o
 .debug_aranges
                0x0000000000000b90      0x208 Middlewares/Third_Party/FatFs/src/ff.o
 .debug_aranges
                0x0000000000000d98       0x40 Middlewares/Third_Party/FatFs/src/ff_gen_drv.o

.debug_ranges   0x0000000000000000      0xcb0
 .debug_ranges  0x0000000000000000       0x30 Core/Src/main.o
 .debug_ranges  0x0000000000000030       0x20 Core/Src/stm32h7xx_hal_msp.o
 .debug_ranges  0x0000000000000050       0x50 Core/Src/stm32h7xx_it.o
 .debug_ranges  0x00000000000000a0       0x18 Core/Src/system_stm32h7xx.o
 .debug_ranges  0x00000000000000b8       0x20 Core/Startup/startup_stm32h743zitx.o
 .debug_ranges  0x00000000000000d8      0x1a8 Drivers/STM32H7xx_HAL_Driver/Src/stm32h7xx_hal.o
 .debug_ranges  0x0000000000000280      0x110 Drivers/STM32H7xx_HAL_Driver/Src/stm32h7xx_hal_cortex.o
 .debug_ranges  0x0000000000000390       0x48 Drivers/STM32H7xx_HAL_Driver/Src/stm32h7xx_hal_gpio.o
 .debug_ranges  0x00000000000003d8      0x148 Drivers/STM32H7xx_HAL_Driver/Src/stm32h7xx_hal_pwr_ex.o
 .debug_ranges  0x0000000000000520       0x78 Drivers/STM32H7xx_HAL_Driver/Src/stm32h7xx_hal_rcc.o
 .debug_ranges  0x0000000000000598       0xe8 Drivers/STM32H7xx_HAL_Driver/Src/stm32h7xx_hal_rcc_ex.o
 .debug_ranges  0x0000000000000680      0x178 Drivers/STM32H7xx_HAL_Driver/Src/stm32h7xx_hal_sd.o
 .debug_ranges  0x00000000000007f8      0x180 Drivers/STM32H7xx_HAL_Driver/Src/stm32h7xx_ll_sdmmc.o
 .debug_ranges  0x0000000000000978       0x18 FATFS/App/fatfs.o
 .debug_ranges  0x0000000000000990       0x88 FATFS/Target/bsp_driver_sd.o
 .debug_ranges  0x0000000000000a18       0x38 FATFS/Target/sd_diskio.o
 .debug_ranges  0x0000000000000a50       0x38 Middlewares/Third_Party/FatFs/src/diskio.o
 .debug_ranges  0x0000000000000a88      0x1f8 Middlewares/Third_Party/FatFs/src/ff.o
 .debug_ranges  0x0000000000000c80       0x30 Middlewares/Third_Party/FatFs/src/ff_gen_drv.o

.debug_macro    0x0000000000000000    0x36a7e
 .debug_macro   0x0000000000000000      0x33f Core/Src/main.o
 .debug_macro   0x000000000000033f      0xa66 Core/Src/main.o
 .debug_macro   0x0000000000000da5      0x232 Core/Src/main.o
 .debug_macro   0x0000000000000fd7       0x2e Core/Src/main.o
 .debug_macro   0x0000000000001005       0x3b Core/Src/main.o
 .debug_macro   0x0000000000001040       0x22 Core/Src/main.o
 .debug_macro   0x0000000000001062       0x8e Core/Src/main.o
 .debug_macro   0x00000000000010f0       0x51 Core/Src/main.o
 .debug_macro   0x0000000000001141       0xef Core/Src/main.o
 .debug_macro   0x0000000000001230       0x6a Core/Src/main.o
 .debug_macro   0x000000000000129a      0x1df Core/Src/main.o
 .debug_macro   0x0000000000001479       0x1c Core/Src/main.o
 .debug_macro   0x0000000000001495       0x22 Core/Src/main.o
 .debug_macro   0x00000000000014b7       0xdf Core/Src/main.o
 .debug_macro   0x0000000000001596     0x12cd Core/Src/main.o
 .debug_macro   0x0000000000002863      0x11f Core/Src/main.o
 .debug_macro   0x0000000000002982       0x19 Core/Src/main.o
 .debug_macro   0x000000000000299b    0x2538b Core/Src/main.o
 .debug_macro   0x0000000000027d26       0x43 Core/Src/main.o
 .debug_macro   0x0000000000027d69     0x3cd3 Core/Src/main.o
 .debug_macro   0x000000000002ba3c      0x174 Core/Src/main.o
 .debug_macro   0x000000000002bbb0       0x46 Core/Src/main.o
 .debug_macro   0x000000000002bbf6       0x17 Core/Src/main.o
 .debug_macro   0x000000000002bc0d       0x3c Core/Src/main.o
 .debug_macro   0x000000000002bc49       0x34 Core/Src/main.o
 .debug_macro   0x000000000002bc7d       0x52 Core/Src/main.o
 .debug_macro   0x000000000002bccf       0x1f Core/Src/main.o
 .debug_macro   0x000000000002bcee       0x43 Core/Src/main.o
 .debug_macro   0x000000000002bd31       0x20 Core/Src/main.o
 .debug_macro   0x000000000002bd51      0x1a3 Core/Src/main.o
 .debug_macro   0x000000000002bef4      0x32a Core/Src/main.o
 .debug_macro   0x000000000002c21e      0x1e1 Core/Src/main.o
 .debug_macro   0x000000000002c3ff       0x54 Core/Src/main.o
 .debug_macro   0x000000000002c453     0x2382 Core/Src/main.o
 .debug_macro   0x000000000002e7d5     0x1009 Core/Src/main.o
 .debug_macro   0x000000000002f7de      0x138 Core/Src/main.o
 .debug_macro   0x000000000002f916      0x117 Core/Src/main.o
 .debug_macro   0x000000000002fa2d      0x3b2 Core/Src/main.o
 .debug_macro   0x000000000002fddf       0x27 Core/Src/main.o
 .debug_macro   0x000000000002fe06      0x72d Core/Src/main.o
 .debug_macro   0x0000000000030533      0x229 Core/Src/main.o
 .debug_macro   0x000000000003075c       0x66 Core/Src/main.o
 .debug_macro   0x00000000000307c2      0x3bb Core/Src/main.o
 .debug_macro   0x0000000000030b7d      0x3e5 Core/Src/main.o
 .debug_macro   0x0000000000030f62      0x275 Core/Src/main.o
 .debug_macro   0x00000000000311d7      0x3cb Core/Src/main.o
 .debug_macro   0x00000000000315a2      0x41d Core/Src/main.o
 .debug_macro   0x00000000000319bf       0x51 Core/Src/main.o
 .debug_macro   0x0000000000031a10       0x4a Core/Src/main.o
 .debug_macro   0x0000000000031a5a      0x22c Core/Src/main.o
 .debug_macro   0x0000000000031c86       0x64 Core/Src/main.o
 .debug_macro   0x0000000000031cea       0xa5 Core/Src/main.o
 .debug_macro   0x0000000000031d8f      0x1c5 Core/Src/main.o
 .debug_macro   0x0000000000031f54      0x25f Core/Src/main.o
 .debug_macro   0x00000000000321b3       0x35 Core/Src/main.o
 .debug_macro   0x00000000000321e8      0x814 Core/Src/main.o
 .debug_macro   0x00000000000329fc       0x16 Core/Src/main.o
 .debug_macro   0x0000000000032a12      0x1ce Core/Src/main.o
 .debug_macro   0x0000000000032be0      0x5a0 Core/Src/main.o
 .debug_macro   0x0000000000033180       0x46 Core/Src/main.o
 .debug_macro   0x00000000000331c6       0xe5 Core/Src/main.o
 .debug_macro   0x00000000000332ab       0x16 Core/Src/main.o
 .debug_macro   0x00000000000332c1       0x35 Core/Src/main.o
 .debug_macro   0x00000000000332f6       0x16 Core/Src/main.o
 .debug_macro   0x000000000003330c       0x29 Core/Src/main.o
 .debug_macro   0x0000000000033335       0x12 Core/Src/main.o
 .debug_macro   0x0000000000033347       0xe2 Core/Src/main.o
 .debug_macro   0x0000000000033429       0x8e Core/Src/main.o
 .debug_macro   0x00000000000334b7      0x2a9 Core/Src/stm32h7xx_hal_msp.o
 .debug_macro   0x0000000000033760      0x2b3 Core/Src/stm32h7xx_it.o
 .debug_macro   0x0000000000033a13      0x2a5 Core/Src/system_stm32h7xx.o
 .debug_macro   0x0000000000033cb8      0x2c9 Drivers/STM32H7xx_HAL_Driver/Src/stm32h7xx_hal.o
 .debug_macro   0x0000000000033f81      0x29f Drivers/STM32H7xx_HAL_Driver/Src/stm32h7xx_hal_cortex.o
 .debug_macro   0x0000000000034220      0x2db Drivers/STM32H7xx_HAL_Driver/Src/stm32h7xx_hal_gpio.o
 .debug_macro   0x00000000000344fb      0x2d8 Drivers/STM32H7xx_HAL_Driver/Src/stm32h7xx_hal_pwr_ex.o
 .debug_macro   0x00000000000347d3      0x2c3 Drivers/STM32H7xx_HAL_Driver/Src/stm32h7xx_hal_rcc.o
 .debug_macro   0x0000000000034a96      0x2bd Drivers/STM32H7xx_HAL_Driver/Src/stm32h7xx_hal_rcc_ex.o
 .debug_macro   0x0000000000034d53      0x2a7 Drivers/STM32H7xx_HAL_Driver/Src/stm32h7xx_hal_sd.o
 .debug_macro   0x0000000000034ffa      0x2a0 Drivers/STM32H7xx_HAL_Driver/Src/stm32h7xx_ll_sdmmc.o
 .debug_macro   0x000000000003529a      0x33f FATFS/App/fatfs.o
 .debug_macro   0x00000000000355d9      0x2ae FATFS/Target/bsp_driver_sd.o
 .debug_macro   0x0000000000035887       0x40 FATFS/Target/bsp_driver_sd.o
 .debug_macro   0x00000000000358c7      0x342 FATFS/Target/sd_diskio.o
 .debug_macro   0x0000000000035c09       0x16 FATFS/Target/sd_diskio.o
 .debug_macro   0x0000000000035c1f       0x7c FATFS/Target/sd_diskio.o
 .debug_macro   0x0000000000035c9b      0x32c Middlewares/Third_Party/FatFs/src/diskio.o
 .debug_macro   0x0000000000035fc7      0x733 Middlewares/Third_Party/FatFs/src/ff.o
 .debug_macro   0x00000000000366fa       0x58 Middlewares/Third_Party/FatFs/src/ff.o
 .debug_macro   0x0000000000036752      0x32c Middlewares/Third_Party/FatFs/src/ff_gen_drv.o

.debug_line     0x0000000000000000     0xd51b
 .debug_line    0x0000000000000000      0x981 Core/Src/main.o
 .debug_line    0x0000000000000981      0x855 Core/Src/stm32h7xx_hal_msp.o
 .debug_line    0x00000000000011d6      0x8bf Core/Src/stm32h7xx_it.o
 .debug_line    0x0000000000001a95      0x866 Core/Src/system_stm32h7xx.o
 .debug_line    0x00000000000022fb       0x87 Core/Startup/startup_stm32h743zitx.o
 .debug_line    0x0000000000002382      0xc18 Drivers/STM32H7xx_HAL_Driver/Src/stm32h7xx_hal.o
 .debug_line    0x0000000000002f9a      0xb57 Drivers/STM32H7xx_HAL_Driver/Src/stm32h7xx_hal_cortex.o
 .debug_line    0x0000000000003af1      0xa12 Drivers/STM32H7xx_HAL_Driver/Src/stm32h7xx_hal_gpio.o
 .debug_line    0x0000000000004503      0xbf4 Drivers/STM32H7xx_HAL_Driver/Src/stm32h7xx_hal_pwr_ex.o
 .debug_line    0x00000000000050f7      0xbfa Drivers/STM32H7xx_HAL_Driver/Src/stm32h7xx_hal_rcc.o
 .debug_line    0x0000000000005cf1      0xe58 Drivers/STM32H7xx_HAL_Driver/Src/stm32h7xx_hal_rcc_ex.o
 .debug_line    0x0000000000006b49     0x1283 Drivers/STM32H7xx_HAL_Driver/Src/stm32h7xx_hal_sd.o
 .debug_line    0x0000000000007dcc      0xd0b Drivers/STM32H7xx_HAL_Driver/Src/stm32h7xx_ll_sdmmc.o
 .debug_line    0x0000000000008ad7      0x8e2 FATFS/App/fatfs.o
 .debug_line    0x00000000000093b9      0x944 FATFS/Target/bsp_driver_sd.o
 .debug_line    0x0000000000009cfd      0x951 FATFS/Target/sd_diskio.o
 .debug_line    0x000000000000a64e      0x90c Middlewares/Third_Party/FatFs/src/diskio.o
 .debug_line    0x000000000000af5a     0x1cb5 Middlewares/Third_Party/FatFs/src/ff.o
 .debug_line    0x000000000000cc0f      0x90c Middlewares/Third_Party/FatFs/src/ff_gen_drv.o

.debug_str      0x0000000000000000   0x1538d9
 .debug_str     0x0000000000000000   0x14f02e Core/Src/main.o
                                     0x14f660 (size before relaxing)
 .debug_str     0x000000000014f02e       0x4c Core/Src/stm32h7xx_hal_msp.o
                                     0x14e53d (size before relaxing)
 .debug_str     0x000000000014f07a       0xbd Core/Src/stm32h7xx_it.o
                                     0x14e079 (size before relaxing)
 .debug_str     0x000000000014f137      0x332 Core/Src/system_stm32h7xx.o
                                     0x14e521 (size before relaxing)
 .debug_str     0x000000000014f469       0x36 Core/Startup/startup_stm32h743zitx.o
                                         0x6f (size before relaxing)
 .debug_str     0x000000000014f49f      0xf80 Drivers/STM32H7xx_HAL_Driver/Src/stm32h7xx_hal.o
                                     0x14f3ae (size before relaxing)
 .debug_str     0x000000000015041f      0x3b4 Drivers/STM32H7xx_HAL_Driver/Src/stm32h7xx_hal_cortex.o
                                     0x14ee39 (size before relaxing)
 .debug_str     0x00000000001507d3      0x204 Drivers/STM32H7xx_HAL_Driver/Src/stm32h7xx_hal_gpio.o
                                     0x14e5d1 (size before relaxing)
 .debug_str     0x00000000001509d7      0x638 Drivers/STM32H7xx_HAL_Driver/Src/stm32h7xx_hal_pwr_ex.o
                                     0x14e985 (size before relaxing)
 .debug_str     0x000000000015100f      0x26c Drivers/STM32H7xx_HAL_Driver/Src/stm32h7xx_hal_rcc.o
                                     0x14e860 (size before relaxing)
 .debug_str     0x000000000015127b      0x66f Drivers/STM32H7xx_HAL_Driver/Src/stm32h7xx_hal_rcc_ex.o
                                     0x14ed12 (size before relaxing)
 .debug_str     0x00000000001518ea      0x7b2 Drivers/STM32H7xx_HAL_Driver/Src/stm32h7xx_hal_sd.o
                                     0x14ec01 (size before relaxing)
 .debug_str     0x000000000015209c      0x49d Drivers/STM32H7xx_HAL_Driver/Src/stm32h7xx_ll_sdmmc.o
                                     0x14e671 (size before relaxing)
 .debug_str     0x0000000000152539       0x2f FATFS/App/fatfs.o
                                     0x14ea21 (size before relaxing)
 .debug_str     0x0000000000152568      0x154 FATFS/Target/bsp_driver_sd.o
                                     0x14e599 (size before relaxing)
 .debug_str     0x00000000001526bc       0xa0 FATFS/Target/sd_diskio.o
                                     0x14ea12 (size before relaxing)
 .debug_str     0x000000000015275c       0x57 Middlewares/Third_Party/FatFs/src/diskio.o
                                     0x14e947 (size before relaxing)
 .debug_str     0x00000000001527b3     0x1084 Middlewares/Third_Party/FatFs/src/ff.o
                                     0x14fb70 (size before relaxing)
 .debug_str     0x0000000000153837       0xa2 Middlewares/Third_Party/FatFs/src/ff_gen_drv.o
                                     0x14e998 (size before relaxing)

.comment        0x0000000000000000       0x7b
 .comment       0x0000000000000000       0x7b Core/Src/main.o
                                         0x7c (size before relaxing)
 .comment       0x000000000000007b       0x7c Core/Src/stm32h7xx_hal_msp.o
 .comment       0x000000000000007b       0x7c Core/Src/stm32h7xx_it.o
 .comment       0x000000000000007b       0x7c Core/Src/system_stm32h7xx.o
 .comment       0x000000000000007b       0x7c Drivers/STM32H7xx_HAL_Driver/Src/stm32h7xx_hal.o
 .comment       0x000000000000007b       0x7c Drivers/STM32H7xx_HAL_Driver/Src/stm32h7xx_hal_cortex.o
 .comment       0x000000000000007b       0x7c Drivers/STM32H7xx_HAL_Driver/Src/stm32h7xx_hal_gpio.o
 .comment       0x000000000000007b       0x7c Drivers/STM32H7xx_HAL_Driver/Src/stm32h7xx_hal_pwr_ex.o
 .comment       0x000000000000007b       0x7c Drivers/STM32H7xx_HAL_Driver/Src/stm32h7xx_hal_rcc.o
 .comment       0x000000000000007b       0x7c Drivers/STM32H7xx_HAL_Driver/Src/stm32h7xx_hal_rcc_ex.o
 .comment       0x000000000000007b       0x7c Drivers/STM32H7xx_HAL_Driver/Src/stm32h7xx_hal_sd.o
 .comment       0x000000000000007b       0x7c Drivers/STM32H7xx_HAL_Driver/Src/stm32h7xx_ll_sdmmc.o
 .comment       0x000000000000007b       0x7c FATFS/App/fatfs.o
 .comment       0x000000000000007b       0x7c FATFS/Target/bsp_driver_sd.o
 .comment       0x000000000000007b       0x7c FATFS/Target/sd_diskio.o
 .comment       0x000000000000007b       0x7c Middlewares/Third_Party/FatFs/src/diskio.o
 .comment       0x000000000000007b       0x7c Middlewares/Third_Party/FatFs/src/ff.o
 .comment       0x000000000000007b       0x7c Middlewares/Third_Party/FatFs/src/ff_gen_drv.o

.debug_frame    0x0000000000000000     0x37d0
 .debug_frame   0x0000000000000000       0xbc Core/Src/main.o
 .debug_frame   0x00000000000000bc       0x80 Core/Src/stm32h7xx_hal_msp.o
 .debug_frame   0x000000000000013c      0x10c Core/Src/stm32h7xx_it.o
 .debug_frame   0x0000000000000248       0x58 Core/Src/system_stm32h7xx.o
 .debug_frame   0x00000000000002a0      0x710 Drivers/STM32H7xx_HAL_Driver/Src/stm32h7xx_hal.o
 .debug_frame   0x00000000000009b0      0x4b8 Drivers/STM32H7xx_HAL_Driver/Src/stm32h7xx_hal_cortex.o
 .debug_frame   0x0000000000000e68      0x14c Drivers/STM32H7xx_HAL_Driver/Src/stm32h7xx_hal_gpio.o
 .debug_frame   0x0000000000000fb4      0x580 Drivers/STM32H7xx_HAL_Driver/Src/stm32h7xx_hal_pwr_ex.o
 .debug_frame   0x0000000000001534      0x1f8 Drivers/STM32H7xx_HAL_Driver/Src/stm32h7xx_hal_rcc.o
 .debug_frame   0x000000000000172c      0x3f4 Drivers/STM32H7xx_HAL_Driver/Src/stm32h7xx_hal_rcc_ex.o
 .debug_frame   0x0000000000001b20      0x6fc Drivers/STM32H7xx_HAL_Driver/Src/stm32h7xx_hal_sd.o
 .debug_frame   0x000000000000221c      0x6f8 Drivers/STM32H7xx_HAL_Driver/Src/stm32h7xx_ll_sdmmc.o
 .debug_frame   0x0000000000002914       0x4c FATFS/App/fatfs.o
 .debug_frame   0x0000000000002960      0x23c FATFS/Target/bsp_driver_sd.o
 .debug_frame   0x0000000000002b9c       0xe8 FATFS/Target/sd_diskio.o
 .debug_frame   0x0000000000002c84       0xec Middlewares/Third_Party/FatFs/src/diskio.o
 .debug_frame   0x0000000000002d70      0x94c Middlewares/Third_Party/FatFs/src/ff.o
 .debug_frame   0x00000000000036bc       0xc8 Middlewares/Third_Party/FatFs/src/ff_gen_drv.o
 .debug_frame   0x0000000000003784       0x2c /opt/st/stm32cubeide_1.4.0/plugins/com.st.stm32cube.ide.mcu.externaltools.gnu-tools-for-stm32.7-2018-q2-update.linux64_1.4.0.202007081208/tools/bin/../lib/gcc/arm-none-eabi/7.3.1/../../../../arm-none-eabi/lib/thumb/v7e-m/fpv5/hard/libc_nano.a(lib_a-init.o)
 .debug_frame   0x00000000000037b0       0x20 /opt/st/stm32cubeide_1.4.0/plugins/com.st.stm32cube.ide.mcu.externaltools.gnu-tools-for-stm32.7-2018-q2-update.linux64_1.4.0.202007081208/tools/bin/../lib/gcc/arm-none-eabi/7.3.1/../../../../arm-none-eabi/lib/thumb/v7e-m/fpv5/hard/libc_nano.a(lib_a-memset.o)
